[2026-05-09T11:01:08.120+0000] {taskinstance.py:1956} INFO - Dependencies all met for dep_context=non-requeueable deps ti=<TaskInstance: mediapulse360_pipeline.load_gold manual__2026-05-09T10:45:06+00:00 [queued]>
[2026-05-09T11:01:08.142+0000] {taskinstance.py:1956} INFO - Dependencies all met for dep_context=requeueable deps ti=<TaskInstance: mediapulse360_pipeline.load_gold manual__2026-05-09T10:45:06+00:00 [queued]>
[2026-05-09T11:01:08.147+0000] {taskinstance.py:2170} INFO - Starting attempt 1 of 3
[2026-05-09T11:01:08.190+0000] {taskinstance.py:2191} INFO - Executing <Task(BashOperator): load_gold> on 2026-05-09 10:45:06+00:00
[2026-05-09T11:01:08.206+0000] {standard_task_runner.py:60} INFO - Started process 1245 to run task
[2026-05-09T11:01:08.215+0000] {standard_task_runner.py:87} INFO - Running: ['***', 'tasks', 'run', 'mediapulse360_pipeline', 'load_gold', 'manual__2026-05-09T10:45:06+00:00', '--job-id', '38', '--raw', '--subdir', 'DAGS_FOLDER/mediapulse360_pipeline.py', '--cfg-path', '/tmp/tmpw_xg0kos']
[2026-05-09T11:01:08.219+0000] {standard_task_runner.py:88} INFO - Job 38: Subtask load_gold
[2026-05-09T11:01:08.321+0000] {task_command.py:423} INFO - Running <TaskInstance: mediapulse360_pipeline.load_gold manual__2026-05-09T10:45:06+00:00 [running]> on host c8097e4ba7d4
[2026-05-09T11:01:08.451+0000] {taskinstance.py:2480} INFO - Exporting env vars: AIRFLOW_CTX_DAG_OWNER='data-eng' AIRFLOW_CTX_DAG_ID='mediapulse360_pipeline' AIRFLOW_CTX_TASK_ID='load_gold' AIRFLOW_CTX_EXECUTION_DATE='2026-05-09T10:45:06+00:00' AIRFLOW_CTX_TRY_NUMBER='1' AIRFLOW_CTX_DAG_RUN_ID='manual__2026-05-09T10:45:06+00:00'
[2026-05-09T11:01:08.453+0000] {subprocess.py:63} INFO - Tmp dir root location: /tmp
[2026-05-09T11:01:08.455+0000] {subprocess.py:75} INFO - Running command: ['/usr/bin/bash', '-c', 'python -m pip install --quiet --target /tmp/***_deps minio feedparser && export PYTHONPATH=/tmp/***_deps:$PYTHONPATH && cd /opt/project && python -c "from scripts.pipeline import load_gold; print(load_gold())"']
[2026-05-09T11:01:08.477+0000] {subprocess.py:86} INFO - Output:
[2026-05-09T11:01:18.203+0000] {subprocess.py:93} INFO - ERROR: pip's dependency resolver does not currently take into account all the packages that are installed. This behaviour is the source of the following dependency conflicts.
[2026-05-09T11:01:18.204+0000] {subprocess.py:93} INFO - botocore 1.33.13 requires urllib3<2.1,>=1.25.4; python_version >= "3.10", but you have urllib3 2.7.0 which is incompatible.
[2026-05-09T11:01:18.205+0000] {subprocess.py:93} INFO - snowflake-connector-python 3.6.0 requires cffi<2.0.0,>=1.9, but you have cffi 2.0.0 which is incompatible.
[2026-05-09T11:01:18.205+0000] {subprocess.py:93} INFO - WARNING: Target directory /tmp/***_deps/Crypto already exists. Specify --upgrade to force replacement.
[2026-05-09T11:01:18.205+0000] {subprocess.py:93} INFO - WARNING: Target directory /tmp/***_deps/urllib3 already exists. Specify --upgrade to force replacement.
[2026-05-09T11:01:18.206+0000] {subprocess.py:93} INFO - WARNING: Target directory /tmp/***_deps/typing_extensions-4.15.0.dist-info already exists. Specify --upgrade to force replacement.
[2026-05-09T11:01:18.206+0000] {subprocess.py:93} INFO - WARNING: Target directory /tmp/***_deps/pycryptodome-3.23.0.dist-info already exists. Specify --upgrade to force replacement.
[2026-05-09T11:01:18.206+0000] {subprocess.py:93} INFO - WARNING: Target directory /tmp/***_deps/sgmllib.py already exists. Specify --upgrade to force replacement.
[2026-05-09T11:01:18.207+0000] {subprocess.py:93} INFO - WARNING: Target directory /tmp/***_deps/certifi already exists. Specify --upgrade to force replacement.
[2026-05-09T11:01:18.207+0000] {subprocess.py:93} INFO - WARNING: Target directory /tmp/***_deps/argon2_cffi_bindings-25.1.0.dist-info already exists. Specify --upgrade to force replacement.
[2026-05-09T11:01:18.208+0000] {subprocess.py:93} INFO - WARNING: Target directory /tmp/***_deps/urllib3-2.7.0.dist-info already exists. Specify --upgrade to force replacement.
[2026-05-09T11:01:18.208+0000] {subprocess.py:93} INFO - WARNING: Target directory /tmp/***_deps/feedparser already exists. Specify --upgrade to force replacement.
[2026-05-09T11:01:18.209+0000] {subprocess.py:93} INFO - WARNING: Target directory /tmp/***_deps/pycparser-3.0.dist-info already exists. Specify --upgrade to force replacement.
[2026-05-09T11:01:18.209+0000] {subprocess.py:93} INFO - WARNING: Target directory /tmp/***_deps/typing_extensions.py already exists. Specify --upgrade to force replacement.
[2026-05-09T11:01:18.210+0000] {subprocess.py:93} INFO - WARNING: Target directory /tmp/***_deps/sgmllib3k-1.0.0.dist-info already exists. Specify --upgrade to force replacement.
[2026-05-09T11:01:18.210+0000] {subprocess.py:93} INFO - WARNING: Target directory /tmp/***_deps/argon2 already exists. Specify --upgrade to force replacement.
[2026-05-09T11:01:18.211+0000] {subprocess.py:93} INFO - WARNING: Target directory /tmp/***_deps/__pycache__ already exists. Specify --upgrade to force replacement.
[2026-05-09T11:01:18.211+0000] {subprocess.py:93} INFO - WARNING: Target directory /tmp/***_deps/_argon2_cffi_bindings already exists. Specify --upgrade to force replacement.
[2026-05-09T11:01:18.212+0000] {subprocess.py:93} INFO - WARNING: Target directory /tmp/***_deps/cffi-2.0.0.dist-info already exists. Specify --upgrade to force replacement.
[2026-05-09T11:01:18.212+0000] {subprocess.py:93} INFO - WARNING: Target directory /tmp/***_deps/_cffi_backend.cpython-311-x86_64-linux-gnu.so already exists. Specify --upgrade to force replacement.
[2026-05-09T11:01:18.212+0000] {subprocess.py:93} INFO - WARNING: Target directory /tmp/***_deps/certifi-2026.4.22.dist-info already exists. Specify --upgrade to force replacement.
[2026-05-09T11:01:18.213+0000] {subprocess.py:93} INFO - WARNING: Target directory /tmp/***_deps/pycparser already exists. Specify --upgrade to force replacement.
[2026-05-09T11:01:18.213+0000] {subprocess.py:93} INFO - WARNING: Target directory /tmp/***_deps/feedparser-6.0.12.dist-info already exists. Specify --upgrade to force replacement.
[2026-05-09T11:01:18.214+0000] {subprocess.py:93} INFO - WARNING: Target directory /tmp/***_deps/cffi already exists. Specify --upgrade to force replacement.
[2026-05-09T11:01:18.214+0000] {subprocess.py:93} INFO - WARNING: Target directory /tmp/***_deps/minio already exists. Specify --upgrade to force replacement.
[2026-05-09T11:01:18.214+0000] {subprocess.py:93} INFO - WARNING: Target directory /tmp/***_deps/argon2_cffi-25.1.0.dist-info already exists. Specify --upgrade to force replacement.
[2026-05-09T11:01:18.215+0000] {subprocess.py:93} INFO - WARNING: Target directory /tmp/***_deps/minio-7.2.20.dist-info already exists. Specify --upgrade to force replacement.
[2026-05-09T11:01:18.353+0000] {subprocess.py:93} INFO - 
[2026-05-09T11:01:18.354+0000] {subprocess.py:93} INFO - [notice] A new release of pip is available: 23.3.2 -> 26.1.1
[2026-05-09T11:01:18.360+0000] {subprocess.py:93} INFO - [notice] To update, run: python -m pip install --upgrade pip
[2026-05-09T11:01:19.527+0000] {subprocess.py:93} INFO - INFO:scripts.pipeline:=== GOLD LAYER: ANALYTICAL AGGREGATION ===
[2026-05-09T11:01:19.595+0000] {subprocess.py:93} INFO - ERROR:scripts.pipeline:Gold loading failed: (psycopg2.errors.UndefinedColumn) column "last_updated" of relation "articles_by_source" does not exist
[2026-05-09T11:01:19.595+0000] {subprocess.py:93} INFO - LINE 2: ... INTO articles_by_source (source, articles_count, last_updat...
[2026-05-09T11:01:19.596+0000] {subprocess.py:93} INFO -                                                              ^
[2026-05-09T11:01:19.596+0000] {subprocess.py:93} INFO - 
[2026-05-09T11:01:19.596+0000] {subprocess.py:93} INFO - [SQL:
[2026-05-09T11:01:19.597+0000] {subprocess.py:93} INFO -             INSERT INTO articles_by_source (source, articles_count, last_updated)
[2026-05-09T11:01:19.597+0000] {subprocess.py:93} INFO -             SELECT source, COUNT(*) as articles_count, MAX(published_at) as last_updated
[2026-05-09T11:01:19.597+0000] {subprocess.py:93} INFO -             FROM articles_detail
[2026-05-09T11:01:19.598+0000] {subprocess.py:93} INFO -             GROUP BY source
[2026-05-09T11:01:19.598+0000] {subprocess.py:93} INFO -             ]
[2026-05-09T11:01:19.599+0000] {subprocess.py:93} INFO - (Background on this error at: https://sqlalche.me/e/14/f405)
[2026-05-09T11:01:19.599+0000] {subprocess.py:93} INFO - Traceback (most recent call last):
[2026-05-09T11:01:19.599+0000] {subprocess.py:93} INFO -   File "/home/***/.local/lib/python3.11/site-packages/sqlalchemy/engine/base.py", line 1910, in _execute_context
[2026-05-09T11:01:19.600+0000] {subprocess.py:93} INFO -     self.dialect.do_execute(
[2026-05-09T11:01:19.600+0000] {subprocess.py:93} INFO -   File "/home/***/.local/lib/python3.11/site-packages/sqlalchemy/engine/default.py", line 736, in do_execute
[2026-05-09T11:01:19.600+0000] {subprocess.py:93} INFO -     cursor.execute(statement, parameters)
[2026-05-09T11:01:19.600+0000] {subprocess.py:93} INFO - psycopg2.errors.UndefinedColumn: column "last_updated" of relation "articles_by_source" does not exist
[2026-05-09T11:01:19.601+0000] {subprocess.py:93} INFO - LINE 2: ... INTO articles_by_source (source, articles_count, last_updat...
[2026-05-09T11:01:19.601+0000] {subprocess.py:93} INFO -                                                              ^
[2026-05-09T11:01:19.601+0000] {subprocess.py:93} INFO - 
[2026-05-09T11:01:19.601+0000] {subprocess.py:93} INFO - 
[2026-05-09T11:01:19.602+0000] {subprocess.py:93} INFO - The above exception was the direct cause of the following exception:
[2026-05-09T11:01:19.602+0000] {subprocess.py:93} INFO - 
[2026-05-09T11:01:19.602+0000] {subprocess.py:93} INFO - Traceback (most recent call last):
[2026-05-09T11:01:19.602+0000] {subprocess.py:93} INFO -   File "<string>", line 1, in <module>
[2026-05-09T11:01:19.603+0000] {subprocess.py:93} INFO -   File "/opt/project/scripts/pipeline.py", line 227, in load_gold
[2026-05-09T11:01:19.603+0000] {subprocess.py:93} INFO -     conn.execute(sa.text(query_source))
[2026-05-09T11:01:19.603+0000] {subprocess.py:93} INFO -   File "/home/***/.local/lib/python3.11/site-packages/sqlalchemy/engine/base.py", line 1385, in execute
[2026-05-09T11:01:19.604+0000] {subprocess.py:93} INFO -     return meth(self, multiparams, params, _EMPTY_EXECUTION_OPTS)
[2026-05-09T11:01:19.604+0000] {subprocess.py:93} INFO -            ^^^^^^^^^^^^^^^^^^^^^^^^^^^^^^^^^^^^^^^^^^^^^^^^^^^^^^
[2026-05-09T11:01:19.604+0000] {subprocess.py:93} INFO -   File "/home/***/.local/lib/python3.11/site-packages/sqlalchemy/sql/elements.py", line 334, in _execute_on_connection
[2026-05-09T11:01:19.604+0000] {subprocess.py:93} INFO -     return connection._execute_clauseelement(
[2026-05-09T11:01:19.605+0000] {subprocess.py:93} INFO -            ^^^^^^^^^^^^^^^^^^^^^^^^^^^^^^^^^^
[2026-05-09T11:01:19.605+0000] {subprocess.py:93} INFO -   File "/home/***/.local/lib/python3.11/site-packages/sqlalchemy/engine/base.py", line 1577, in _execute_clauseelement
[2026-05-09T11:01:19.605+0000] {subprocess.py:93} INFO -     ret = self._execute_context(
[2026-05-09T11:01:19.605+0000] {subprocess.py:93} INFO -           ^^^^^^^^^^^^^^^^^^^^^^
[2026-05-09T11:01:19.606+0000] {subprocess.py:93} INFO -   File "/home/***/.local/lib/python3.11/site-packages/sqlalchemy/engine/base.py", line 1953, in _execute_context
[2026-05-09T11:01:19.606+0000] {subprocess.py:93} INFO -     self._handle_dbapi_exception(
[2026-05-09T11:01:19.606+0000] {subprocess.py:93} INFO -   File "/home/***/.local/lib/python3.11/site-packages/sqlalchemy/engine/base.py", line 2134, in _handle_dbapi_exception
[2026-05-09T11:01:19.606+0000] {subprocess.py:93} INFO -     util.raise_(
[2026-05-09T11:01:19.607+0000] {subprocess.py:93} INFO -   File "/home/***/.local/lib/python3.11/site-packages/sqlalchemy/util/compat.py", line 211, in raise_
[2026-05-09T11:01:19.607+0000] {subprocess.py:93} INFO -     raise exception
[2026-05-09T11:01:19.607+0000] {subprocess.py:93} INFO -   File "/home/***/.local/lib/python3.11/site-packages/sqlalchemy/engine/base.py", line 1910, in _execute_context
[2026-05-09T11:01:19.608+0000] {subprocess.py:93} INFO -     self.dialect.do_execute(
[2026-05-09T11:01:19.609+0000] {subprocess.py:93} INFO -   File "/home/***/.local/lib/python3.11/site-packages/sqlalchemy/engine/default.py", line 736, in do_execute
[2026-05-09T11:01:19.610+0000] {subprocess.py:93} INFO -     cursor.execute(statement, parameters)
[2026-05-09T11:01:19.610+0000] {subprocess.py:93} INFO - sqlalchemy.exc.ProgrammingError: (psycopg2.errors.UndefinedColumn) column "last_updated" of relation "articles_by_source" does not exist
[2026-05-09T11:01:19.611+0000] {subprocess.py:93} INFO - LINE 2: ... INTO articles_by_source (source, articles_count, last_updat...
[2026-05-09T11:01:19.612+0000] {subprocess.py:93} INFO -                                                              ^
[2026-05-09T11:01:19.612+0000] {subprocess.py:93} INFO - 
[2026-05-09T11:01:19.612+0000] {subprocess.py:93} INFO - [SQL:
[2026-05-09T11:01:19.613+0000] {subprocess.py:93} INFO -             INSERT INTO articles_by_source (source, articles_count, last_updated)
[2026-05-09T11:01:19.613+0000] {subprocess.py:93} INFO -             SELECT source, COUNT(*) as articles_count, MAX(published_at) as last_updated
[2026-05-09T11:01:19.613+0000] {subprocess.py:93} INFO -             FROM articles_detail
[2026-05-09T11:01:19.614+0000] {subprocess.py:93} INFO -             GROUP BY source
[2026-05-09T11:01:19.614+0000] {subprocess.py:93} INFO -             ]
[2026-05-09T11:01:19.614+0000] {subprocess.py:93} INFO - (Background on this error at: https://sqlalche.me/e/14/f405)
[2026-05-09T11:01:19.715+0000] {subprocess.py:97} INFO - Command exited with return code 1
[2026-05-09T11:01:19.728+0000] {taskinstance.py:2698} ERROR - Task failed with exception
Traceback (most recent call last):
  File "/home/airflow/.local/lib/python3.11/site-packages/airflow/models/taskinstance.py", line 433, in _execute_task
    result = execute_callable(context=context, **execute_callable_kwargs)
             ^^^^^^^^^^^^^^^^^^^^^^^^^^^^^^^^^^^^^^^^^^^^^^^^^^^^^^^^^^^^
  File "/home/airflow/.local/lib/python3.11/site-packages/airflow/operators/bash.py", line 212, in execute
    raise AirflowException(
airflow.exceptions.AirflowException: Bash command failed. The command returned a non-zero exit code 1.
[2026-05-09T11:01:19.732+0000] {taskinstance.py:1138} INFO - Marking task as UP_FOR_RETRY. dag_id=mediapulse360_pipeline, task_id=load_gold, execution_date=20260509T104506, start_date=20260509T110108, end_date=20260509T110119
[2026-05-09T11:01:19.750+0000] {standard_task_runner.py:107} ERROR - Failed to execute job 38 for task load_gold (Bash command failed. The command returned a non-zero exit code 1.; 1245)
[2026-05-09T11:01:19.782+0000] {local_task_job_runner.py:234} INFO - Task exited with return code 1
[2026-05-09T11:01:19.802+0000] {taskinstance.py:3280} INFO - 0 downstream tasks scheduled from follow-on schedule check
