[2026-05-09T11:33:36.867+0000] {local_task_job_runner.py:123} INFO - ::group::Pre task execution logs
[2026-05-09T11:33:36.980+0000] {taskinstance.py:2612} INFO - Dependencies all met for dep_context=non-requeueable deps ti=<TaskInstance: mediapulse360_pipeline.load_gold manual__2026-05-09T10:45:06+00:00 [queued]>
[2026-05-09T11:33:37.007+0000] {taskinstance.py:2612} INFO - Dependencies all met for dep_context=requeueable deps ti=<TaskInstance: mediapulse360_pipeline.load_gold manual__2026-05-09T10:45:06+00:00 [queued]>
[2026-05-09T11:33:37.009+0000] {taskinstance.py:2865} INFO - Starting attempt 2 of 3
[2026-05-09T11:33:37.076+0000] {taskinstance.py:2888} INFO - Executing <Task(BashOperator): load_gold> on 2026-05-09 10:45:06+00:00
[2026-05-09T11:33:37.127+0000] {standard_task_runner.py:72} INFO - Started process 177 to run task
[2026-05-09T11:33:37.213+0000] {standard_task_runner.py:104} INFO - Running: ['***', 'tasks', 'run', 'mediapulse360_pipeline', 'load_gold', 'manual__2026-05-09T10:45:06+00:00', '--job-id', '90', '--raw', '--subdir', 'DAGS_FOLDER/mediapulse360_pipeline.py', '--cfg-path', '/tmp/tmpttxdbga5']
[2026-05-09T11:33:37.294+0000] {standard_task_runner.py:105} INFO - Job 90: Subtask load_gold
[2026-05-09T11:33:38.202+0000] {task_command.py:467} INFO - Running <TaskInstance: mediapulse360_pipeline.load_gold manual__2026-05-09T10:45:06+00:00 [running]> on host 5834df99e713
[2026-05-09T11:33:42.385+0000] {taskinstance.py:3131} INFO - Exporting env vars: AIRFLOW_CTX_DAG_OWNER='data-eng' AIRFLOW_CTX_DAG_ID='mediapulse360_pipeline' AIRFLOW_CTX_TASK_ID='load_gold' AIRFLOW_CTX_EXECUTION_DATE='2026-05-09T10:45:06+00:00' AIRFLOW_CTX_TRY_NUMBER='2' AIRFLOW_CTX_DAG_RUN_ID='manual__2026-05-09T10:45:06+00:00'
[2026-05-09T11:33:42.393+0000] {taskinstance.py:731} INFO - ::endgroup::
[2026-05-09T11:33:42.491+0000] {subprocess.py:63} INFO - Tmp dir root location: /tmp
[2026-05-09T11:33:42.493+0000] {subprocess.py:75} INFO - Running command: ['/usr/bin/bash', '-c', 'python -m pip install --quiet --target /tmp/***_deps minio feedparser && export PYTHONPATH=/tmp/***_deps:$PYTHONPATH && cd /opt/project && python -c "from scripts.pipeline import load_gold; print(load_gold())"']
[2026-05-09T11:33:42.549+0000] {subprocess.py:86} INFO - Output:
[2026-05-09T11:34:18.792+0000] {subprocess.py:93} INFO - ERROR: pip's dependency resolver does not currently take into account all the packages that are installed. This behaviour is the source of the following dependency conflicts.
[2026-05-09T11:34:18.793+0000] {subprocess.py:93} INFO - snowflake-connector-python 3.12.2 requires cffi<2.0.0,>=1.9, but you have cffi 2.0.0 which is incompatible.
[2026-05-09T11:34:18.794+0000] {subprocess.py:93} INFO - WARNING: Target directory /tmp/***_deps/Crypto already exists. Specify --upgrade to force replacement.
[2026-05-09T11:34:18.795+0000] {subprocess.py:93} INFO - WARNING: Target directory /tmp/***_deps/urllib3 already exists. Specify --upgrade to force replacement.
[2026-05-09T11:34:18.795+0000] {subprocess.py:93} INFO - WARNING: Target directory /tmp/***_deps/typing_extensions-4.15.0.dist-info already exists. Specify --upgrade to force replacement.
[2026-05-09T11:34:18.796+0000] {subprocess.py:93} INFO - WARNING: Target directory /tmp/***_deps/pycryptodome-3.23.0.dist-info already exists. Specify --upgrade to force replacement.
[2026-05-09T11:34:18.797+0000] {subprocess.py:93} INFO - WARNING: Target directory /tmp/***_deps/sgmllib.py already exists. Specify --upgrade to force replacement.
[2026-05-09T11:34:18.798+0000] {subprocess.py:93} INFO - WARNING: Target directory /tmp/***_deps/certifi already exists. Specify --upgrade to force replacement.
[2026-05-09T11:34:18.799+0000] {subprocess.py:93} INFO - WARNING: Target directory /tmp/***_deps/argon2_cffi_bindings-25.1.0.dist-info already exists. Specify --upgrade to force replacement.
[2026-05-09T11:34:18.802+0000] {subprocess.py:93} INFO - WARNING: Target directory /tmp/***_deps/urllib3-2.7.0.dist-info already exists. Specify --upgrade to force replacement.
[2026-05-09T11:34:18.803+0000] {subprocess.py:93} INFO - WARNING: Target directory /tmp/***_deps/feedparser already exists. Specify --upgrade to force replacement.
[2026-05-09T11:34:18.804+0000] {subprocess.py:93} INFO - WARNING: Target directory /tmp/***_deps/pycparser-3.0.dist-info already exists. Specify --upgrade to force replacement.
[2026-05-09T11:34:18.805+0000] {subprocess.py:93} INFO - WARNING: Target directory /tmp/***_deps/typing_extensions.py already exists. Specify --upgrade to force replacement.
[2026-05-09T11:34:18.806+0000] {subprocess.py:93} INFO - WARNING: Target directory /tmp/***_deps/sgmllib3k-1.0.0.dist-info already exists. Specify --upgrade to force replacement.
[2026-05-09T11:34:18.807+0000] {subprocess.py:93} INFO - WARNING: Target directory /tmp/***_deps/argon2 already exists. Specify --upgrade to force replacement.
[2026-05-09T11:34:18.808+0000] {subprocess.py:93} INFO - WARNING: Target directory /tmp/***_deps/__pycache__ already exists. Specify --upgrade to force replacement.
[2026-05-09T11:34:18.809+0000] {subprocess.py:93} INFO - WARNING: Target directory /tmp/***_deps/_argon2_cffi_bindings already exists. Specify --upgrade to force replacement.
[2026-05-09T11:34:18.810+0000] {subprocess.py:93} INFO - WARNING: Target directory /tmp/***_deps/cffi-2.0.0.dist-info already exists. Specify --upgrade to force replacement.
[2026-05-09T11:34:18.811+0000] {subprocess.py:93} INFO - WARNING: Target directory /tmp/***_deps/_cffi_backend.cpython-311-x86_64-linux-gnu.so already exists. Specify --upgrade to force replacement.
[2026-05-09T11:34:18.812+0000] {subprocess.py:93} INFO - WARNING: Target directory /tmp/***_deps/certifi-2026.4.22.dist-info already exists. Specify --upgrade to force replacement.
[2026-05-09T11:34:18.814+0000] {subprocess.py:93} INFO - WARNING: Target directory /tmp/***_deps/pycparser already exists. Specify --upgrade to force replacement.
[2026-05-09T11:34:18.818+0000] {subprocess.py:93} INFO - WARNING: Target directory /tmp/***_deps/feedparser-6.0.12.dist-info already exists. Specify --upgrade to force replacement.
[2026-05-09T11:34:18.819+0000] {subprocess.py:93} INFO - WARNING: Target directory /tmp/***_deps/cffi already exists. Specify --upgrade to force replacement.
[2026-05-09T11:34:18.820+0000] {subprocess.py:93} INFO - WARNING: Target directory /tmp/***_deps/minio already exists. Specify --upgrade to force replacement.
[2026-05-09T11:34:18.821+0000] {subprocess.py:93} INFO - WARNING: Target directory /tmp/***_deps/argon2_cffi-25.1.0.dist-info already exists. Specify --upgrade to force replacement.
[2026-05-09T11:34:18.822+0000] {subprocess.py:93} INFO - WARNING: Target directory /tmp/***_deps/minio-7.2.20.dist-info already exists. Specify --upgrade to force replacement.
[2026-05-09T11:34:19.132+0000] {subprocess.py:93} INFO - 
[2026-05-09T11:34:19.139+0000] {subprocess.py:93} INFO - [notice] A new release of pip is available: 24.2 -> 26.1.1
[2026-05-09T11:34:19.140+0000] {subprocess.py:93} INFO - [notice] To update, run: pip install --upgrade pip
[2026-05-09T11:34:26.244+0000] {subprocess.py:93} INFO - INFO:scripts.pipeline:=== GOLD LAYER: ANALYTICAL AGGREGATION ===
[2026-05-09T11:34:26.374+0000] {subprocess.py:93} INFO - INFO:scripts.pipeline:Updated articles_by_source
[2026-05-09T11:34:26.376+0000] {subprocess.py:93} INFO - INFO:scripts.pipeline:Updated articles_by_category
[2026-05-09T11:34:26.413+0000] {subprocess.py:93} INFO - INFO:scripts.pipeline:Updated top_keywords
[2026-05-09T11:34:26.457+0000] {subprocess.py:93} INFO - INFO:scripts.pipeline:Gold layer aggregations complete
[2026-05-09T11:34:26.459+0000] {subprocess.py:93} INFO - 3
[2026-05-09T11:34:26.775+0000] {subprocess.py:97} INFO - Command exited with return code 0
[2026-05-09T11:34:26.816+0000] {taskinstance.py:340} INFO - ::group::Post task execution logs
[2026-05-09T11:34:26.818+0000] {taskinstance.py:352} INFO - Marking task as SUCCESS. dag_id=mediapulse360_pipeline, task_id=load_gold, run_id=manual__2026-05-09T10:45:06+00:00, execution_date=20260509T104506, start_date=20260509T113336, end_date=20260509T113426
[2026-05-09T11:34:26.850+0000] {local_task_job_runner.py:266} INFO - Task exited with return code 0
[2026-05-09T11:34:26.895+0000] {taskinstance.py:3900} INFO - 2 downstream tasks scheduled from follow-on schedule check
[2026-05-09T11:34:26.902+0000] {local_task_job_runner.py:245} INFO - ::endgroup::
