[2026-05-09T11:02:31.629+0000] {taskinstance.py:1956} INFO - Dependencies all met for dep_context=non-requeueable deps ti=<TaskInstance: mediapulse360_pipeline.transform_silver manual__2026-05-09T10:51:52+00:00 [queued]>
[2026-05-09T11:02:31.645+0000] {taskinstance.py:1956} INFO - Dependencies all met for dep_context=requeueable deps ti=<TaskInstance: mediapulse360_pipeline.transform_silver manual__2026-05-09T10:51:52+00:00 [queued]>
[2026-05-09T11:02:31.646+0000] {taskinstance.py:2170} INFO - Starting attempt 3 of 3
[2026-05-09T11:02:31.658+0000] {taskinstance.py:2191} INFO - Executing <Task(BashOperator): transform_silver> on 2026-05-09 10:51:52+00:00
[2026-05-09T11:02:31.667+0000] {standard_task_runner.py:60} INFO - Started process 1405 to run task
[2026-05-09T11:02:31.670+0000] {standard_task_runner.py:87} INFO - Running: ['***', 'tasks', 'run', 'mediapulse360_pipeline', 'transform_silver', 'manual__2026-05-09T10:51:52+00:00', '--job-id', '44', '--raw', '--subdir', 'DAGS_FOLDER/mediapulse360_pipeline.py', '--cfg-path', '/tmp/tmpyyam3mgj']
[2026-05-09T11:02:31.672+0000] {standard_task_runner.py:88} INFO - Job 44: Subtask transform_silver
[2026-05-09T11:02:31.736+0000] {task_command.py:423} INFO - Running <TaskInstance: mediapulse360_pipeline.transform_silver manual__2026-05-09T10:51:52+00:00 [running]> on host c8097e4ba7d4
[2026-05-09T11:02:31.814+0000] {taskinstance.py:2480} INFO - Exporting env vars: AIRFLOW_CTX_DAG_OWNER='data-eng' AIRFLOW_CTX_DAG_ID='mediapulse360_pipeline' AIRFLOW_CTX_TASK_ID='transform_silver' AIRFLOW_CTX_EXECUTION_DATE='2026-05-09T10:51:52+00:00' AIRFLOW_CTX_TRY_NUMBER='3' AIRFLOW_CTX_DAG_RUN_ID='manual__2026-05-09T10:51:52+00:00'
[2026-05-09T11:02:31.816+0000] {subprocess.py:63} INFO - Tmp dir root location: /tmp
[2026-05-09T11:02:31.818+0000] {subprocess.py:75} INFO - Running command: ['/usr/bin/bash', '-c', 'python -m pip install --quiet --target /tmp/***_deps minio feedparser && export PYTHONPATH=/tmp/***_deps:$PYTHONPATH && cd /opt/project && python -c "from scripts.pipeline import transform_silver; print(transform_silver())"']
[2026-05-09T11:02:31.827+0000] {subprocess.py:86} INFO - Output:
[2026-05-09T11:02:37.758+0000] {subprocess.py:93} INFO - ERROR: pip's dependency resolver does not currently take into account all the packages that are installed. This behaviour is the source of the following dependency conflicts.
[2026-05-09T11:02:37.763+0000] {subprocess.py:93} INFO - botocore 1.33.13 requires urllib3<2.1,>=1.25.4; python_version >= "3.10", but you have urllib3 2.7.0 which is incompatible.
[2026-05-09T11:02:37.764+0000] {subprocess.py:93} INFO - snowflake-connector-python 3.6.0 requires cffi<2.0.0,>=1.9, but you have cffi 2.0.0 which is incompatible.
[2026-05-09T11:02:37.764+0000] {subprocess.py:93} INFO - WARNING: Target directory /tmp/***_deps/Crypto already exists. Specify --upgrade to force replacement.
[2026-05-09T11:02:37.766+0000] {subprocess.py:93} INFO - WARNING: Target directory /tmp/***_deps/urllib3 already exists. Specify --upgrade to force replacement.
[2026-05-09T11:02:37.767+0000] {subprocess.py:93} INFO - WARNING: Target directory /tmp/***_deps/typing_extensions-4.15.0.dist-info already exists. Specify --upgrade to force replacement.
[2026-05-09T11:02:37.767+0000] {subprocess.py:93} INFO - WARNING: Target directory /tmp/***_deps/pycryptodome-3.23.0.dist-info already exists. Specify --upgrade to force replacement.
[2026-05-09T11:02:37.768+0000] {subprocess.py:93} INFO - WARNING: Target directory /tmp/***_deps/sgmllib.py already exists. Specify --upgrade to force replacement.
[2026-05-09T11:02:37.768+0000] {subprocess.py:93} INFO - WARNING: Target directory /tmp/***_deps/certifi already exists. Specify --upgrade to force replacement.
[2026-05-09T11:02:37.768+0000] {subprocess.py:93} INFO - WARNING: Target directory /tmp/***_deps/argon2_cffi_bindings-25.1.0.dist-info already exists. Specify --upgrade to force replacement.
[2026-05-09T11:02:37.769+0000] {subprocess.py:93} INFO - WARNING: Target directory /tmp/***_deps/urllib3-2.7.0.dist-info already exists. Specify --upgrade to force replacement.
[2026-05-09T11:02:37.769+0000] {subprocess.py:93} INFO - WARNING: Target directory /tmp/***_deps/feedparser already exists. Specify --upgrade to force replacement.
[2026-05-09T11:02:37.770+0000] {subprocess.py:93} INFO - WARNING: Target directory /tmp/***_deps/pycparser-3.0.dist-info already exists. Specify --upgrade to force replacement.
[2026-05-09T11:02:37.770+0000] {subprocess.py:93} INFO - WARNING: Target directory /tmp/***_deps/typing_extensions.py already exists. Specify --upgrade to force replacement.
[2026-05-09T11:02:37.770+0000] {subprocess.py:93} INFO - WARNING: Target directory /tmp/***_deps/sgmllib3k-1.0.0.dist-info already exists. Specify --upgrade to force replacement.
[2026-05-09T11:02:37.771+0000] {subprocess.py:93} INFO - WARNING: Target directory /tmp/***_deps/argon2 already exists. Specify --upgrade to force replacement.
[2026-05-09T11:02:37.771+0000] {subprocess.py:93} INFO - WARNING: Target directory /tmp/***_deps/__pycache__ already exists. Specify --upgrade to force replacement.
[2026-05-09T11:02:37.772+0000] {subprocess.py:93} INFO - WARNING: Target directory /tmp/***_deps/_argon2_cffi_bindings already exists. Specify --upgrade to force replacement.
[2026-05-09T11:02:37.772+0000] {subprocess.py:93} INFO - WARNING: Target directory /tmp/***_deps/cffi-2.0.0.dist-info already exists. Specify --upgrade to force replacement.
[2026-05-09T11:02:37.772+0000] {subprocess.py:93} INFO - WARNING: Target directory /tmp/***_deps/_cffi_backend.cpython-311-x86_64-linux-gnu.so already exists. Specify --upgrade to force replacement.
[2026-05-09T11:02:37.773+0000] {subprocess.py:93} INFO - WARNING: Target directory /tmp/***_deps/certifi-2026.4.22.dist-info already exists. Specify --upgrade to force replacement.
[2026-05-09T11:02:37.773+0000] {subprocess.py:93} INFO - WARNING: Target directory /tmp/***_deps/pycparser already exists. Specify --upgrade to force replacement.
[2026-05-09T11:02:37.773+0000] {subprocess.py:93} INFO - WARNING: Target directory /tmp/***_deps/feedparser-6.0.12.dist-info already exists. Specify --upgrade to force replacement.
[2026-05-09T11:02:37.774+0000] {subprocess.py:93} INFO - WARNING: Target directory /tmp/***_deps/cffi already exists. Specify --upgrade to force replacement.
[2026-05-09T11:02:37.774+0000] {subprocess.py:93} INFO - WARNING: Target directory /tmp/***_deps/minio already exists. Specify --upgrade to force replacement.
[2026-05-09T11:02:37.774+0000] {subprocess.py:93} INFO - WARNING: Target directory /tmp/***_deps/argon2_cffi-25.1.0.dist-info already exists. Specify --upgrade to force replacement.
[2026-05-09T11:02:37.775+0000] {subprocess.py:93} INFO - WARNING: Target directory /tmp/***_deps/minio-7.2.20.dist-info already exists. Specify --upgrade to force replacement.
[2026-05-09T11:02:37.965+0000] {subprocess.py:93} INFO - 
[2026-05-09T11:02:37.966+0000] {subprocess.py:93} INFO - [notice] A new release of pip is available: 23.3.2 -> 26.1.1
[2026-05-09T11:02:37.970+0000] {subprocess.py:93} INFO - [notice] To update, run: python -m pip install --upgrade pip
[2026-05-09T11:02:39.418+0000] {subprocess.py:93} INFO - INFO:scripts.pipeline:=== SILVER LAYER: CLEANING & NORMALIZATION ===
[2026-05-09T11:02:39.545+0000] {subprocess.py:93} INFO - INFO:scripts.pipeline:Bucket already exists: bronze-articles
[2026-05-09T11:02:39.548+0000] {subprocess.py:93} INFO - INFO:scripts.pipeline:Bucket already exists: silver-articles
[2026-05-09T11:02:39.552+0000] {subprocess.py:93} INFO - INFO:scripts.pipeline:Bucket already exists: gold-analytics
[2026-05-09T11:02:39.581+0000] {subprocess.py:93} INFO - INFO:scripts.pipeline:Processing 52 articles for Silver layer
[2026-05-09T11:02:39.688+0000] {subprocess.py:93} INFO - INFO:scripts.pipeline:Uploaded articles_cleaned_20260509_110239.parquet to Silver layer (52 rows)
[2026-05-09T11:02:39.745+0000] {subprocess.py:93} INFO - 52
[2026-05-09T11:02:39.957+0000] {subprocess.py:97} INFO - Command exited with return code 0
[2026-05-09T11:02:39.995+0000] {taskinstance.py:1138} INFO - Marking task as SUCCESS. dag_id=mediapulse360_pipeline, task_id=transform_silver, execution_date=20260509T105152, start_date=20260509T110231, end_date=20260509T110239
[2026-05-09T11:02:40.031+0000] {local_task_job_runner.py:234} INFO - Task exited with return code 0
[2026-05-09T11:02:40.069+0000] {taskinstance.py:3280} INFO - 1 downstream tasks scheduled from follow-on schedule check
