[2026-05-09T10:52:13.399+0000] {taskinstance.py:1956} INFO - Dependencies all met for dep_context=non-requeueable deps ti=<TaskInstance: mediapulse360_pipeline.transform_silver manual__2026-05-09T10:51:52+00:00 [queued]>
[2026-05-09T10:52:13.410+0000] {taskinstance.py:1956} INFO - Dependencies all met for dep_context=requeueable deps ti=<TaskInstance: mediapulse360_pipeline.transform_silver manual__2026-05-09T10:51:52+00:00 [queued]>
[2026-05-09T10:52:13.410+0000] {taskinstance.py:2170} INFO - Starting attempt 1 of 3
[2026-05-09T10:52:13.425+0000] {taskinstance.py:2191} INFO - Executing <Task(BashOperator): transform_silver> on 2026-05-09 10:51:52+00:00
[2026-05-09T10:52:13.432+0000] {standard_task_runner.py:60} INFO - Started process 433 to run task
[2026-05-09T10:52:13.435+0000] {standard_task_runner.py:87} INFO - Running: ['***', 'tasks', 'run', 'mediapulse360_pipeline', 'transform_silver', 'manual__2026-05-09T10:51:52+00:00', '--job-id', '14', '--raw', '--subdir', 'DAGS_FOLDER/mediapulse360_pipeline.py', '--cfg-path', '/tmp/tmp63nka8tg']
[2026-05-09T10:52:13.439+0000] {standard_task_runner.py:88} INFO - Job 14: Subtask transform_silver
[2026-05-09T10:52:13.509+0000] {task_command.py:423} INFO - Running <TaskInstance: mediapulse360_pipeline.transform_silver manual__2026-05-09T10:51:52+00:00 [running]> on host c8097e4ba7d4
[2026-05-09T10:52:13.585+0000] {taskinstance.py:2480} INFO - Exporting env vars: AIRFLOW_CTX_DAG_OWNER='data-eng' AIRFLOW_CTX_DAG_ID='mediapulse360_pipeline' AIRFLOW_CTX_TASK_ID='transform_silver' AIRFLOW_CTX_EXECUTION_DATE='2026-05-09T10:51:52+00:00' AIRFLOW_CTX_TRY_NUMBER='1' AIRFLOW_CTX_DAG_RUN_ID='manual__2026-05-09T10:51:52+00:00'
[2026-05-09T10:52:13.588+0000] {subprocess.py:63} INFO - Tmp dir root location: /tmp
[2026-05-09T10:52:13.590+0000] {subprocess.py:75} INFO - Running command: ['/usr/bin/bash', '-c', 'python -m pip install --quiet --target /tmp/***_deps minio feedparser && export PYTHONPATH=/tmp/***_deps:$PYTHONPATH && cd /opt/project && python -c "from scripts.pipeline import transform_silver; print(transform_silver())"']
[2026-05-09T10:52:13.600+0000] {subprocess.py:86} INFO - Output:
[2026-05-09T10:52:19.191+0000] {subprocess.py:93} INFO - ERROR: pip's dependency resolver does not currently take into account all the packages that are installed. This behaviour is the source of the following dependency conflicts.
[2026-05-09T10:52:19.192+0000] {subprocess.py:93} INFO - botocore 1.33.13 requires urllib3<2.1,>=1.25.4; python_version >= "3.10", but you have urllib3 2.7.0 which is incompatible.
[2026-05-09T10:52:19.193+0000] {subprocess.py:93} INFO - snowflake-connector-python 3.6.0 requires cffi<2.0.0,>=1.9, but you have cffi 2.0.0 which is incompatible.
[2026-05-09T10:52:19.193+0000] {subprocess.py:93} INFO - WARNING: Target directory /tmp/***_deps/Crypto already exists. Specify --upgrade to force replacement.
[2026-05-09T10:52:19.193+0000] {subprocess.py:93} INFO - WARNING: Target directory /tmp/***_deps/urllib3 already exists. Specify --upgrade to force replacement.
[2026-05-09T10:52:19.193+0000] {subprocess.py:93} INFO - WARNING: Target directory /tmp/***_deps/typing_extensions-4.15.0.dist-info already exists. Specify --upgrade to force replacement.
[2026-05-09T10:52:19.194+0000] {subprocess.py:93} INFO - WARNING: Target directory /tmp/***_deps/pycryptodome-3.23.0.dist-info already exists. Specify --upgrade to force replacement.
[2026-05-09T10:52:19.194+0000] {subprocess.py:93} INFO - WARNING: Target directory /tmp/***_deps/sgmllib.py already exists. Specify --upgrade to force replacement.
[2026-05-09T10:52:19.194+0000] {subprocess.py:93} INFO - WARNING: Target directory /tmp/***_deps/certifi already exists. Specify --upgrade to force replacement.
[2026-05-09T10:52:19.195+0000] {subprocess.py:93} INFO - WARNING: Target directory /tmp/***_deps/argon2_cffi_bindings-25.1.0.dist-info already exists. Specify --upgrade to force replacement.
[2026-05-09T10:52:19.195+0000] {subprocess.py:93} INFO - WARNING: Target directory /tmp/***_deps/urllib3-2.7.0.dist-info already exists. Specify --upgrade to force replacement.
[2026-05-09T10:52:19.195+0000] {subprocess.py:93} INFO - WARNING: Target directory /tmp/***_deps/feedparser already exists. Specify --upgrade to force replacement.
[2026-05-09T10:52:19.196+0000] {subprocess.py:93} INFO - WARNING: Target directory /tmp/***_deps/pycparser-3.0.dist-info already exists. Specify --upgrade to force replacement.
[2026-05-09T10:52:19.196+0000] {subprocess.py:93} INFO - WARNING: Target directory /tmp/***_deps/typing_extensions.py already exists. Specify --upgrade to force replacement.
[2026-05-09T10:52:19.196+0000] {subprocess.py:93} INFO - WARNING: Target directory /tmp/***_deps/sgmllib3k-1.0.0.dist-info already exists. Specify --upgrade to force replacement.
[2026-05-09T10:52:19.197+0000] {subprocess.py:93} INFO - WARNING: Target directory /tmp/***_deps/argon2 already exists. Specify --upgrade to force replacement.
[2026-05-09T10:52:19.197+0000] {subprocess.py:93} INFO - WARNING: Target directory /tmp/***_deps/__pycache__ already exists. Specify --upgrade to force replacement.
[2026-05-09T10:52:19.197+0000] {subprocess.py:93} INFO - WARNING: Target directory /tmp/***_deps/_argon2_cffi_bindings already exists. Specify --upgrade to force replacement.
[2026-05-09T10:52:19.198+0000] {subprocess.py:93} INFO - WARNING: Target directory /tmp/***_deps/cffi-2.0.0.dist-info already exists. Specify --upgrade to force replacement.
[2026-05-09T10:52:19.198+0000] {subprocess.py:93} INFO - WARNING: Target directory /tmp/***_deps/_cffi_backend.cpython-311-x86_64-linux-gnu.so already exists. Specify --upgrade to force replacement.
[2026-05-09T10:52:19.198+0000] {subprocess.py:93} INFO - WARNING: Target directory /tmp/***_deps/certifi-2026.4.22.dist-info already exists. Specify --upgrade to force replacement.
[2026-05-09T10:52:19.199+0000] {subprocess.py:93} INFO - WARNING: Target directory /tmp/***_deps/pycparser already exists. Specify --upgrade to force replacement.
[2026-05-09T10:52:19.199+0000] {subprocess.py:93} INFO - WARNING: Target directory /tmp/***_deps/feedparser-6.0.12.dist-info already exists. Specify --upgrade to force replacement.
[2026-05-09T10:52:19.199+0000] {subprocess.py:93} INFO - WARNING: Target directory /tmp/***_deps/cffi already exists. Specify --upgrade to force replacement.
[2026-05-09T10:52:19.200+0000] {subprocess.py:93} INFO - WARNING: Target directory /tmp/***_deps/minio already exists. Specify --upgrade to force replacement.
[2026-05-09T10:52:19.200+0000] {subprocess.py:93} INFO - WARNING: Target directory /tmp/***_deps/argon2_cffi-25.1.0.dist-info already exists. Specify --upgrade to force replacement.
[2026-05-09T10:52:19.200+0000] {subprocess.py:93} INFO - WARNING: Target directory /tmp/***_deps/minio-7.2.20.dist-info already exists. Specify --upgrade to force replacement.
[2026-05-09T10:52:19.388+0000] {subprocess.py:93} INFO - 
[2026-05-09T10:52:19.389+0000] {subprocess.py:93} INFO - [notice] A new release of pip is available: 23.3.2 -> 26.1.1
[2026-05-09T10:52:19.390+0000] {subprocess.py:93} INFO - [notice] To update, run: python -m pip install --upgrade pip
[2026-05-09T10:52:20.586+0000] {subprocess.py:93} INFO - INFO:scripts.pipeline:=== SILVER LAYER: CLEANING & NORMALIZATION ===
[2026-05-09T10:52:20.733+0000] {subprocess.py:93} INFO - INFO:scripts.pipeline:Processing 52 articles for Silver layer
[2026-05-09T10:52:21.157+0000] {subprocess.py:93} INFO - ERROR:scripts.pipeline:Silver transformation failed: S3 operation failed; code: NoSuchBucket, message: The specified bucket does not exist, resource: /silver-articles, request_id: 18ADE033D37AF9E9, host_id: dd9025bab4ad464b049177c95eb6ebf374d3b3fd1af9251148b658df7ac2e3e8, bucket_name: silver-articles
[2026-05-09T10:52:21.157+0000] {subprocess.py:93} INFO - Traceback (most recent call last):
[2026-05-09T10:52:21.158+0000] {subprocess.py:93} INFO -   File "<string>", line 1, in <module>
[2026-05-09T10:52:21.158+0000] {subprocess.py:93} INFO -   File "/opt/project/scripts/pipeline.py", line 181, in transform_silver
[2026-05-09T10:52:21.159+0000] {subprocess.py:93} INFO -     MINIO_CLIENT.put_object(
[2026-05-09T10:52:21.159+0000] {subprocess.py:93} INFO -   File "/tmp/***_deps/minio/api.py", line 2015, in put_object
[2026-05-09T10:52:21.160+0000] {subprocess.py:93} INFO -     raise exc
[2026-05-09T10:52:21.161+0000] {subprocess.py:93} INFO -   File "/tmp/***_deps/minio/api.py", line 1960, in put_object
[2026-05-09T10:52:21.161+0000] {subprocess.py:93} INFO -     return self._put_object(
[2026-05-09T10:52:21.161+0000] {subprocess.py:93} INFO -            ^^^^^^^^^^^^^^^^^
[2026-05-09T10:52:21.162+0000] {subprocess.py:93} INFO -   File "/tmp/***_deps/minio/api.py", line 1789, in _put_object
[2026-05-09T10:52:21.162+0000] {subprocess.py:93} INFO -     response = self._execute(
[2026-05-09T10:52:21.162+0000] {subprocess.py:93} INFO -                ^^^^^^^^^^^^^^
[2026-05-09T10:52:21.163+0000] {subprocess.py:93} INFO -   File "/tmp/***_deps/minio/api.py", line 441, in _execute
[2026-05-09T10:52:21.163+0000] {subprocess.py:93} INFO -     region = self._get_region(bucket_name)
[2026-05-09T10:52:21.163+0000] {subprocess.py:93} INFO -              ^^^^^^^^^^^^^^^^^^^^^^^^^^^^^
[2026-05-09T10:52:21.163+0000] {subprocess.py:93} INFO -   File "/tmp/***_deps/minio/api.py", line 498, in _get_region
[2026-05-09T10:52:21.164+0000] {subprocess.py:93} INFO -     response = self._url_open(
[2026-05-09T10:52:21.164+0000] {subprocess.py:93} INFO -                ^^^^^^^^^^^^^^^
[2026-05-09T10:52:21.164+0000] {subprocess.py:93} INFO -   File "/tmp/***_deps/minio/api.py", line 427, in _url_open
[2026-05-09T10:52:21.165+0000] {subprocess.py:93} INFO -     raise response_error
[2026-05-09T10:52:21.165+0000] {subprocess.py:93} INFO - minio.error.S3Error: S3 operation failed; code: NoSuchBucket, message: The specified bucket does not exist, resource: /silver-articles, request_id: 18ADE033D37AF9E9, host_id: dd9025bab4ad464b049177c95eb6ebf374d3b3fd1af9251148b658df7ac2e3e8, bucket_name: silver-articles
[2026-05-09T10:52:21.310+0000] {subprocess.py:97} INFO - Command exited with return code 1
[2026-05-09T10:52:21.322+0000] {taskinstance.py:2698} ERROR - Task failed with exception
Traceback (most recent call last):
  File "/home/airflow/.local/lib/python3.11/site-packages/airflow/models/taskinstance.py", line 433, in _execute_task
    result = execute_callable(context=context, **execute_callable_kwargs)
             ^^^^^^^^^^^^^^^^^^^^^^^^^^^^^^^^^^^^^^^^^^^^^^^^^^^^^^^^^^^^
  File "/home/airflow/.local/lib/python3.11/site-packages/airflow/operators/bash.py", line 212, in execute
    raise AirflowException(
airflow.exceptions.AirflowException: Bash command failed. The command returned a non-zero exit code 1.
[2026-05-09T10:52:21.326+0000] {taskinstance.py:1138} INFO - Marking task as UP_FOR_RETRY. dag_id=mediapulse360_pipeline, task_id=transform_silver, execution_date=20260509T105152, start_date=20260509T105213, end_date=20260509T105221
[2026-05-09T10:52:21.340+0000] {standard_task_runner.py:107} ERROR - Failed to execute job 14 for task transform_silver (Bash command failed. The command returned a non-zero exit code 1.; 433)
[2026-05-09T10:52:21.365+0000] {local_task_job_runner.py:234} INFO - Task exited with return code 1
[2026-05-09T10:52:21.383+0000] {taskinstance.py:3280} INFO - 0 downstream tasks scheduled from follow-on schedule check
