[2026-05-09T15:46:40.291+0000] {local_task_job_runner.py:123} INFO - ::group::Pre task execution logs
[2026-05-09T15:46:40.312+0000] {taskinstance.py:2612} INFO - Dependencies all met for dep_context=non-requeueable deps ti=<TaskInstance: mediapulse360_pipeline.generate_metrics manual__2026-05-09T15:45:51+00:00 [queued]>
[2026-05-09T15:46:40.321+0000] {taskinstance.py:2612} INFO - Dependencies all met for dep_context=requeueable deps ti=<TaskInstance: mediapulse360_pipeline.generate_metrics manual__2026-05-09T15:45:51+00:00 [queued]>
[2026-05-09T15:46:40.328+0000] {taskinstance.py:2865} INFO - Starting attempt 1 of 3
[2026-05-09T15:46:40.342+0000] {taskinstance.py:2888} INFO - Executing <Task(BashOperator): generate_metrics> on 2026-05-09 15:45:51+00:00
[2026-05-09T15:46:40.356+0000] {standard_task_runner.py:72} INFO - Started process 2576 to run task
[2026-05-09T15:46:40.360+0000] {standard_task_runner.py:104} INFO - Running: ['***', 'tasks', 'run', 'mediapulse360_pipeline', 'generate_metrics', 'manual__2026-05-09T15:45:51+00:00', '--job-id', '145', '--raw', '--subdir', 'DAGS_FOLDER/mediapulse360_pipeline.py', '--cfg-path', '/tmp/tmpsrgr8qa0']
[2026-05-09T15:46:40.363+0000] {standard_task_runner.py:105} INFO - Job 145: Subtask generate_metrics
[2026-05-09T15:46:40.433+0000] {task_command.py:467} INFO - Running <TaskInstance: mediapulse360_pipeline.generate_metrics manual__2026-05-09T15:45:51+00:00 [running]> on host 8eea0feb297a
[2026-05-09T15:46:40.516+0000] {taskinstance.py:3131} INFO - Exporting env vars: AIRFLOW_CTX_DAG_OWNER='data-eng' AIRFLOW_CTX_DAG_ID='mediapulse360_pipeline' AIRFLOW_CTX_TASK_ID='generate_metrics' AIRFLOW_CTX_EXECUTION_DATE='2026-05-09T15:45:51+00:00' AIRFLOW_CTX_TRY_NUMBER='1' AIRFLOW_CTX_DAG_RUN_ID='manual__2026-05-09T15:45:51+00:00'
[2026-05-09T15:46:40.519+0000] {taskinstance.py:731} INFO - ::endgroup::
[2026-05-09T15:46:40.534+0000] {subprocess.py:63} INFO - Tmp dir root location: /tmp
[2026-05-09T15:46:40.537+0000] {subprocess.py:75} INFO - Running command: ['/usr/bin/bash', '-c', 'python -m pip install --quiet --target /tmp/***_deps minio feedparser && export PYTHONPATH=/tmp/***_deps:$PYTHONPATH && cd /opt/project && python -c "from scripts.pipeline import generate_metrics; print(generate_metrics())"']
[2026-05-09T15:46:40.560+0000] {subprocess.py:86} INFO - Output:
[2026-05-09T15:46:45.035+0000] {subprocess.py:93} INFO - ERROR: pip's dependency resolver does not currently take into account all the packages that are installed. This behaviour is the source of the following dependency conflicts.
[2026-05-09T15:46:45.036+0000] {subprocess.py:93} INFO - snowflake-connector-python 3.12.2 requires cffi<2.0.0,>=1.9, but you have cffi 2.0.0 which is incompatible.
[2026-05-09T15:46:45.037+0000] {subprocess.py:93} INFO - WARNING: Target directory /tmp/***_deps/Crypto already exists. Specify --upgrade to force replacement.
[2026-05-09T15:46:45.038+0000] {subprocess.py:93} INFO - WARNING: Target directory /tmp/***_deps/urllib3 already exists. Specify --upgrade to force replacement.
[2026-05-09T15:46:45.039+0000] {subprocess.py:93} INFO - WARNING: Target directory /tmp/***_deps/typing_extensions-4.15.0.dist-info already exists. Specify --upgrade to force replacement.
[2026-05-09T15:46:45.040+0000] {subprocess.py:93} INFO - WARNING: Target directory /tmp/***_deps/pycryptodome-3.23.0.dist-info already exists. Specify --upgrade to force replacement.
[2026-05-09T15:46:45.040+0000] {subprocess.py:93} INFO - WARNING: Target directory /tmp/***_deps/sgmllib.py already exists. Specify --upgrade to force replacement.
[2026-05-09T15:46:45.041+0000] {subprocess.py:93} INFO - WARNING: Target directory /tmp/***_deps/certifi already exists. Specify --upgrade to force replacement.
[2026-05-09T15:46:45.042+0000] {subprocess.py:93} INFO - WARNING: Target directory /tmp/***_deps/argon2_cffi_bindings-25.1.0.dist-info already exists. Specify --upgrade to force replacement.
[2026-05-09T15:46:45.043+0000] {subprocess.py:93} INFO - WARNING: Target directory /tmp/***_deps/urllib3-2.7.0.dist-info already exists. Specify --upgrade to force replacement.
[2026-05-09T15:46:45.045+0000] {subprocess.py:93} INFO - WARNING: Target directory /tmp/***_deps/feedparser already exists. Specify --upgrade to force replacement.
[2026-05-09T15:46:45.046+0000] {subprocess.py:93} INFO - WARNING: Target directory /tmp/***_deps/pycparser-3.0.dist-info already exists. Specify --upgrade to force replacement.
[2026-05-09T15:46:45.047+0000] {subprocess.py:93} INFO - WARNING: Target directory /tmp/***_deps/typing_extensions.py already exists. Specify --upgrade to force replacement.
[2026-05-09T15:46:45.048+0000] {subprocess.py:93} INFO - WARNING: Target directory /tmp/***_deps/sgmllib3k-1.0.0.dist-info already exists. Specify --upgrade to force replacement.
[2026-05-09T15:46:45.048+0000] {subprocess.py:93} INFO - WARNING: Target directory /tmp/***_deps/argon2 already exists. Specify --upgrade to force replacement.
[2026-05-09T15:46:45.049+0000] {subprocess.py:93} INFO - WARNING: Target directory /tmp/***_deps/__pycache__ already exists. Specify --upgrade to force replacement.
[2026-05-09T15:46:45.050+0000] {subprocess.py:93} INFO - WARNING: Target directory /tmp/***_deps/_argon2_cffi_bindings already exists. Specify --upgrade to force replacement.
[2026-05-09T15:46:45.052+0000] {subprocess.py:93} INFO - WARNING: Target directory /tmp/***_deps/cffi-2.0.0.dist-info already exists. Specify --upgrade to force replacement.
[2026-05-09T15:46:45.053+0000] {subprocess.py:93} INFO - WARNING: Target directory /tmp/***_deps/_cffi_backend.cpython-311-x86_64-linux-gnu.so already exists. Specify --upgrade to force replacement.
[2026-05-09T15:46:45.054+0000] {subprocess.py:93} INFO - WARNING: Target directory /tmp/***_deps/certifi-2026.4.22.dist-info already exists. Specify --upgrade to force replacement.
[2026-05-09T15:46:45.055+0000] {subprocess.py:93} INFO - WARNING: Target directory /tmp/***_deps/pycparser already exists. Specify --upgrade to force replacement.
[2026-05-09T15:46:45.055+0000] {subprocess.py:93} INFO - WARNING: Target directory /tmp/***_deps/feedparser-6.0.12.dist-info already exists. Specify --upgrade to force replacement.
[2026-05-09T15:46:45.056+0000] {subprocess.py:93} INFO - WARNING: Target directory /tmp/***_deps/cffi already exists. Specify --upgrade to force replacement.
[2026-05-09T15:46:45.057+0000] {subprocess.py:93} INFO - WARNING: Target directory /tmp/***_deps/minio already exists. Specify --upgrade to force replacement.
[2026-05-09T15:46:45.058+0000] {subprocess.py:93} INFO - WARNING: Target directory /tmp/***_deps/argon2_cffi-25.1.0.dist-info already exists. Specify --upgrade to force replacement.
[2026-05-09T15:46:45.059+0000] {subprocess.py:93} INFO - WARNING: Target directory /tmp/***_deps/minio-7.2.20.dist-info already exists. Specify --upgrade to force replacement.
[2026-05-09T15:46:45.088+0000] {subprocess.py:93} INFO - 
[2026-05-09T15:46:45.089+0000] {subprocess.py:93} INFO - [notice] A new release of pip is available: 24.2 -> 26.1.1
[2026-05-09T15:46:45.090+0000] {subprocess.py:93} INFO - [notice] To update, run: pip install --upgrade pip
[2026-05-09T15:46:47.193+0000] {subprocess.py:93} INFO - INFO:scripts.pipeline:=== GENERATING METRICS ===
[2026-05-09T15:46:47.208+0000] {subprocess.py:93} INFO - INFO:scripts.pipeline:Metrics: {'total_articles': 112, 'articles_today': 52, 'quarantined_articles': 0, 'unique_sources': 4}
[2026-05-09T15:46:47.214+0000] {subprocess.py:93} INFO - {'total_articles': 112, 'articles_today': 52, 'quarantined_articles': 0, 'unique_sources': 4}
[2026-05-09T15:46:47.318+0000] {subprocess.py:97} INFO - Command exited with return code 0
[2026-05-09T15:46:47.355+0000] {taskinstance.py:340} INFO - ::group::Post task execution logs
[2026-05-09T15:46:47.357+0000] {taskinstance.py:352} INFO - Marking task as SUCCESS. dag_id=mediapulse360_pipeline, task_id=generate_metrics, run_id=manual__2026-05-09T15:45:51+00:00, execution_date=20260509T154551, start_date=20260509T154640, end_date=20260509T154647
[2026-05-09T15:46:47.401+0000] {local_task_job_runner.py:266} INFO - Task exited with return code 0
[2026-05-09T15:46:47.417+0000] {taskinstance.py:3900} INFO - 0 downstream tasks scheduled from follow-on schedule check
[2026-05-09T15:46:47.420+0000] {local_task_job_runner.py:245} INFO - ::endgroup::
