[2026-05-09T13:50:16.419+0000] {local_task_job_runner.py:123} INFO - ::group::Pre task execution logs
[2026-05-09T13:50:16.501+0000] {taskinstance.py:2612} INFO - Dependencies all met for dep_context=non-requeueable deps ti=<TaskInstance: mediapulse360_pipeline.extract_bronze scheduled__2026-05-09T12:00:00+00:00 [queued]>
[2026-05-09T13:50:16.514+0000] {taskinstance.py:2612} INFO - Dependencies all met for dep_context=requeueable deps ti=<TaskInstance: mediapulse360_pipeline.extract_bronze scheduled__2026-05-09T12:00:00+00:00 [queued]>
[2026-05-09T13:50:16.520+0000] {taskinstance.py:2865} INFO - Starting attempt 2 of 3
[2026-05-09T13:50:16.576+0000] {taskinstance.py:2888} INFO - Executing <Task(BashOperator): extract_bronze> on 2026-05-09 12:00:00+00:00
[2026-05-09T13:50:16.616+0000] {standard_task_runner.py:72} INFO - Started process 190 to run task
[2026-05-09T13:50:16.671+0000] {standard_task_runner.py:104} INFO - Running: ['***', 'tasks', 'run', 'mediapulse360_pipeline', 'extract_bronze', 'scheduled__2026-05-09T12:00:00+00:00', '--job-id', '105', '--raw', '--subdir', 'DAGS_FOLDER/mediapulse360_pipeline.py', '--cfg-path', '/tmp/tmpn_mfo6gm']
[2026-05-09T13:50:16.676+0000] {standard_task_runner.py:105} INFO - Job 105: Subtask extract_bronze
[2026-05-09T13:50:16.785+0000] {task_command.py:467} INFO - Running <TaskInstance: mediapulse360_pipeline.extract_bronze scheduled__2026-05-09T12:00:00+00:00 [running]> on host 8eea0feb297a
[2026-05-09T13:50:21.471+0000] {taskinstance.py:3131} INFO - Exporting env vars: AIRFLOW_CTX_DAG_OWNER='data-eng' AIRFLOW_CTX_DAG_ID='mediapulse360_pipeline' AIRFLOW_CTX_TASK_ID='extract_bronze' AIRFLOW_CTX_EXECUTION_DATE='2026-05-09T12:00:00+00:00' AIRFLOW_CTX_TRY_NUMBER='2' AIRFLOW_CTX_DAG_RUN_ID='scheduled__2026-05-09T12:00:00+00:00'
[2026-05-09T13:50:21.601+0000] {taskinstance.py:731} INFO - ::endgroup::
[2026-05-09T13:50:21.715+0000] {subprocess.py:63} INFO - Tmp dir root location: /tmp
[2026-05-09T13:50:21.722+0000] {subprocess.py:75} INFO - Running command: ['/usr/bin/bash', '-c', 'python -m pip install --quiet --target /tmp/***_deps minio feedparser && export PYTHONPATH=/tmp/***_deps:$PYTHONPATH && cd /opt/project && python scripts/run_batch_insert.py']
[2026-05-09T13:50:21.761+0000] {subprocess.py:86} INFO - Output:
[2026-05-09T13:50:48.416+0000] {job.py:229} INFO - Heartbeat recovered after 10.70 seconds
[2026-05-09T13:51:08.045+0000] {subprocess.py:93} INFO - ERROR: pip's dependency resolver does not currently take into account all the packages that are installed. This behaviour is the source of the following dependency conflicts.
[2026-05-09T13:51:08.052+0000] {subprocess.py:93} INFO - snowflake-connector-python 3.12.2 requires cffi<2.0.0,>=1.9, but you have cffi 2.0.0 which is incompatible.
[2026-05-09T13:51:08.621+0000] {subprocess.py:93} INFO - 
[2026-05-09T13:51:08.624+0000] {subprocess.py:93} INFO - [notice] A new release of pip is available: 24.2 -> 26.1.1
[2026-05-09T13:51:08.627+0000] {subprocess.py:93} INFO - [notice] To update, run: pip install --upgrade pip
[2026-05-09T13:51:23.860+0000] {job.py:229} INFO - Heartbeat recovered after 13.61 seconds
[2026-05-09T13:51:33.797+0000] {job.py:229} INFO - Heartbeat recovered after 18.04 seconds
[2026-05-09T13:51:40.945+0000] {subprocess.py:93} INFO - 2026-05-09 13:51:40,945 INFO Upserting 50 articles
[2026-05-09T13:51:41.352+0000] {subprocess.py:93} INFO - 2026-05-09 13:51:41,352 INFO Upsert complete: 50 articles
[2026-05-09T13:51:41.388+0000] {subprocess.py:93} INFO - Scraped 50 articles
[2026-05-09T13:51:41.428+0000] {subprocess.py:97} INFO - Command exited with return code 0
[2026-05-09T13:51:41.522+0000] {taskinstance.py:340} INFO - ::group::Post task execution logs
[2026-05-09T13:51:41.524+0000] {taskinstance.py:352} INFO - Marking task as SUCCESS. dag_id=mediapulse360_pipeline, task_id=extract_bronze, run_id=scheduled__2026-05-09T12:00:00+00:00, execution_date=20260509T120000, start_date=20260509T135016, end_date=20260509T135141
[2026-05-09T13:51:41.600+0000] {local_task_job_runner.py:266} INFO - Task exited with return code 0
[2026-05-09T13:51:41.642+0000] {taskinstance.py:3900} INFO - 1 downstream tasks scheduled from follow-on schedule check
[2026-05-09T13:51:41.672+0000] {local_task_job_runner.py:245} INFO - ::endgroup::
