[2026-05-09T15:07:55.947+0000] {local_task_job_runner.py:123} INFO - ::group::Pre task execution logs
[2026-05-09T15:07:55.974+0000] {taskinstance.py:2612} INFO - Dependencies all met for dep_context=non-requeueable deps ti=<TaskInstance: mediapulse360_pipeline.extract_bronze scheduled__2026-05-09T14:00:00+00:00 [queued]>
[2026-05-09T15:07:55.998+0000] {taskinstance.py:2612} INFO - Dependencies all met for dep_context=requeueable deps ti=<TaskInstance: mediapulse360_pipeline.extract_bronze scheduled__2026-05-09T14:00:00+00:00 [queued]>
[2026-05-09T15:07:56.000+0000] {taskinstance.py:2865} INFO - Starting attempt 1 of 3
[2026-05-09T15:07:56.024+0000] {taskinstance.py:2888} INFO - Executing <Task(BashOperator): extract_bronze> on 2026-05-09 14:00:00+00:00
[2026-05-09T15:07:56.036+0000] {standard_task_runner.py:72} INFO - Started process 1622 to run task
[2026-05-09T15:07:56.041+0000] {standard_task_runner.py:104} INFO - Running: ['***', 'tasks', 'run', 'mediapulse360_pipeline', 'extract_bronze', 'scheduled__2026-05-09T14:00:00+00:00', '--job-id', '135', '--raw', '--subdir', 'DAGS_FOLDER/mediapulse360_pipeline.py', '--cfg-path', '/tmp/tmpndrqogov']
[2026-05-09T15:07:56.051+0000] {standard_task_runner.py:105} INFO - Job 135: Subtask extract_bronze
[2026-05-09T15:07:56.164+0000] {task_command.py:467} INFO - Running <TaskInstance: mediapulse360_pipeline.extract_bronze scheduled__2026-05-09T14:00:00+00:00 [running]> on host 8eea0feb297a
[2026-05-09T15:07:56.458+0000] {taskinstance.py:3131} INFO - Exporting env vars: AIRFLOW_CTX_DAG_OWNER='data-eng' AIRFLOW_CTX_DAG_ID='mediapulse360_pipeline' AIRFLOW_CTX_TASK_ID='extract_bronze' AIRFLOW_CTX_EXECUTION_DATE='2026-05-09T14:00:00+00:00' AIRFLOW_CTX_TRY_NUMBER='1' AIRFLOW_CTX_DAG_RUN_ID='scheduled__2026-05-09T14:00:00+00:00'
[2026-05-09T15:07:56.465+0000] {taskinstance.py:731} INFO - ::endgroup::
[2026-05-09T15:07:56.607+0000] {subprocess.py:63} INFO - Tmp dir root location: /tmp
[2026-05-09T15:07:56.636+0000] {subprocess.py:75} INFO - Running command: ['/usr/bin/bash', '-c', 'python -m pip install --quiet --target /tmp/***_deps minio feedparser && export PYTHONPATH=/tmp/***_deps:$PYTHONPATH && cd /opt/project && python scripts/run_batch_insert.py']
[2026-05-09T15:07:56.700+0000] {subprocess.py:86} INFO - Output:
[2026-05-09T15:08:07.386+0000] {subprocess.py:93} INFO - ERROR: pip's dependency resolver does not currently take into account all the packages that are installed. This behaviour is the source of the following dependency conflicts.
[2026-05-09T15:08:07.390+0000] {subprocess.py:93} INFO - snowflake-connector-python 3.12.2 requires cffi<2.0.0,>=1.9, but you have cffi 2.0.0 which is incompatible.
[2026-05-09T15:08:07.392+0000] {subprocess.py:93} INFO - WARNING: Target directory /tmp/***_deps/Crypto already exists. Specify --upgrade to force replacement.
[2026-05-09T15:08:07.402+0000] {subprocess.py:93} INFO - WARNING: Target directory /tmp/***_deps/urllib3 already exists. Specify --upgrade to force replacement.
[2026-05-09T15:08:07.413+0000] {subprocess.py:93} INFO - WARNING: Target directory /tmp/***_deps/typing_extensions-4.15.0.dist-info already exists. Specify --upgrade to force replacement.
[2026-05-09T15:08:07.418+0000] {subprocess.py:93} INFO - WARNING: Target directory /tmp/***_deps/pycryptodome-3.23.0.dist-info already exists. Specify --upgrade to force replacement.
[2026-05-09T15:08:07.423+0000] {subprocess.py:93} INFO - WARNING: Target directory /tmp/***_deps/sgmllib.py already exists. Specify --upgrade to force replacement.
[2026-05-09T15:08:07.435+0000] {subprocess.py:93} INFO - WARNING: Target directory /tmp/***_deps/certifi already exists. Specify --upgrade to force replacement.
[2026-05-09T15:08:07.437+0000] {subprocess.py:93} INFO - WARNING: Target directory /tmp/***_deps/argon2_cffi_bindings-25.1.0.dist-info already exists. Specify --upgrade to force replacement.
[2026-05-09T15:08:07.439+0000] {subprocess.py:93} INFO - WARNING: Target directory /tmp/***_deps/urllib3-2.7.0.dist-info already exists. Specify --upgrade to force replacement.
[2026-05-09T15:08:07.440+0000] {subprocess.py:93} INFO - WARNING: Target directory /tmp/***_deps/feedparser already exists. Specify --upgrade to force replacement.
[2026-05-09T15:08:07.440+0000] {subprocess.py:93} INFO - WARNING: Target directory /tmp/***_deps/pycparser-3.0.dist-info already exists. Specify --upgrade to force replacement.
[2026-05-09T15:08:07.441+0000] {subprocess.py:93} INFO - WARNING: Target directory /tmp/***_deps/typing_extensions.py already exists. Specify --upgrade to force replacement.
[2026-05-09T15:08:07.443+0000] {subprocess.py:93} INFO - WARNING: Target directory /tmp/***_deps/sgmllib3k-1.0.0.dist-info already exists. Specify --upgrade to force replacement.
[2026-05-09T15:08:07.444+0000] {subprocess.py:93} INFO - WARNING: Target directory /tmp/***_deps/argon2 already exists. Specify --upgrade to force replacement.
[2026-05-09T15:08:07.447+0000] {subprocess.py:93} INFO - WARNING: Target directory /tmp/***_deps/__pycache__ already exists. Specify --upgrade to force replacement.
[2026-05-09T15:08:07.454+0000] {subprocess.py:93} INFO - WARNING: Target directory /tmp/***_deps/_argon2_cffi_bindings already exists. Specify --upgrade to force replacement.
[2026-05-09T15:08:07.455+0000] {subprocess.py:93} INFO - WARNING: Target directory /tmp/***_deps/cffi-2.0.0.dist-info already exists. Specify --upgrade to force replacement.
[2026-05-09T15:08:07.457+0000] {subprocess.py:93} INFO - WARNING: Target directory /tmp/***_deps/_cffi_backend.cpython-311-x86_64-linux-gnu.so already exists. Specify --upgrade to force replacement.
[2026-05-09T15:08:07.459+0000] {subprocess.py:93} INFO - WARNING: Target directory /tmp/***_deps/certifi-2026.4.22.dist-info already exists. Specify --upgrade to force replacement.
[2026-05-09T15:08:07.461+0000] {subprocess.py:93} INFO - WARNING: Target directory /tmp/***_deps/pycparser already exists. Specify --upgrade to force replacement.
[2026-05-09T15:08:07.466+0000] {subprocess.py:93} INFO - WARNING: Target directory /tmp/***_deps/feedparser-6.0.12.dist-info already exists. Specify --upgrade to force replacement.
[2026-05-09T15:08:07.469+0000] {subprocess.py:93} INFO - WARNING: Target directory /tmp/***_deps/cffi already exists. Specify --upgrade to force replacement.
[2026-05-09T15:08:07.472+0000] {subprocess.py:93} INFO - WARNING: Target directory /tmp/***_deps/minio already exists. Specify --upgrade to force replacement.
[2026-05-09T15:08:07.474+0000] {subprocess.py:93} INFO - WARNING: Target directory /tmp/***_deps/argon2_cffi-25.1.0.dist-info already exists. Specify --upgrade to force replacement.
[2026-05-09T15:08:07.476+0000] {subprocess.py:93} INFO - WARNING: Target directory /tmp/***_deps/minio-7.2.20.dist-info already exists. Specify --upgrade to force replacement.
[2026-05-09T15:08:07.531+0000] {subprocess.py:93} INFO - 
[2026-05-09T15:08:07.535+0000] {subprocess.py:93} INFO - [notice] A new release of pip is available: 24.2 -> 26.1.1
[2026-05-09T15:08:07.537+0000] {subprocess.py:93} INFO - [notice] To update, run: pip install --upgrade pip
[2026-05-09T15:08:18.598+0000] {subprocess.py:93} INFO - 2026-05-09 15:08:18,597 INFO Upserting 50 articles
[2026-05-09T15:08:18.618+0000] {subprocess.py:93} INFO - 2026-05-09 15:08:18,618 INFO Upsert complete: 50 articles
[2026-05-09T15:08:18.622+0000] {subprocess.py:93} INFO - Scraped 50 articles
[2026-05-09T15:08:18.670+0000] {subprocess.py:97} INFO - Command exited with return code 0
[2026-05-09T15:08:18.703+0000] {taskinstance.py:340} INFO - ::group::Post task execution logs
[2026-05-09T15:08:18.704+0000] {taskinstance.py:352} INFO - Marking task as SUCCESS. dag_id=mediapulse360_pipeline, task_id=extract_bronze, run_id=scheduled__2026-05-09T14:00:00+00:00, execution_date=20260509T140000, start_date=20260509T150755, end_date=20260509T150818
[2026-05-09T15:08:18.763+0000] {local_task_job_runner.py:266} INFO - Task exited with return code 0
[2026-05-09T15:08:18.801+0000] {taskinstance.py:3900} INFO - 1 downstream tasks scheduled from follow-on schedule check
[2026-05-09T15:08:18.804+0000] {local_task_job_runner.py:245} INFO - ::endgroup::
