[2026-05-09T13:51:43.093+0000] {local_task_job_runner.py:123} INFO - ::group::Pre task execution logs
[2026-05-09T13:51:43.122+0000] {taskinstance.py:2612} INFO - Dependencies all met for dep_context=non-requeueable deps ti=<TaskInstance: mediapulse360_pipeline.transform_silver scheduled__2026-05-09T12:00:00+00:00 [queued]>
[2026-05-09T13:51:43.140+0000] {taskinstance.py:2612} INFO - Dependencies all met for dep_context=requeueable deps ti=<TaskInstance: mediapulse360_pipeline.transform_silver scheduled__2026-05-09T12:00:00+00:00 [queued]>
[2026-05-09T13:51:43.142+0000] {taskinstance.py:2865} INFO - Starting attempt 1 of 3
[2026-05-09T13:51:43.169+0000] {taskinstance.py:2888} INFO - Executing <Task(BashOperator): transform_silver> on 2026-05-09 12:00:00+00:00
[2026-05-09T13:51:43.178+0000] {standard_task_runner.py:72} INFO - Started process 294 to run task
[2026-05-09T13:51:43.182+0000] {standard_task_runner.py:104} INFO - Running: ['***', 'tasks', 'run', 'mediapulse360_pipeline', 'transform_silver', 'scheduled__2026-05-09T12:00:00+00:00', '--job-id', '107', '--raw', '--subdir', 'DAGS_FOLDER/mediapulse360_pipeline.py', '--cfg-path', '/tmp/tmp9h2p9ldl']
[2026-05-09T13:51:43.187+0000] {standard_task_runner.py:105} INFO - Job 107: Subtask transform_silver
[2026-05-09T13:51:43.338+0000] {task_command.py:467} INFO - Running <TaskInstance: mediapulse360_pipeline.transform_silver scheduled__2026-05-09T12:00:00+00:00 [running]> on host 8eea0feb297a
[2026-05-09T13:51:43.466+0000] {taskinstance.py:3131} INFO - Exporting env vars: AIRFLOW_CTX_DAG_OWNER='data-eng' AIRFLOW_CTX_DAG_ID='mediapulse360_pipeline' AIRFLOW_CTX_TASK_ID='transform_silver' AIRFLOW_CTX_EXECUTION_DATE='2026-05-09T12:00:00+00:00' AIRFLOW_CTX_TRY_NUMBER='1' AIRFLOW_CTX_DAG_RUN_ID='scheduled__2026-05-09T12:00:00+00:00'
[2026-05-09T13:51:43.468+0000] {taskinstance.py:731} INFO - ::endgroup::
[2026-05-09T13:51:43.486+0000] {subprocess.py:63} INFO - Tmp dir root location: /tmp
[2026-05-09T13:51:43.488+0000] {subprocess.py:75} INFO - Running command: ['/usr/bin/bash', '-c', 'python -m pip install --quiet --target /tmp/***_deps minio feedparser && export PYTHONPATH=/tmp/***_deps:$PYTHONPATH && cd /opt/project && python -c "from scripts.pipeline import transform_silver; print(transform_silver())"']
[2026-05-09T13:51:43.500+0000] {subprocess.py:86} INFO - Output:
[2026-05-09T13:51:53.918+0000] {subprocess.py:93} INFO - ERROR: pip's dependency resolver does not currently take into account all the packages that are installed. This behaviour is the source of the following dependency conflicts.
[2026-05-09T13:51:53.921+0000] {subprocess.py:93} INFO - snowflake-connector-python 3.12.2 requires cffi<2.0.0,>=1.9, but you have cffi 2.0.0 which is incompatible.
[2026-05-09T13:51:53.922+0000] {subprocess.py:93} INFO - WARNING: Target directory /tmp/***_deps/Crypto already exists. Specify --upgrade to force replacement.
[2026-05-09T13:51:53.923+0000] {subprocess.py:93} INFO - WARNING: Target directory /tmp/***_deps/urllib3 already exists. Specify --upgrade to force replacement.
[2026-05-09T13:51:53.924+0000] {subprocess.py:93} INFO - WARNING: Target directory /tmp/***_deps/typing_extensions-4.15.0.dist-info already exists. Specify --upgrade to force replacement.
[2026-05-09T13:51:53.926+0000] {subprocess.py:93} INFO - WARNING: Target directory /tmp/***_deps/pycryptodome-3.23.0.dist-info already exists. Specify --upgrade to force replacement.
[2026-05-09T13:51:53.936+0000] {subprocess.py:93} INFO - WARNING: Target directory /tmp/***_deps/sgmllib.py already exists. Specify --upgrade to force replacement.
[2026-05-09T13:51:53.937+0000] {subprocess.py:93} INFO - WARNING: Target directory /tmp/***_deps/certifi already exists. Specify --upgrade to force replacement.
[2026-05-09T13:51:53.938+0000] {subprocess.py:93} INFO - WARNING: Target directory /tmp/***_deps/argon2_cffi_bindings-25.1.0.dist-info already exists. Specify --upgrade to force replacement.
[2026-05-09T13:51:53.940+0000] {subprocess.py:93} INFO - WARNING: Target directory /tmp/***_deps/urllib3-2.7.0.dist-info already exists. Specify --upgrade to force replacement.
[2026-05-09T13:51:53.941+0000] {subprocess.py:93} INFO - WARNING: Target directory /tmp/***_deps/feedparser already exists. Specify --upgrade to force replacement.
[2026-05-09T13:51:53.942+0000] {subprocess.py:93} INFO - WARNING: Target directory /tmp/***_deps/pycparser-3.0.dist-info already exists. Specify --upgrade to force replacement.
[2026-05-09T13:51:53.943+0000] {subprocess.py:93} INFO - WARNING: Target directory /tmp/***_deps/typing_extensions.py already exists. Specify --upgrade to force replacement.
[2026-05-09T13:51:53.944+0000] {subprocess.py:93} INFO - WARNING: Target directory /tmp/***_deps/sgmllib3k-1.0.0.dist-info already exists. Specify --upgrade to force replacement.
[2026-05-09T13:51:53.946+0000] {subprocess.py:93} INFO - WARNING: Target directory /tmp/***_deps/argon2 already exists. Specify --upgrade to force replacement.
[2026-05-09T13:51:53.947+0000] {subprocess.py:93} INFO - WARNING: Target directory /tmp/***_deps/__pycache__ already exists. Specify --upgrade to force replacement.
[2026-05-09T13:51:53.949+0000] {subprocess.py:93} INFO - WARNING: Target directory /tmp/***_deps/_argon2_cffi_bindings already exists. Specify --upgrade to force replacement.
[2026-05-09T13:51:53.950+0000] {subprocess.py:93} INFO - WARNING: Target directory /tmp/***_deps/cffi-2.0.0.dist-info already exists. Specify --upgrade to force replacement.
[2026-05-09T13:51:53.953+0000] {subprocess.py:93} INFO - WARNING: Target directory /tmp/***_deps/_cffi_backend.cpython-311-x86_64-linux-gnu.so already exists. Specify --upgrade to force replacement.
[2026-05-09T13:51:53.954+0000] {subprocess.py:93} INFO - WARNING: Target directory /tmp/***_deps/certifi-2026.4.22.dist-info already exists. Specify --upgrade to force replacement.
[2026-05-09T13:51:53.955+0000] {subprocess.py:93} INFO - WARNING: Target directory /tmp/***_deps/pycparser already exists. Specify --upgrade to force replacement.
[2026-05-09T13:51:53.958+0000] {subprocess.py:93} INFO - WARNING: Target directory /tmp/***_deps/feedparser-6.0.12.dist-info already exists. Specify --upgrade to force replacement.
[2026-05-09T13:51:53.959+0000] {subprocess.py:93} INFO - WARNING: Target directory /tmp/***_deps/cffi already exists. Specify --upgrade to force replacement.
[2026-05-09T13:51:53.961+0000] {subprocess.py:93} INFO - WARNING: Target directory /tmp/***_deps/minio already exists. Specify --upgrade to force replacement.
[2026-05-09T13:51:53.963+0000] {subprocess.py:93} INFO - WARNING: Target directory /tmp/***_deps/argon2_cffi-25.1.0.dist-info already exists. Specify --upgrade to force replacement.
[2026-05-09T13:51:53.965+0000] {subprocess.py:93} INFO - WARNING: Target directory /tmp/***_deps/minio-7.2.20.dist-info already exists. Specify --upgrade to force replacement.
[2026-05-09T13:51:54.003+0000] {subprocess.py:93} INFO - 
[2026-05-09T13:51:54.005+0000] {subprocess.py:93} INFO - [notice] A new release of pip is available: 24.2 -> 26.1.1
[2026-05-09T13:51:54.007+0000] {subprocess.py:93} INFO - [notice] To update, run: pip install --upgrade pip
[2026-05-09T13:51:59.134+0000] {subprocess.py:93} INFO - INFO:scripts.pipeline:=== SILVER LAYER: CLEANING & NORMALIZATION ===
[2026-05-09T13:51:59.920+0000] {subprocess.py:93} INFO - INFO:scripts.pipeline:Bucket already exists: bronze-articles
[2026-05-09T13:51:59.924+0000] {subprocess.py:93} INFO - INFO:scripts.pipeline:Bucket already exists: silver-articles
[2026-05-09T13:51:59.931+0000] {subprocess.py:93} INFO - INFO:scripts.pipeline:Bucket already exists: gold-analytics
[2026-05-09T13:52:00.174+0000] {subprocess.py:93} INFO - INFO:scripts.pipeline:Processing 50 articles for Silver layer
[2026-05-09T13:52:00.672+0000] {subprocess.py:93} INFO - INFO:scripts.pipeline:Uploaded articles_cleaned_20260509_135200.parquet to Silver layer (50 rows)
[2026-05-09T13:52:00.993+0000] {subprocess.py:93} INFO - ERROR:scripts.pipeline:Silver transformation failed: (psycopg2.errors.UniqueViolation) duplicate key value violates unique constraint "articles_silver_pkey"
[2026-05-09T13:52:00.995+0000] {subprocess.py:93} INFO - DETAIL:  Key (article_id)=(4527cc89c7ac5fd81c4d5946) already exists.
[2026-05-09T13:52:00.997+0000] {subprocess.py:93} INFO - 
[2026-05-09T13:52:00.998+0000] {subprocess.py:93} INFO - [SQL: INSERT INTO articles_silver (article_id, title, author, content, source, category, published_at, url, canonical_url, scraped_at, content_clean, title_normalized, content_length, word_count, detected_language, silver_timestamp, data_quality_score) VALUES (%(article_id)s, %(title)s, %(author)s, %(content)s, %(source)s, %(category)s, %(published_at)s, %(url)s, %(canonical_url)s, %(scraped_at)s, %(content_clean)s, %(title_normalized)s, %(content_length)s, %(word_count)s, %(detected_language)s, %(silver_timestamp)s, %(data_quality_score)s)]
[2026-05-09T13:52:00.999+0000] {subprocess.py:93} INFO - [parameters: ({'article_id': '4527cc89c7ac5fd81c4d5946', 'title': "L'accord entre l'Iran et les États-Unis toujours en suspend", 'author': 'FRANCE24', 'content': '', 'source': 'France24', 'category': 'Unknown', 'published_at': datetime.datetime(2026, 5, 9, 8, 49, 50), 'url': 'https://www.france24.com/fr/vid%C3%A9o/20260509-l-accord-entre-l-iran-et-les-%C3%A9tats-unis-toujours-en-suspend', 'canonical_url': '', 'scraped_at': datetime.datetime(2026, 5, 9, 13, 51, 40, 856038), 'content_clean': '', 'title_normalized': 'Laccord entre lIran et les États-Unis toujours en suspend', 'content_length': 0, 'word_count': 0, 'detected_language': 'unknown', 'silver_timestamp': '2026-05-09T13:52:00.221541', 'data_quality_score': 0.3333333333333333}, {'article_id': '3e25fbb2a5a030a8d2a6d747', 'title': 'Royaume-Uni : "fin du bipartisme" après l\'échec des travaillistes aux élections locales', 'author': 'FRANCE24', 'content': '', 'source': 'France24', 'category': 'Unknown', 'published_at': datetime.datetime(2026, 5, 9, 8, 52, 37), 'url': 'https://www.france24.com/fr/vid%C3%A9o/20260509-royaume-uni-fin-du-bipartisme-apr%C3%A8s-l-%C3%A9chec-des-travaillistes-aux-%C3%A9lections-locales', 'canonical_url': '', 'scraped_at': datetime.datetime(2026, 5, 9, 13, 51, 40, 789728), 'content_clean': '', 'title_normalized': 'Royaume-Uni  fin du bipartisme après léchec des travaillistes aux élections locales', 'content_length': 0, 'word_count': 0, 'detected_language': 'unknown', 'silver_timestamp': '2026-05-09T13:52:00.221541', 'data_quality_score': 0.3333333333333333}, {'article_id': '1bea8fc7ee82eff609602093', 'title': 'Hantavirus : tensions autour de l’arrivée du bateau aux Canaries', 'author': 'FRANCE24', 'content': '', 'source': 'France24', 'category': 'Unknown', 'published_at': datetime.datetime(2026, 5, 9, 8, 54, 1), 'url': 'https://www.france24.com/fr/vid%C3%A9o/20260509-hantavirus-tensions-autour-de-l-arriv%C3%A9e-du-bateau-aux-canaries', 'canonical_url': '', 'scraped_at': datetime.datetime(2026, 5, 9, 13, 51, 40, 731571), 'content_clean': '', 'title_normalized': 'Hantavirus  tensions autour de larrivée du bateau aux Canaries', 'content_length': 0, 'word_count': 0, 'detected_language': 'unknown', 'silver_timestamp': '2026-05-09T13:52:00.221541', 'data_quality_score': 0.3333333333333333}, {'article_id': '733cffdf24caaf4e30364bcc', 'title': 'Hantavirus : quelle prise en charge pour les 5 Français à leur arrivée aux Canaries ?', 'author': 'FRANCE24', 'content': '', 'source': 'France24', 'category': 'Unknown', 'published_at': datetime.datetime(2026, 5, 9, 8, 55, 31), 'url': 'https://www.france24.com/fr/vid%C3%A9o/20260509-hantavirus-quelle-prise-en-charge-pour-les-5-fran%C3%A7ais-%C3%A0-leur-arriv%C3%A9e-aux-canaries', 'canonical_url': '', 'scraped_at': datetime.datetime(2026, 5, 9, 13, 51, 40, 658433), 'content_clean': '', 'title_normalized': 'Hantavirus  quelle prise en charge pour les 5 Français à leur arrivée aux Canaries ?', 'content_length': 0, 'word_count': 0, 'detected_language': 'unknown', 'silver_timestamp': '2026-05-09T13:52:00.221541', 'data_quality_score': 0.3333333333333333}, {'article_id': 'b1758851de343c12c78baf70', 'title': '9-Mai : Poutine dit que son armée affronte en Ukraine des "forces agressives" soutenues par l\'Otan', 'author': 'FRANCE 24', 'content': '', 'source': 'France24', 'category': 'Europe', 'published_at': datetime.datetime(2026, 5, 9, 8, 55, 40), 'url': 'https://www.france24.com/fr/europe/20260509-defile-9-mai-poutine-dit-armee-affronte-ukraine-forces-agressives', 'canonical_url': '', 'scraped_at': datetime.datetime(2026, 5, 9, 13, 51, 40, 584496), 'content_clean': '', 'title_normalized': '9-Mai  Poutine dit que son armée affronte en Ukraine des forces agressives soutenues par lOtan', 'content_length': 0, 'word_count': 0, 'detected_language': 'unknown', 'silver_timestamp': '2026-05-09T13:52:00.221541', 'data_quality_score': 0.3333333333333333}, {'article_id': 'ae961c45722eb3d1c5a8de09', 'title': 'OVNI : le Pentagone publie de nouveaux documents, sans preuve d’extraterrestres', 'author': 'FRANCE24', 'content': '', 'source': 'France24', 'category': 'Unknown', 'published_at': datetime.datetime(2026, 5, 9, 9, 1, 47), 'url': 'https://www.france24.com/fr/vid%C3%A9o/20260509-ovni-le-pentagone-publie-de-nouveaux-documents-sans-preuve-d-extraterrestres', 'canonical_url': '', 'scraped_at': datetime.datetime(2026, 5, 9, 13, 51, 40, 510764), 'content_clean': '', 'title_normalized': 'OVNI  le Pentagone publie de nouveaux documents, sans preuve dextraterrestres', 'content_length': 0, 'word_count': 0, 'detected_language': 'unknown', 'silver_timestamp': '2026-05-09T13:52:00.221541', 'data_quality_score': 0.3333333333333333}, {'article_id': 'bfdfbfdfc39f054337ee0198', 'title': "Les océans proches de nouveaux records de chaleur, selon l'observatoire Copernicus", 'author': 'FRANCE24', 'content': '', 'source': 'France24', 'category': 'Unknown', 'published_at': datetime.datetime(2026, 5, 9, 9, 10, 8), 'url': 'https://www.france24.com/fr/vid%C3%A9o/20260509-les-oc%C3%A9ans-proches-de-nouveaux-records-de-chaleur-selon-l-observatoire-copernicus', 'canonical_url': '', 'scraped_at': datetime.datetime(2026, 5, 9, 13, 51, 40, 403750), 'content_clean': '', 'title_normalized': 'Les océans proches de nouveaux records de chaleur, selon lobservatoire Copernicus', 'content_length': 0, 'word_count': 0, 'detected_language': 'unknown', 'silver_timestamp': '2026-05-09T13:52:00.221541', 'data_quality_score': 0.3333333333333333}, {'article_id': '06d2aa329b77c904eb40bcbc', 'title': 'Mondial 2026 : des dirigeants de la FSF privés de visas pour les États-Unis', 'author': 'FRANCE24', 'content': '', 'source': 'France24', 'category': 'Unknown', 'published_at': datetime.datetime(2026, 5, 9, 9, 31, 46), 'url': 'https://www.france24.com/fr/vid%C3%A9o/20260509-mondial-2026-des-dirigeants-de-la-fsf-priv%C3%A9s-de-visas-pour-les-%C3%A9tats-unis', 'canonical_url': '', 'scraped_at': datetime.datetime(2026, 5, 9, 13, 51, 40, 306262), 'content_clean': '', 'title_normalized': 'Mondial 2026  des dirigeants de la FSF privés de visas pour les États-Unis', 'content_length': 0, 'word_count': 0, 'detected_language': 'unknown', 'silver_timestamp': '2026-05-09T13:52:00.221541', 'data_quality_score': 0.3333333333333333}  ... displaying 10 of 50 total bound parameter sets ...  {'article_id': 'cdc67ba3ae3a6f64cded4c3a', 'title': "Iran accuses US of 'reckless military adventure'", 'author': 'Unknown', 'content': 'Iran\'s Foreign Minister Abbas Araghchi has accused the US of opting for a "reckless military adventure" every time a "diplomatic solution is on the  ... (4481 characters truncated) ... \nCopyright 2026 BBC. All rights reserved. The BBC is not responsible for the content of external sites. Read about our approach to external linking.', 'source': 'BBC News', 'category': 'Unknown', 'published_at': datetime.datetime(2026, 5, 9, 6, 13, 30), 'url': 'https://www.bbc.com/news/articles/c99lpn9ze8ro?at_medium=RSS&at_campaign=rss', 'canonical_url': 'https://www.bbc.com/news/articles/c99lpn9ze8ro', 'scraped_at': datetime.datetime(2026, 5, 9, 13, 51, 11, 738076), 'content_clean': 'Iran\'s Foreign Minister Abbas Araghchi has accused the US of opting for a "reckless military adventure" every time a "diplomatic solution is on the  ... (4450 characters truncated) ... . Copyright 2026 BBC. All rights reserved. The BBC is not responsible for the content of external sites. Read about our approach to external linking.', 'title_normalized': 'Iran accuses US of reckless military adventure', 'content_length': 4738, 'word_count': 786, 'detected_language': 'mixed', 'silver_timestamp': '2026-05-09T13:52:00.221541', 'data_quality_score': 1.0}, {'article_id': '0d89ce3337a491ec40dcabcd', 'title': "Putin denounces Nato at scaled back Russia's Victory Day parade", 'author': 'Unknown', 'content': 'Vladimir Putin has used his annual Victory Day speech in Moscow\'s Red Square to justify his war in Ukraine and denounce Nato.\nSpeaking in front of  ... (3885 characters truncated) ... on Red Square."\nSecurity measures have also been tightened, with threats of Ukrainian drones used to justify the paring back of this year\'s parade.', 'source': 'BBC News', 'category': 'Unknown', 'published_at': datetime.datetime(2026, 5, 9, 12, 18, 58), 'url': 'https://www.bbc.com/news/articles/c626xjq0q0vo?at_medium=RSS&at_campaign=rss', 'canonical_url': 'https://www.bbc.com/news/articles/c626xjq0q0vo', 'scraped_at': datetime.datetime(2026, 5, 9, 13, 51, 11, 494472), 'content_clean': 'Vladimir Putin has used his annual Victory Day speech in Moscow\'s Red Square to justify his war in Ukraine and denounce Nato. Speaking in front of h ... (3856 characters truncated) ...  on Red Square." Security measures have also been tightened, with threats of Ukrainian drones used to justify the paring back of this year\'s parade.', 'title_normalized': 'Putin denounces Nato at scaled back Russias Victory Day parade', 'content_length': 4138, 'word_count': 655, 'detected_language': 'mixed', 'silver_timestamp': '2026-05-09T13:52:00.221541', 'data_quality_score': 1.0})]
[2026-05-09T13:52:01.000+0000] {subprocess.py:93} INFO - (Background on this error at: https://sqlalche.me/e/14/gkpj)
[2026-05-09T13:52:01.001+0000] {subprocess.py:93} INFO - Traceback (most recent call last):
[2026-05-09T13:52:01.009+0000] {subprocess.py:93} INFO -   File "/home/***/.local/lib/python3.11/site-packages/sqlalchemy/engine/base.py", line 1890, in _execute_context
[2026-05-09T13:52:01.010+0000] {subprocess.py:93} INFO -     self.dialect.do_executemany(
[2026-05-09T13:52:01.011+0000] {subprocess.py:93} INFO -   File "/home/***/.local/lib/python3.11/site-packages/sqlalchemy/dialects/postgresql/psycopg2.py", line 982, in do_executemany
[2026-05-09T13:52:01.011+0000] {subprocess.py:93} INFO -     context._psycopg2_fetched_rows = xtras.execute_values(
[2026-05-09T13:52:01.012+0000] {subprocess.py:93} INFO -                                      ^^^^^^^^^^^^^^^^^^^^^
[2026-05-09T13:52:01.013+0000] {subprocess.py:93} INFO -   File "/home/***/.local/lib/python3.11/site-packages/psycopg2/extras.py", line 1299, in execute_values
[2026-05-09T13:52:01.014+0000] {subprocess.py:93} INFO -     cur.execute(b''.join(parts))
[2026-05-09T13:52:01.016+0000] {subprocess.py:93} INFO - psycopg2.errors.UniqueViolation: duplicate key value violates unique constraint "articles_silver_pkey"
[2026-05-09T13:52:01.018+0000] {subprocess.py:93} INFO - DETAIL:  Key (article_id)=(4527cc89c7ac5fd81c4d5946) already exists.
[2026-05-09T13:52:01.020+0000] {subprocess.py:93} INFO - 
[2026-05-09T13:52:01.021+0000] {subprocess.py:93} INFO - 
[2026-05-09T13:52:01.022+0000] {subprocess.py:93} INFO - The above exception was the direct cause of the following exception:
[2026-05-09T13:52:01.023+0000] {subprocess.py:93} INFO - 
[2026-05-09T13:52:01.024+0000] {subprocess.py:93} INFO - Traceback (most recent call last):
[2026-05-09T13:52:01.025+0000] {subprocess.py:93} INFO -   File "<string>", line 1, in <module>
[2026-05-09T13:52:01.026+0000] {subprocess.py:93} INFO -   File "/opt/project/scripts/pipeline.py", line 233, in transform_silver
[2026-05-09T13:52:01.028+0000] {subprocess.py:93} INFO -     df.to_sql('articles_silver', conn, if_exists='append', index=False)
[2026-05-09T13:52:01.029+0000] {subprocess.py:93} INFO -   File "/home/***/.local/lib/python3.11/site-packages/pandas/util/_decorators.py", line 333, in wrapper
[2026-05-09T13:52:01.030+0000] {subprocess.py:93} INFO -     return func(*args, **kwargs)
[2026-05-09T13:52:01.031+0000] {subprocess.py:93} INFO -            ^^^^^^^^^^^^^^^^^^^^^
[2026-05-09T13:52:01.032+0000] {subprocess.py:93} INFO -   File "/home/***/.local/lib/python3.11/site-packages/pandas/core/generic.py", line 3008, in to_sql
[2026-05-09T13:52:01.033+0000] {subprocess.py:93} INFO -     return sql.to_sql(
[2026-05-09T13:52:01.034+0000] {subprocess.py:93} INFO -            ^^^^^^^^^^^
[2026-05-09T13:52:01.036+0000] {subprocess.py:93} INFO -   File "/home/***/.local/lib/python3.11/site-packages/pandas/io/sql.py", line 788, in to_sql
[2026-05-09T13:52:01.037+0000] {subprocess.py:93} INFO -     return pandas_sql.to_sql(
[2026-05-09T13:52:01.038+0000] {subprocess.py:93} INFO -            ^^^^^^^^^^^^^^^^^^
[2026-05-09T13:52:01.039+0000] {subprocess.py:93} INFO -   File "/home/***/.local/lib/python3.11/site-packages/pandas/io/sql.py", line 1958, in to_sql
[2026-05-09T13:52:01.040+0000] {subprocess.py:93} INFO -     total_inserted = sql_engine.insert_records(
[2026-05-09T13:52:01.041+0000] {subprocess.py:93} INFO -                      ^^^^^^^^^^^^^^^^^^^^^^^^^^
[2026-05-09T13:52:01.042+0000] {subprocess.py:93} INFO -   File "/home/***/.local/lib/python3.11/site-packages/pandas/io/sql.py", line 1507, in insert_records
[2026-05-09T13:52:01.043+0000] {subprocess.py:93} INFO -     raise err
[2026-05-09T13:52:01.044+0000] {subprocess.py:93} INFO -   File "/home/***/.local/lib/python3.11/site-packages/pandas/io/sql.py", line 1498, in insert_records
[2026-05-09T13:52:01.045+0000] {subprocess.py:93} INFO -     return table.insert(chunksize=chunksize, method=method)
[2026-05-09T13:52:01.046+0000] {subprocess.py:93} INFO -            ^^^^^^^^^^^^^^^^^^^^^^^^^^^^^^^^^^^^^^^^^^^^^^^^
[2026-05-09T13:52:01.048+0000] {subprocess.py:93} INFO -   File "/home/***/.local/lib/python3.11/site-packages/pandas/io/sql.py", line 1059, in insert
[2026-05-09T13:52:01.049+0000] {subprocess.py:93} INFO -     num_inserted = exec_insert(conn, keys, chunk_iter)
[2026-05-09T13:52:01.050+0000] {subprocess.py:93} INFO -                    ^^^^^^^^^^^^^^^^^^^^^^^^^^^^^^^^^^^
[2026-05-09T13:52:01.051+0000] {subprocess.py:93} INFO -   File "/home/***/.local/lib/python3.11/site-packages/pandas/io/sql.py", line 951, in _execute_insert
[2026-05-09T13:52:01.052+0000] {subprocess.py:93} INFO -     result = conn.execute(self.table.insert(), data)
[2026-05-09T13:52:01.053+0000] {subprocess.py:93} INFO -              ^^^^^^^^^^^^^^^^^^^^^^^^^^^^^^^^^^^^^^^
[2026-05-09T13:52:01.054+0000] {subprocess.py:93} INFO -   File "/home/***/.local/lib/python3.11/site-packages/sqlalchemy/engine/base.py", line 1385, in execute
[2026-05-09T13:52:01.055+0000] {subprocess.py:93} INFO -     return meth(self, multiparams, params, _EMPTY_EXECUTION_OPTS)
[2026-05-09T13:52:01.056+0000] {subprocess.py:93} INFO -            ^^^^^^^^^^^^^^^^^^^^^^^^^^^^^^^^^^^^^^^^^^^^^^^^^^^^^^
[2026-05-09T13:52:01.057+0000] {subprocess.py:93} INFO -   File "/home/***/.local/lib/python3.11/site-packages/sqlalchemy/sql/elements.py", line 334, in _execute_on_connection
[2026-05-09T13:52:01.058+0000] {subprocess.py:93} INFO -     return connection._execute_clauseelement(
[2026-05-09T13:52:01.059+0000] {subprocess.py:93} INFO -            ^^^^^^^^^^^^^^^^^^^^^^^^^^^^^^^^^^
[2026-05-09T13:52:01.060+0000] {subprocess.py:93} INFO -   File "/home/***/.local/lib/python3.11/site-packages/sqlalchemy/engine/base.py", line 1577, in _execute_clauseelement
[2026-05-09T13:52:01.061+0000] {subprocess.py:93} INFO -     ret = self._execute_context(
[2026-05-09T13:52:01.062+0000] {subprocess.py:93} INFO -           ^^^^^^^^^^^^^^^^^^^^^^
[2026-05-09T13:52:01.063+0000] {subprocess.py:93} INFO -   File "/home/***/.local/lib/python3.11/site-packages/sqlalchemy/engine/base.py", line 1953, in _execute_context
[2026-05-09T13:52:01.064+0000] {subprocess.py:93} INFO -     self._handle_dbapi_exception(
[2026-05-09T13:52:01.065+0000] {subprocess.py:93} INFO -   File "/home/***/.local/lib/python3.11/site-packages/sqlalchemy/engine/base.py", line 2134, in _handle_dbapi_exception
[2026-05-09T13:52:01.066+0000] {subprocess.py:93} INFO -     util.raise_(
[2026-05-09T13:52:01.067+0000] {subprocess.py:93} INFO -   File "/home/***/.local/lib/python3.11/site-packages/sqlalchemy/util/compat.py", line 211, in raise_
[2026-05-09T13:52:01.068+0000] {subprocess.py:93} INFO -     raise exception
[2026-05-09T13:52:01.069+0000] {subprocess.py:93} INFO -   File "/home/***/.local/lib/python3.11/site-packages/sqlalchemy/engine/base.py", line 1890, in _execute_context
[2026-05-09T13:52:01.070+0000] {subprocess.py:93} INFO -     self.dialect.do_executemany(
[2026-05-09T13:52:01.070+0000] {subprocess.py:93} INFO -   File "/home/***/.local/lib/python3.11/site-packages/sqlalchemy/dialects/postgresql/psycopg2.py", line 982, in do_executemany
[2026-05-09T13:52:01.071+0000] {subprocess.py:93} INFO -     context._psycopg2_fetched_rows = xtras.execute_values(
[2026-05-09T13:52:01.072+0000] {subprocess.py:93} INFO -                                      ^^^^^^^^^^^^^^^^^^^^^
[2026-05-09T13:52:01.073+0000] {subprocess.py:93} INFO -   File "/home/***/.local/lib/python3.11/site-packages/psycopg2/extras.py", line 1299, in execute_values
[2026-05-09T13:52:01.074+0000] {subprocess.py:93} INFO -     cur.execute(b''.join(parts))
[2026-05-09T13:52:01.075+0000] {subprocess.py:93} INFO - sqlalchemy.exc.IntegrityError: (psycopg2.errors.UniqueViolation) duplicate key value violates unique constraint "articles_silver_pkey"
[2026-05-09T13:52:01.075+0000] {subprocess.py:93} INFO - DETAIL:  Key (article_id)=(4527cc89c7ac5fd81c4d5946) already exists.
[2026-05-09T13:52:01.076+0000] {subprocess.py:93} INFO - 
[2026-05-09T13:52:01.077+0000] {subprocess.py:93} INFO - [SQL: INSERT INTO articles_silver (article_id, title, author, content, source, category, published_at, url, canonical_url, scraped_at, content_clean, title_normalized, content_length, word_count, detected_language, silver_timestamp, data_quality_score) VALUES (%(article_id)s, %(title)s, %(author)s, %(content)s, %(source)s, %(category)s, %(published_at)s, %(url)s, %(canonical_url)s, %(scraped_at)s, %(content_clean)s, %(title_normalized)s, %(content_length)s, %(word_count)s, %(detected_language)s, %(silver_timestamp)s, %(data_quality_score)s)]
[2026-05-09T13:52:01.078+0000] {subprocess.py:93} INFO - [parameters: ({'article_id': '4527cc89c7ac5fd81c4d5946', 'title': "L'accord entre l'Iran et les États-Unis toujours en suspend", 'author': 'FRANCE24', 'content': '', 'source': 'France24', 'category': 'Unknown', 'published_at': datetime.datetime(2026, 5, 9, 8, 49, 50), 'url': 'https://www.france24.com/fr/vid%C3%A9o/20260509-l-accord-entre-l-iran-et-les-%C3%A9tats-unis-toujours-en-suspend', 'canonical_url': '', 'scraped_at': datetime.datetime(2026, 5, 9, 13, 51, 40, 856038), 'content_clean': '', 'title_normalized': 'Laccord entre lIran et les États-Unis toujours en suspend', 'content_length': 0, 'word_count': 0, 'detected_language': 'unknown', 'silver_timestamp': '2026-05-09T13:52:00.221541', 'data_quality_score': 0.3333333333333333}, {'article_id': '3e25fbb2a5a030a8d2a6d747', 'title': 'Royaume-Uni : "fin du bipartisme" après l\'échec des travaillistes aux élections locales', 'author': 'FRANCE24', 'content': '', 'source': 'France24', 'category': 'Unknown', 'published_at': datetime.datetime(2026, 5, 9, 8, 52, 37), 'url': 'https://www.france24.com/fr/vid%C3%A9o/20260509-royaume-uni-fin-du-bipartisme-apr%C3%A8s-l-%C3%A9chec-des-travaillistes-aux-%C3%A9lections-locales', 'canonical_url': '', 'scraped_at': datetime.datetime(2026, 5, 9, 13, 51, 40, 789728), 'content_clean': '', 'title_normalized': 'Royaume-Uni  fin du bipartisme après léchec des travaillistes aux élections locales', 'content_length': 0, 'word_count': 0, 'detected_language': 'unknown', 'silver_timestamp': '2026-05-09T13:52:00.221541', 'data_quality_score': 0.3333333333333333}, {'article_id': '1bea8fc7ee82eff609602093', 'title': 'Hantavirus : tensions autour de l’arrivée du bateau aux Canaries', 'author': 'FRANCE24', 'content': '', 'source': 'France24', 'category': 'Unknown', 'published_at': datetime.datetime(2026, 5, 9, 8, 54, 1), 'url': 'https://www.france24.com/fr/vid%C3%A9o/20260509-hantavirus-tensions-autour-de-l-arriv%C3%A9e-du-bateau-aux-canaries', 'canonical_url': '', 'scraped_at': datetime.datetime(2026, 5, 9, 13, 51, 40, 731571), 'content_clean': '', 'title_normalized': 'Hantavirus  tensions autour de larrivée du bateau aux Canaries', 'content_length': 0, 'word_count': 0, 'detected_language': 'unknown', 'silver_timestamp': '2026-05-09T13:52:00.221541', 'data_quality_score': 0.3333333333333333}, {'article_id': '733cffdf24caaf4e30364bcc', 'title': 'Hantavirus : quelle prise en charge pour les 5 Français à leur arrivée aux Canaries ?', 'author': 'FRANCE24', 'content': '', 'source': 'France24', 'category': 'Unknown', 'published_at': datetime.datetime(2026, 5, 9, 8, 55, 31), 'url': 'https://www.france24.com/fr/vid%C3%A9o/20260509-hantavirus-quelle-prise-en-charge-pour-les-5-fran%C3%A7ais-%C3%A0-leur-arriv%C3%A9e-aux-canaries', 'canonical_url': '', 'scraped_at': datetime.datetime(2026, 5, 9, 13, 51, 40, 658433), 'content_clean': '', 'title_normalized': 'Hantavirus  quelle prise en charge pour les 5 Français à leur arrivée aux Canaries ?', 'content_length': 0, 'word_count': 0, 'detected_language': 'unknown', 'silver_timestamp': '2026-05-09T13:52:00.221541', 'data_quality_score': 0.3333333333333333}, {'article_id': 'b1758851de343c12c78baf70', 'title': '9-Mai : Poutine dit que son armée affronte en Ukraine des "forces agressives" soutenues par l\'Otan', 'author': 'FRANCE 24', 'content': '', 'source': 'France24', 'category': 'Europe', 'published_at': datetime.datetime(2026, 5, 9, 8, 55, 40), 'url': 'https://www.france24.com/fr/europe/20260509-defile-9-mai-poutine-dit-armee-affronte-ukraine-forces-agressives', 'canonical_url': '', 'scraped_at': datetime.datetime(2026, 5, 9, 13, 51, 40, 584496), 'content_clean': '', 'title_normalized': '9-Mai  Poutine dit que son armée affronte en Ukraine des forces agressives soutenues par lOtan', 'content_length': 0, 'word_count': 0, 'detected_language': 'unknown', 'silver_timestamp': '2026-05-09T13:52:00.221541', 'data_quality_score': 0.3333333333333333}, {'article_id': 'ae961c45722eb3d1c5a8de09', 'title': 'OVNI : le Pentagone publie de nouveaux documents, sans preuve d’extraterrestres', 'author': 'FRANCE24', 'content': '', 'source': 'France24', 'category': 'Unknown', 'published_at': datetime.datetime(2026, 5, 9, 9, 1, 47), 'url': 'https://www.france24.com/fr/vid%C3%A9o/20260509-ovni-le-pentagone-publie-de-nouveaux-documents-sans-preuve-d-extraterrestres', 'canonical_url': '', 'scraped_at': datetime.datetime(2026, 5, 9, 13, 51, 40, 510764), 'content_clean': '', 'title_normalized': 'OVNI  le Pentagone publie de nouveaux documents, sans preuve dextraterrestres', 'content_length': 0, 'word_count': 0, 'detected_language': 'unknown', 'silver_timestamp': '2026-05-09T13:52:00.221541', 'data_quality_score': 0.3333333333333333}, {'article_id': 'bfdfbfdfc39f054337ee0198', 'title': "Les océans proches de nouveaux records de chaleur, selon l'observatoire Copernicus", 'author': 'FRANCE24', 'content': '', 'source': 'France24', 'category': 'Unknown', 'published_at': datetime.datetime(2026, 5, 9, 9, 10, 8), 'url': 'https://www.france24.com/fr/vid%C3%A9o/20260509-les-oc%C3%A9ans-proches-de-nouveaux-records-de-chaleur-selon-l-observatoire-copernicus', 'canonical_url': '', 'scraped_at': datetime.datetime(2026, 5, 9, 13, 51, 40, 403750), 'content_clean': '', 'title_normalized': 'Les océans proches de nouveaux records de chaleur, selon lobservatoire Copernicus', 'content_length': 0, 'word_count': 0, 'detected_language': 'unknown', 'silver_timestamp': '2026-05-09T13:52:00.221541', 'data_quality_score': 0.3333333333333333}, {'article_id': '06d2aa329b77c904eb40bcbc', 'title': 'Mondial 2026 : des dirigeants de la FSF privés de visas pour les États-Unis', 'author': 'FRANCE24', 'content': '', 'source': 'France24', 'category': 'Unknown', 'published_at': datetime.datetime(2026, 5, 9, 9, 31, 46), 'url': 'https://www.france24.com/fr/vid%C3%A9o/20260509-mondial-2026-des-dirigeants-de-la-fsf-priv%C3%A9s-de-visas-pour-les-%C3%A9tats-unis', 'canonical_url': '', 'scraped_at': datetime.datetime(2026, 5, 9, 13, 51, 40, 306262), 'content_clean': '', 'title_normalized': 'Mondial 2026  des dirigeants de la FSF privés de visas pour les États-Unis', 'content_length': 0, 'word_count': 0, 'detected_language': 'unknown', 'silver_timestamp': '2026-05-09T13:52:00.221541', 'data_quality_score': 0.3333333333333333}  ... displaying 10 of 50 total bound parameter sets ...  {'article_id': 'cdc67ba3ae3a6f64cded4c3a', 'title': "Iran accuses US of 'reckless military adventure'", 'author': 'Unknown', 'content': 'Iran\'s Foreign Minister Abbas Araghchi has accused the US of opting for a "reckless military adventure" every time a "diplomatic solution is on the  ... (4481 characters truncated) ... \nCopyright 2026 BBC. All rights reserved. The BBC is not responsible for the content of external sites. Read about our approach to external linking.', 'source': 'BBC News', 'category': 'Unknown', 'published_at': datetime.datetime(2026, 5, 9, 6, 13, 30), 'url': 'https://www.bbc.com/news/articles/c99lpn9ze8ro?at_medium=RSS&at_campaign=rss', 'canonical_url': 'https://www.bbc.com/news/articles/c99lpn9ze8ro', 'scraped_at': datetime.datetime(2026, 5, 9, 13, 51, 11, 738076), 'content_clean': 'Iran\'s Foreign Minister Abbas Araghchi has accused the US of opting for a "reckless military adventure" every time a "diplomatic solution is on the  ... (4450 characters truncated) ... . Copyright 2026 BBC. All rights reserved. The BBC is not responsible for the content of external sites. Read about our approach to external linking.', 'title_normalized': 'Iran accuses US of reckless military adventure', 'content_length': 4738, 'word_count': 786, 'detected_language': 'mixed', 'silver_timestamp': '2026-05-09T13:52:00.221541', 'data_quality_score': 1.0}, {'article_id': '0d89ce3337a491ec40dcabcd', 'title': "Putin denounces Nato at scaled back Russia's Victory Day parade", 'author': 'Unknown', 'content': 'Vladimir Putin has used his annual Victory Day speech in Moscow\'s Red Square to justify his war in Ukraine and denounce Nato.\nSpeaking in front of  ... (3885 characters truncated) ... on Red Square."\nSecurity measures have also been tightened, with threats of Ukrainian drones used to justify the paring back of this year\'s parade.', 'source': 'BBC News', 'category': 'Unknown', 'published_at': datetime.datetime(2026, 5, 9, 12, 18, 58), 'url': 'https://www.bbc.com/news/articles/c626xjq0q0vo?at_medium=RSS&at_campaign=rss', 'canonical_url': 'https://www.bbc.com/news/articles/c626xjq0q0vo', 'scraped_at': datetime.datetime(2026, 5, 9, 13, 51, 11, 494472), 'content_clean': 'Vladimir Putin has used his annual Victory Day speech in Moscow\'s Red Square to justify his war in Ukraine and denounce Nato. Speaking in front of h ... (3856 characters truncated) ...  on Red Square." Security measures have also been tightened, with threats of Ukrainian drones used to justify the paring back of this year\'s parade.', 'title_normalized': 'Putin denounces Nato at scaled back Russias Victory Day parade', 'content_length': 4138, 'word_count': 655, 'detected_language': 'mixed', 'silver_timestamp': '2026-05-09T13:52:00.221541', 'data_quality_score': 1.0})]
[2026-05-09T13:52:01.079+0000] {subprocess.py:93} INFO - (Background on this error at: https://sqlalche.me/e/14/gkpj)
[2026-05-09T13:52:01.185+0000] {subprocess.py:97} INFO - Command exited with return code 1
[2026-05-09T13:52:01.211+0000] {taskinstance.py:3310} ERROR - Task failed with exception
Traceback (most recent call last):
  File "/home/airflow/.local/lib/python3.11/site-packages/airflow/models/taskinstance.py", line 767, in _execute_task
    result = _execute_callable(context=context, **execute_callable_kwargs)
             ^^^^^^^^^^^^^^^^^^^^^^^^^^^^^^^^^^^^^^^^^^^^^^^^^^^^^^^^^^^^^
  File "/home/airflow/.local/lib/python3.11/site-packages/airflow/models/taskinstance.py", line 733, in _execute_callable
    return ExecutionCallableRunner(
           ^^^^^^^^^^^^^^^^^^^^^^^^
  File "/home/airflow/.local/lib/python3.11/site-packages/airflow/utils/operator_helpers.py", line 252, in run
    return self.func(*args, **kwargs)
           ^^^^^^^^^^^^^^^^^^^^^^^^^^
  File "/home/airflow/.local/lib/python3.11/site-packages/airflow/models/baseoperator.py", line 406, in wrapper
    return func(self, *args, **kwargs)
           ^^^^^^^^^^^^^^^^^^^^^^^^^^^
  File "/home/airflow/.local/lib/python3.11/site-packages/airflow/operators/bash.py", line 249, in execute
    raise AirflowException(
airflow.exceptions.AirflowException: Bash command failed. The command returned a non-zero exit code 1.
[2026-05-09T13:52:01.225+0000] {taskinstance.py:1225} INFO - Marking task as UP_FOR_RETRY. dag_id=mediapulse360_pipeline, task_id=transform_silver, run_id=scheduled__2026-05-09T12:00:00+00:00, execution_date=20260509T120000, start_date=20260509T135143, end_date=20260509T135201
[2026-05-09T13:52:01.254+0000] {taskinstance.py:340} INFO - ::group::Post task execution logs
[2026-05-09T13:52:01.256+0000] {standard_task_runner.py:124} ERROR - Failed to execute job 107 for task transform_silver (Bash command failed. The command returned a non-zero exit code 1.; 294)
Traceback (most recent call last):
  File "/home/airflow/.local/lib/python3.11/site-packages/airflow/task/task_runner/standard_task_runner.py", line 117, in _start_by_fork
    ret = args.func(args, dag=self.dag)
          ^^^^^^^^^^^^^^^^^^^^^^^^^^^^^
  File "/home/airflow/.local/lib/python3.11/site-packages/airflow/cli/cli_config.py", line 49, in command
    return func(*args, **kwargs)
           ^^^^^^^^^^^^^^^^^^^^^
  File "/home/airflow/.local/lib/python3.11/site-packages/airflow/utils/cli.py", line 115, in wrapper
    return f(*args, **kwargs)
           ^^^^^^^^^^^^^^^^^^
  File "/home/airflow/.local/lib/python3.11/site-packages/airflow/cli/commands/task_command.py", line 483, in task_run
    task_return_code = _run_task_by_selected_method(args, _dag, ti)
                       ^^^^^^^^^^^^^^^^^^^^^^^^^^^^^^^^^^^^^^^^^^^^
  File "/home/airflow/.local/lib/python3.11/site-packages/airflow/cli/commands/task_command.py", line 256, in _run_task_by_selected_method
    return _run_raw_task(args, ti)
           ^^^^^^^^^^^^^^^^^^^^^^^
  File "/home/airflow/.local/lib/python3.11/site-packages/airflow/cli/commands/task_command.py", line 341, in _run_raw_task
    return ti._run_raw_task(
           ^^^^^^^^^^^^^^^^^
  File "/home/airflow/.local/lib/python3.11/site-packages/airflow/utils/session.py", line 97, in wrapper
    return func(*args, session=session, **kwargs)
           ^^^^^^^^^^^^^^^^^^^^^^^^^^^^^^^^^^^^^^
  File "/home/airflow/.local/lib/python3.11/site-packages/airflow/models/taskinstance.py", line 3004, in _run_raw_task
    return _run_raw_task(
           ^^^^^^^^^^^^^^
  File "/home/airflow/.local/lib/python3.11/site-packages/airflow/models/taskinstance.py", line 273, in _run_raw_task
    TaskInstance._execute_task_with_callbacks(
  File "/home/airflow/.local/lib/python3.11/site-packages/airflow/models/taskinstance.py", line 3158, in _execute_task_with_callbacks
    result = self._execute_task(context, task_orig)
             ^^^^^^^^^^^^^^^^^^^^^^^^^^^^^^^^^^^^^^
  File "/home/airflow/.local/lib/python3.11/site-packages/airflow/models/taskinstance.py", line 3182, in _execute_task
    return _execute_task(self, context, task_orig)
           ^^^^^^^^^^^^^^^^^^^^^^^^^^^^^^^^^^^^^^^
  File "/home/airflow/.local/lib/python3.11/site-packages/airflow/models/taskinstance.py", line 767, in _execute_task
    result = _execute_callable(context=context, **execute_callable_kwargs)
             ^^^^^^^^^^^^^^^^^^^^^^^^^^^^^^^^^^^^^^^^^^^^^^^^^^^^^^^^^^^^^
  File "/home/airflow/.local/lib/python3.11/site-packages/airflow/models/taskinstance.py", line 733, in _execute_callable
    return ExecutionCallableRunner(
           ^^^^^^^^^^^^^^^^^^^^^^^^
  File "/home/airflow/.local/lib/python3.11/site-packages/airflow/utils/operator_helpers.py", line 252, in run
    return self.func(*args, **kwargs)
           ^^^^^^^^^^^^^^^^^^^^^^^^^^
  File "/home/airflow/.local/lib/python3.11/site-packages/airflow/models/baseoperator.py", line 406, in wrapper
    return func(self, *args, **kwargs)
           ^^^^^^^^^^^^^^^^^^^^^^^^^^^
  File "/home/airflow/.local/lib/python3.11/site-packages/airflow/operators/bash.py", line 249, in execute
    raise AirflowException(
airflow.exceptions.AirflowException: Bash command failed. The command returned a non-zero exit code 1.
[2026-05-09T13:52:01.284+0000] {local_task_job_runner.py:266} INFO - Task exited with return code 1
[2026-05-09T13:52:01.306+0000] {taskinstance.py:3900} INFO - 0 downstream tasks scheduled from follow-on schedule check
[2026-05-09T13:52:01.310+0000] {local_task_job_runner.py:245} INFO - ::endgroup::
