[2026-05-09T15:08:19.556+0000] {local_task_job_runner.py:123} INFO - ::group::Pre task execution logs
[2026-05-09T15:08:19.575+0000] {taskinstance.py:2612} INFO - Dependencies all met for dep_context=non-requeueable deps ti=<TaskInstance: mediapulse360_pipeline.transform_silver scheduled__2026-05-09T14:00:00+00:00 [queued]>
[2026-05-09T15:08:19.585+0000] {taskinstance.py:2612} INFO - Dependencies all met for dep_context=requeueable deps ti=<TaskInstance: mediapulse360_pipeline.transform_silver scheduled__2026-05-09T14:00:00+00:00 [queued]>
[2026-05-09T15:08:19.596+0000] {taskinstance.py:2865} INFO - Starting attempt 1 of 3
[2026-05-09T15:08:19.611+0000] {taskinstance.py:2888} INFO - Executing <Task(BashOperator): transform_silver> on 2026-05-09 14:00:00+00:00
[2026-05-09T15:08:19.618+0000] {standard_task_runner.py:72} INFO - Started process 1653 to run task
[2026-05-09T15:08:19.622+0000] {standard_task_runner.py:104} INFO - Running: ['***', 'tasks', 'run', 'mediapulse360_pipeline', 'transform_silver', 'scheduled__2026-05-09T14:00:00+00:00', '--job-id', '136', '--raw', '--subdir', 'DAGS_FOLDER/mediapulse360_pipeline.py', '--cfg-path', '/tmp/tmp_q77rxll']
[2026-05-09T15:08:19.625+0000] {standard_task_runner.py:105} INFO - Job 136: Subtask transform_silver
[2026-05-09T15:08:19.680+0000] {task_command.py:467} INFO - Running <TaskInstance: mediapulse360_pipeline.transform_silver scheduled__2026-05-09T14:00:00+00:00 [running]> on host 8eea0feb297a
[2026-05-09T15:08:19.774+0000] {taskinstance.py:3131} INFO - Exporting env vars: AIRFLOW_CTX_DAG_OWNER='data-eng' AIRFLOW_CTX_DAG_ID='mediapulse360_pipeline' AIRFLOW_CTX_TASK_ID='transform_silver' AIRFLOW_CTX_EXECUTION_DATE='2026-05-09T14:00:00+00:00' AIRFLOW_CTX_TRY_NUMBER='1' AIRFLOW_CTX_DAG_RUN_ID='scheduled__2026-05-09T14:00:00+00:00'
[2026-05-09T15:08:19.776+0000] {taskinstance.py:731} INFO - ::endgroup::
[2026-05-09T15:08:19.789+0000] {subprocess.py:63} INFO - Tmp dir root location: /tmp
[2026-05-09T15:08:19.792+0000] {subprocess.py:75} INFO - Running command: ['/usr/bin/bash', '-c', 'python -m pip install --quiet --target /tmp/***_deps minio feedparser && export PYTHONPATH=/tmp/***_deps:$PYTHONPATH && cd /opt/project && python -c "from scripts.pipeline import transform_silver; print(transform_silver())"']
[2026-05-09T15:08:19.806+0000] {subprocess.py:86} INFO - Output:
[2026-05-09T15:08:23.719+0000] {subprocess.py:93} INFO - ERROR: pip's dependency resolver does not currently take into account all the packages that are installed. This behaviour is the source of the following dependency conflicts.
[2026-05-09T15:08:23.721+0000] {subprocess.py:93} INFO - snowflake-connector-python 3.12.2 requires cffi<2.0.0,>=1.9, but you have cffi 2.0.0 which is incompatible.
[2026-05-09T15:08:23.723+0000] {subprocess.py:93} INFO - WARNING: Target directory /tmp/***_deps/Crypto already exists. Specify --upgrade to force replacement.
[2026-05-09T15:08:23.724+0000] {subprocess.py:93} INFO - WARNING: Target directory /tmp/***_deps/urllib3 already exists. Specify --upgrade to force replacement.
[2026-05-09T15:08:23.725+0000] {subprocess.py:93} INFO - WARNING: Target directory /tmp/***_deps/typing_extensions-4.15.0.dist-info already exists. Specify --upgrade to force replacement.
[2026-05-09T15:08:23.727+0000] {subprocess.py:93} INFO - WARNING: Target directory /tmp/***_deps/pycryptodome-3.23.0.dist-info already exists. Specify --upgrade to force replacement.
[2026-05-09T15:08:23.728+0000] {subprocess.py:93} INFO - WARNING: Target directory /tmp/***_deps/sgmllib.py already exists. Specify --upgrade to force replacement.
[2026-05-09T15:08:23.729+0000] {subprocess.py:93} INFO - WARNING: Target directory /tmp/***_deps/certifi already exists. Specify --upgrade to force replacement.
[2026-05-09T15:08:23.730+0000] {subprocess.py:93} INFO - WARNING: Target directory /tmp/***_deps/argon2_cffi_bindings-25.1.0.dist-info already exists. Specify --upgrade to force replacement.
[2026-05-09T15:08:23.731+0000] {subprocess.py:93} INFO - WARNING: Target directory /tmp/***_deps/urllib3-2.7.0.dist-info already exists. Specify --upgrade to force replacement.
[2026-05-09T15:08:23.732+0000] {subprocess.py:93} INFO - WARNING: Target directory /tmp/***_deps/feedparser already exists. Specify --upgrade to force replacement.
[2026-05-09T15:08:23.733+0000] {subprocess.py:93} INFO - WARNING: Target directory /tmp/***_deps/pycparser-3.0.dist-info already exists. Specify --upgrade to force replacement.
[2026-05-09T15:08:23.734+0000] {subprocess.py:93} INFO - WARNING: Target directory /tmp/***_deps/typing_extensions.py already exists. Specify --upgrade to force replacement.
[2026-05-09T15:08:23.734+0000] {subprocess.py:93} INFO - WARNING: Target directory /tmp/***_deps/sgmllib3k-1.0.0.dist-info already exists. Specify --upgrade to force replacement.
[2026-05-09T15:08:23.735+0000] {subprocess.py:93} INFO - WARNING: Target directory /tmp/***_deps/argon2 already exists. Specify --upgrade to force replacement.
[2026-05-09T15:08:23.736+0000] {subprocess.py:93} INFO - WARNING: Target directory /tmp/***_deps/__pycache__ already exists. Specify --upgrade to force replacement.
[2026-05-09T15:08:23.736+0000] {subprocess.py:93} INFO - WARNING: Target directory /tmp/***_deps/_argon2_cffi_bindings already exists. Specify --upgrade to force replacement.
[2026-05-09T15:08:23.737+0000] {subprocess.py:93} INFO - WARNING: Target directory /tmp/***_deps/cffi-2.0.0.dist-info already exists. Specify --upgrade to force replacement.
[2026-05-09T15:08:23.738+0000] {subprocess.py:93} INFO - WARNING: Target directory /tmp/***_deps/_cffi_backend.cpython-311-x86_64-linux-gnu.so already exists. Specify --upgrade to force replacement.
[2026-05-09T15:08:23.738+0000] {subprocess.py:93} INFO - WARNING: Target directory /tmp/***_deps/certifi-2026.4.22.dist-info already exists. Specify --upgrade to force replacement.
[2026-05-09T15:08:23.739+0000] {subprocess.py:93} INFO - WARNING: Target directory /tmp/***_deps/pycparser already exists. Specify --upgrade to force replacement.
[2026-05-09T15:08:23.740+0000] {subprocess.py:93} INFO - WARNING: Target directory /tmp/***_deps/feedparser-6.0.12.dist-info already exists. Specify --upgrade to force replacement.
[2026-05-09T15:08:23.740+0000] {subprocess.py:93} INFO - WARNING: Target directory /tmp/***_deps/cffi already exists. Specify --upgrade to force replacement.
[2026-05-09T15:08:23.742+0000] {subprocess.py:93} INFO - WARNING: Target directory /tmp/***_deps/minio already exists. Specify --upgrade to force replacement.
[2026-05-09T15:08:23.742+0000] {subprocess.py:93} INFO - WARNING: Target directory /tmp/***_deps/argon2_cffi-25.1.0.dist-info already exists. Specify --upgrade to force replacement.
[2026-05-09T15:08:23.743+0000] {subprocess.py:93} INFO - WARNING: Target directory /tmp/***_deps/minio-7.2.20.dist-info already exists. Specify --upgrade to force replacement.
[2026-05-09T15:08:23.755+0000] {subprocess.py:93} INFO - 
[2026-05-09T15:08:23.756+0000] {subprocess.py:93} INFO - [notice] A new release of pip is available: 24.2 -> 26.1.1
[2026-05-09T15:08:23.758+0000] {subprocess.py:93} INFO - [notice] To update, run: pip install --upgrade pip
[2026-05-09T15:08:25.544+0000] {subprocess.py:93} INFO - INFO:scripts.pipeline:=== SILVER LAYER: CLEANING & NORMALIZATION ===
[2026-05-09T15:08:25.739+0000] {subprocess.py:93} INFO - INFO:scripts.pipeline:Bucket already exists: bronze-articles
[2026-05-09T15:08:25.743+0000] {subprocess.py:93} INFO - INFO:scripts.pipeline:Bucket already exists: silver-articles
[2026-05-09T15:08:25.746+0000] {subprocess.py:93} INFO - INFO:scripts.pipeline:Bucket already exists: gold-analytics
[2026-05-09T15:08:25.786+0000] {subprocess.py:93} INFO - INFO:scripts.pipeline:Processing 56 articles for Silver layer
[2026-05-09T15:08:25.879+0000] {subprocess.py:93} INFO - INFO:scripts.pipeline:Uploaded articles_cleaned_20260509_150825.parquet to Silver layer (56 rows)
[2026-05-09T15:08:25.923+0000] {subprocess.py:93} INFO - 56
[2026-05-09T15:08:26.053+0000] {subprocess.py:97} INFO - Command exited with return code 0
[2026-05-09T15:08:26.082+0000] {taskinstance.py:340} INFO - ::group::Post task execution logs
[2026-05-09T15:08:26.084+0000] {taskinstance.py:352} INFO - Marking task as SUCCESS. dag_id=mediapulse360_pipeline, task_id=transform_silver, run_id=scheduled__2026-05-09T14:00:00+00:00, execution_date=20260509T140000, start_date=20260509T150819, end_date=20260509T150826
[2026-05-09T15:08:26.127+0000] {local_task_job_runner.py:266} INFO - Task exited with return code 0
[2026-05-09T15:08:26.153+0000] {taskinstance.py:3900} INFO - 1 downstream tasks scheduled from follow-on schedule check
[2026-05-09T15:08:26.156+0000] {local_task_job_runner.py:245} INFO - ::endgroup::
