[2026-05-09T10:49:55.872+0000] {taskinstance.py:1956} INFO - Dependencies all met for dep_context=non-requeueable deps ti=<TaskInstance: mediapulse360_pipeline.transform_silver manual__2026-05-09T10:49:32+00:00 [queued]>
[2026-05-09T10:49:55.883+0000] {taskinstance.py:1956} INFO - Dependencies all met for dep_context=requeueable deps ti=<TaskInstance: mediapulse360_pipeline.transform_silver manual__2026-05-09T10:49:32+00:00 [queued]>
[2026-05-09T10:49:55.884+0000] {taskinstance.py:2170} INFO - Starting attempt 1 of 3
[2026-05-09T10:49:55.900+0000] {taskinstance.py:2191} INFO - Executing <Task(BashOperator): transform_silver> on 2026-05-09 10:49:32+00:00
[2026-05-09T10:49:55.905+0000] {standard_task_runner.py:60} INFO - Started process 293 to run task
[2026-05-09T10:49:55.911+0000] {standard_task_runner.py:87} INFO - Running: ['***', 'tasks', 'run', 'mediapulse360_pipeline', 'transform_silver', 'manual__2026-05-09T10:49:32+00:00', '--job-id', '9', '--raw', '--subdir', 'DAGS_FOLDER/mediapulse360_pipeline.py', '--cfg-path', '/tmp/tmp40er2jkv']
[2026-05-09T10:49:55.914+0000] {standard_task_runner.py:88} INFO - Job 9: Subtask transform_silver
[2026-05-09T10:49:55.988+0000] {task_command.py:423} INFO - Running <TaskInstance: mediapulse360_pipeline.transform_silver manual__2026-05-09T10:49:32+00:00 [running]> on host c8097e4ba7d4
[2026-05-09T10:49:56.081+0000] {taskinstance.py:2480} INFO - Exporting env vars: AIRFLOW_CTX_DAG_OWNER='data-eng' AIRFLOW_CTX_DAG_ID='mediapulse360_pipeline' AIRFLOW_CTX_TASK_ID='transform_silver' AIRFLOW_CTX_EXECUTION_DATE='2026-05-09T10:49:32+00:00' AIRFLOW_CTX_TRY_NUMBER='1' AIRFLOW_CTX_DAG_RUN_ID='manual__2026-05-09T10:49:32+00:00'
[2026-05-09T10:49:56.082+0000] {subprocess.py:63} INFO - Tmp dir root location: /tmp
[2026-05-09T10:49:56.084+0000] {subprocess.py:75} INFO - Running command: ['/usr/bin/bash', '-c', 'python -m pip install --quiet --target /tmp/***_deps minio feedparser && export PYTHONPATH=/tmp/***_deps:$PYTHONPATH && cd /opt/project && python -c "from scripts.pipeline import transform_silver; print(transform_silver())"']
[2026-05-09T10:49:56.103+0000] {subprocess.py:86} INFO - Output:
[2026-05-09T10:50:01.786+0000] {subprocess.py:93} INFO - ERROR: pip's dependency resolver does not currently take into account all the packages that are installed. This behaviour is the source of the following dependency conflicts.
[2026-05-09T10:50:01.787+0000] {subprocess.py:93} INFO - botocore 1.33.13 requires urllib3<2.1,>=1.25.4; python_version >= "3.10", but you have urllib3 2.7.0 which is incompatible.
[2026-05-09T10:50:01.787+0000] {subprocess.py:93} INFO - snowflake-connector-python 3.6.0 requires cffi<2.0.0,>=1.9, but you have cffi 2.0.0 which is incompatible.
[2026-05-09T10:50:01.788+0000] {subprocess.py:93} INFO - WARNING: Target directory /tmp/***_deps/Crypto already exists. Specify --upgrade to force replacement.
[2026-05-09T10:50:01.788+0000] {subprocess.py:93} INFO - WARNING: Target directory /tmp/***_deps/urllib3 already exists. Specify --upgrade to force replacement.
[2026-05-09T10:50:01.789+0000] {subprocess.py:93} INFO - WARNING: Target directory /tmp/***_deps/typing_extensions-4.15.0.dist-info already exists. Specify --upgrade to force replacement.
[2026-05-09T10:50:01.789+0000] {subprocess.py:93} INFO - WARNING: Target directory /tmp/***_deps/pycryptodome-3.23.0.dist-info already exists. Specify --upgrade to force replacement.
[2026-05-09T10:50:01.789+0000] {subprocess.py:93} INFO - WARNING: Target directory /tmp/***_deps/sgmllib.py already exists. Specify --upgrade to force replacement.
[2026-05-09T10:50:01.790+0000] {subprocess.py:93} INFO - WARNING: Target directory /tmp/***_deps/certifi already exists. Specify --upgrade to force replacement.
[2026-05-09T10:50:01.790+0000] {subprocess.py:93} INFO - WARNING: Target directory /tmp/***_deps/argon2_cffi_bindings-25.1.0.dist-info already exists. Specify --upgrade to force replacement.
[2026-05-09T10:50:01.791+0000] {subprocess.py:93} INFO - WARNING: Target directory /tmp/***_deps/urllib3-2.7.0.dist-info already exists. Specify --upgrade to force replacement.
[2026-05-09T10:50:01.793+0000] {subprocess.py:93} INFO - WARNING: Target directory /tmp/***_deps/feedparser already exists. Specify --upgrade to force replacement.
[2026-05-09T10:50:01.794+0000] {subprocess.py:93} INFO - WARNING: Target directory /tmp/***_deps/pycparser-3.0.dist-info already exists. Specify --upgrade to force replacement.
[2026-05-09T10:50:01.794+0000] {subprocess.py:93} INFO - WARNING: Target directory /tmp/***_deps/typing_extensions.py already exists. Specify --upgrade to force replacement.
[2026-05-09T10:50:01.795+0000] {subprocess.py:93} INFO - WARNING: Target directory /tmp/***_deps/sgmllib3k-1.0.0.dist-info already exists. Specify --upgrade to force replacement.
[2026-05-09T10:50:01.796+0000] {subprocess.py:93} INFO - WARNING: Target directory /tmp/***_deps/argon2 already exists. Specify --upgrade to force replacement.
[2026-05-09T10:50:01.797+0000] {subprocess.py:93} INFO - WARNING: Target directory /tmp/***_deps/__pycache__ already exists. Specify --upgrade to force replacement.
[2026-05-09T10:50:01.798+0000] {subprocess.py:93} INFO - WARNING: Target directory /tmp/***_deps/_argon2_cffi_bindings already exists. Specify --upgrade to force replacement.
[2026-05-09T10:50:01.798+0000] {subprocess.py:93} INFO - WARNING: Target directory /tmp/***_deps/cffi-2.0.0.dist-info already exists. Specify --upgrade to force replacement.
[2026-05-09T10:50:01.799+0000] {subprocess.py:93} INFO - WARNING: Target directory /tmp/***_deps/_cffi_backend.cpython-311-x86_64-linux-gnu.so already exists. Specify --upgrade to force replacement.
[2026-05-09T10:50:01.799+0000] {subprocess.py:93} INFO - WARNING: Target directory /tmp/***_deps/certifi-2026.4.22.dist-info already exists. Specify --upgrade to force replacement.
[2026-05-09T10:50:01.799+0000] {subprocess.py:93} INFO - WARNING: Target directory /tmp/***_deps/pycparser already exists. Specify --upgrade to force replacement.
[2026-05-09T10:50:01.800+0000] {subprocess.py:93} INFO - WARNING: Target directory /tmp/***_deps/feedparser-6.0.12.dist-info already exists. Specify --upgrade to force replacement.
[2026-05-09T10:50:01.801+0000] {subprocess.py:93} INFO - WARNING: Target directory /tmp/***_deps/cffi already exists. Specify --upgrade to force replacement.
[2026-05-09T10:50:01.801+0000] {subprocess.py:93} INFO - WARNING: Target directory /tmp/***_deps/minio already exists. Specify --upgrade to force replacement.
[2026-05-09T10:50:01.801+0000] {subprocess.py:93} INFO - WARNING: Target directory /tmp/***_deps/argon2_cffi-25.1.0.dist-info already exists. Specify --upgrade to force replacement.
[2026-05-09T10:50:01.802+0000] {subprocess.py:93} INFO - WARNING: Target directory /tmp/***_deps/minio-7.2.20.dist-info already exists. Specify --upgrade to force replacement.
[2026-05-09T10:50:01.988+0000] {subprocess.py:93} INFO - 
[2026-05-09T10:50:01.989+0000] {subprocess.py:93} INFO - [notice] A new release of pip is available: 23.3.2 -> 26.1.1
[2026-05-09T10:50:01.989+0000] {subprocess.py:93} INFO - [notice] To update, run: python -m pip install --upgrade pip
[2026-05-09T10:50:02.335+0000] {subprocess.py:93} INFO - Traceback (most recent call last):
[2026-05-09T10:50:02.335+0000] {subprocess.py:93} INFO -   File "<string>", line 1, in <module>
[2026-05-09T10:50:02.336+0000] {subprocess.py:93} INFO -   File "/opt/project/scripts/pipeline.py", line 100
[2026-05-09T10:50:02.336+0000] {subprocess.py:93} INFO -     with ENGINE.connect() as conn:
[2026-05-09T10:50:02.336+0000] {subprocess.py:93} INFO - IndentationError: unexpected indent
[2026-05-09T10:50:02.338+0000] {subprocess.py:97} INFO - Command exited with return code 1
[2026-05-09T10:50:02.349+0000] {taskinstance.py:2698} ERROR - Task failed with exception
Traceback (most recent call last):
  File "/home/airflow/.local/lib/python3.11/site-packages/airflow/models/taskinstance.py", line 433, in _execute_task
    result = execute_callable(context=context, **execute_callable_kwargs)
             ^^^^^^^^^^^^^^^^^^^^^^^^^^^^^^^^^^^^^^^^^^^^^^^^^^^^^^^^^^^^
  File "/home/airflow/.local/lib/python3.11/site-packages/airflow/operators/bash.py", line 212, in execute
    raise AirflowException(
airflow.exceptions.AirflowException: Bash command failed. The command returned a non-zero exit code 1.
[2026-05-09T10:50:02.352+0000] {taskinstance.py:1138} INFO - Marking task as UP_FOR_RETRY. dag_id=mediapulse360_pipeline, task_id=transform_silver, execution_date=20260509T104932, start_date=20260509T104955, end_date=20260509T105002
[2026-05-09T10:50:02.367+0000] {standard_task_runner.py:107} ERROR - Failed to execute job 9 for task transform_silver (Bash command failed. The command returned a non-zero exit code 1.; 293)
[2026-05-09T10:50:02.393+0000] {local_task_job_runner.py:234} INFO - Task exited with return code 1
[2026-05-09T10:50:02.412+0000] {taskinstance.py:3280} INFO - 0 downstream tasks scheduled from follow-on schedule check
