[2026-05-09T10:47:45.457+0000] {taskinstance.py:1956} INFO - Dependencies all met for dep_context=non-requeueable deps ti=<TaskInstance: mediapulse360_pipeline.transform_silver manual__2026-05-09T10:47:17+00:00 [queued]>
[2026-05-09T10:47:45.468+0000] {taskinstance.py:1956} INFO - Dependencies all met for dep_context=requeueable deps ti=<TaskInstance: mediapulse360_pipeline.transform_silver manual__2026-05-09T10:47:17+00:00 [queued]>
[2026-05-09T10:47:45.469+0000] {taskinstance.py:2170} INFO - Starting attempt 1 of 3
[2026-05-09T10:47:45.484+0000] {taskinstance.py:2191} INFO - Executing <Task(BashOperator): transform_silver> on 2026-05-09 10:47:17+00:00
[2026-05-09T10:47:45.523+0000] {standard_task_runner.py:60} INFO - Started process 200 to run task
[2026-05-09T10:47:45.528+0000] {standard_task_runner.py:87} INFO - Running: ['***', 'tasks', 'run', 'mediapulse360_pipeline', 'transform_silver', 'manual__2026-05-09T10:47:17+00:00', '--job-id', '7', '--raw', '--subdir', 'DAGS_FOLDER/mediapulse360_pipeline.py', '--cfg-path', '/tmp/tmp_usasemq']
[2026-05-09T10:47:45.532+0000] {standard_task_runner.py:88} INFO - Job 7: Subtask transform_silver
[2026-05-09T10:47:46.055+0000] {task_command.py:423} INFO - Running <TaskInstance: mediapulse360_pipeline.transform_silver manual__2026-05-09T10:47:17+00:00 [running]> on host c8097e4ba7d4
[2026-05-09T10:47:46.322+0000] {taskinstance.py:2480} INFO - Exporting env vars: AIRFLOW_CTX_DAG_OWNER='data-eng' AIRFLOW_CTX_DAG_ID='mediapulse360_pipeline' AIRFLOW_CTX_TASK_ID='transform_silver' AIRFLOW_CTX_EXECUTION_DATE='2026-05-09T10:47:17+00:00' AIRFLOW_CTX_TRY_NUMBER='1' AIRFLOW_CTX_DAG_RUN_ID='manual__2026-05-09T10:47:17+00:00'
[2026-05-09T10:47:46.324+0000] {subprocess.py:63} INFO - Tmp dir root location: /tmp
[2026-05-09T10:47:46.326+0000] {subprocess.py:75} INFO - Running command: ['/usr/bin/bash', '-c', 'python -m pip install --quiet --target /tmp/***_deps minio feedparser && export PYTHONPATH=/tmp/***_deps:$PYTHONPATH && cd /opt/project && python -c "from scripts.pipeline import transform_silver; print(transform_silver())"']
[2026-05-09T10:47:46.343+0000] {subprocess.py:86} INFO - Output:
[2026-05-09T10:47:55.208+0000] {subprocess.py:93} INFO - ERROR: pip's dependency resolver does not currently take into account all the packages that are installed. This behaviour is the source of the following dependency conflicts.
[2026-05-09T10:47:55.209+0000] {subprocess.py:93} INFO - botocore 1.33.13 requires urllib3<2.1,>=1.25.4; python_version >= "3.10", but you have urllib3 2.7.0 which is incompatible.
[2026-05-09T10:47:55.210+0000] {subprocess.py:93} INFO - snowflake-connector-python 3.6.0 requires cffi<2.0.0,>=1.9, but you have cffi 2.0.0 which is incompatible.
[2026-05-09T10:47:55.211+0000] {subprocess.py:93} INFO - WARNING: Target directory /tmp/***_deps/Crypto already exists. Specify --upgrade to force replacement.
[2026-05-09T10:47:55.211+0000] {subprocess.py:93} INFO - WARNING: Target directory /tmp/***_deps/urllib3 already exists. Specify --upgrade to force replacement.
[2026-05-09T10:47:55.212+0000] {subprocess.py:93} INFO - WARNING: Target directory /tmp/***_deps/typing_extensions-4.15.0.dist-info already exists. Specify --upgrade to force replacement.
[2026-05-09T10:47:55.212+0000] {subprocess.py:93} INFO - WARNING: Target directory /tmp/***_deps/pycryptodome-3.23.0.dist-info already exists. Specify --upgrade to force replacement.
[2026-05-09T10:47:55.213+0000] {subprocess.py:93} INFO - WARNING: Target directory /tmp/***_deps/sgmllib.py already exists. Specify --upgrade to force replacement.
[2026-05-09T10:47:55.214+0000] {subprocess.py:93} INFO - WARNING: Target directory /tmp/***_deps/certifi already exists. Specify --upgrade to force replacement.
[2026-05-09T10:47:55.216+0000] {subprocess.py:93} INFO - WARNING: Target directory /tmp/***_deps/argon2_cffi_bindings-25.1.0.dist-info already exists. Specify --upgrade to force replacement.
[2026-05-09T10:47:55.217+0000] {subprocess.py:93} INFO - WARNING: Target directory /tmp/***_deps/urllib3-2.7.0.dist-info already exists. Specify --upgrade to force replacement.
[2026-05-09T10:47:55.217+0000] {subprocess.py:93} INFO - WARNING: Target directory /tmp/***_deps/feedparser already exists. Specify --upgrade to force replacement.
[2026-05-09T10:47:55.218+0000] {subprocess.py:93} INFO - WARNING: Target directory /tmp/***_deps/pycparser-3.0.dist-info already exists. Specify --upgrade to force replacement.
[2026-05-09T10:47:55.218+0000] {subprocess.py:93} INFO - WARNING: Target directory /tmp/***_deps/typing_extensions.py already exists. Specify --upgrade to force replacement.
[2026-05-09T10:47:55.219+0000] {subprocess.py:93} INFO - WARNING: Target directory /tmp/***_deps/sgmllib3k-1.0.0.dist-info already exists. Specify --upgrade to force replacement.
[2026-05-09T10:47:55.219+0000] {subprocess.py:93} INFO - WARNING: Target directory /tmp/***_deps/argon2 already exists. Specify --upgrade to force replacement.
[2026-05-09T10:47:55.220+0000] {subprocess.py:93} INFO - WARNING: Target directory /tmp/***_deps/__pycache__ already exists. Specify --upgrade to force replacement.
[2026-05-09T10:47:55.220+0000] {subprocess.py:93} INFO - WARNING: Target directory /tmp/***_deps/_argon2_cffi_bindings already exists. Specify --upgrade to force replacement.
[2026-05-09T10:47:55.220+0000] {subprocess.py:93} INFO - WARNING: Target directory /tmp/***_deps/cffi-2.0.0.dist-info already exists. Specify --upgrade to force replacement.
[2026-05-09T10:47:55.221+0000] {subprocess.py:93} INFO - WARNING: Target directory /tmp/***_deps/_cffi_backend.cpython-311-x86_64-linux-gnu.so already exists. Specify --upgrade to force replacement.
[2026-05-09T10:47:55.221+0000] {subprocess.py:93} INFO - WARNING: Target directory /tmp/***_deps/certifi-2026.4.22.dist-info already exists. Specify --upgrade to force replacement.
[2026-05-09T10:47:55.222+0000] {subprocess.py:93} INFO - WARNING: Target directory /tmp/***_deps/pycparser already exists. Specify --upgrade to force replacement.
[2026-05-09T10:47:55.222+0000] {subprocess.py:93} INFO - WARNING: Target directory /tmp/***_deps/feedparser-6.0.12.dist-info already exists. Specify --upgrade to force replacement.
[2026-05-09T10:47:55.223+0000] {subprocess.py:93} INFO - WARNING: Target directory /tmp/***_deps/cffi already exists. Specify --upgrade to force replacement.
[2026-05-09T10:47:55.223+0000] {subprocess.py:93} INFO - WARNING: Target directory /tmp/***_deps/minio already exists. Specify --upgrade to force replacement.
[2026-05-09T10:47:55.223+0000] {subprocess.py:93} INFO - WARNING: Target directory /tmp/***_deps/argon2_cffi-25.1.0.dist-info already exists. Specify --upgrade to force replacement.
[2026-05-09T10:47:55.224+0000] {subprocess.py:93} INFO - WARNING: Target directory /tmp/***_deps/minio-7.2.20.dist-info already exists. Specify --upgrade to force replacement.
[2026-05-09T10:47:55.372+0000] {subprocess.py:93} INFO - 
[2026-05-09T10:47:55.373+0000] {subprocess.py:93} INFO - [notice] A new release of pip is available: 23.3.2 -> 26.1.1
[2026-05-09T10:47:55.374+0000] {subprocess.py:93} INFO - [notice] To update, run: python -m pip install --upgrade pip
[2026-05-09T10:47:56.748+0000] {subprocess.py:93} INFO - INFO:scripts.pipeline:=== SILVER LAYER: CLEANING & NORMALIZATION ===
[2026-05-09T10:47:56.865+0000] {subprocess.py:93} INFO - ERROR:scripts.pipeline:Silver transformation failed: (psycopg2.errors.UndefinedColumn) column "scraped_at" does not exist
[2026-05-09T10:47:56.867+0000] {subprocess.py:93} INFO - LINE 3: ...                published_at, url, canonical_url, scraped_at
[2026-05-09T10:47:56.868+0000] {subprocess.py:93} INFO -                                                              ^
[2026-05-09T10:47:56.868+0000] {subprocess.py:93} INFO - HINT:  Perhaps you meant to reference the column "articles_detail.created_at".
[2026-05-09T10:47:56.869+0000] {subprocess.py:93} INFO - 
[2026-05-09T10:47:56.869+0000] {subprocess.py:93} INFO - [SQL:
[2026-05-09T10:47:56.869+0000] {subprocess.py:93} INFO -             SELECT article_id, title, author, content, source, category,
[2026-05-09T10:47:56.870+0000] {subprocess.py:93} INFO -                    published_at, url, canonical_url, scraped_at
[2026-05-09T10:47:56.870+0000] {subprocess.py:93} INFO -             FROM articles_detail
[2026-05-09T10:47:56.870+0000] {subprocess.py:93} INFO -             WHERE scraped_at > NOW() - INTERVAL '1 hour'
[2026-05-09T10:47:56.871+0000] {subprocess.py:93} INFO -             ORDER BY scraped_at DESC
[2026-05-09T10:47:56.871+0000] {subprocess.py:93} INFO -             ]
[2026-05-09T10:47:56.871+0000] {subprocess.py:93} INFO - (Background on this error at: https://sqlalche.me/e/14/f405)
[2026-05-09T10:47:56.872+0000] {subprocess.py:93} INFO - Traceback (most recent call last):
[2026-05-09T10:47:56.872+0000] {subprocess.py:93} INFO -   File "/home/***/.local/lib/python3.11/site-packages/sqlalchemy/engine/base.py", line 1910, in _execute_context
[2026-05-09T10:47:56.872+0000] {subprocess.py:93} INFO -     self.dialect.do_execute(
[2026-05-09T10:47:56.873+0000] {subprocess.py:93} INFO -   File "/home/***/.local/lib/python3.11/site-packages/sqlalchemy/engine/default.py", line 736, in do_execute
[2026-05-09T10:47:56.873+0000] {subprocess.py:93} INFO -     cursor.execute(statement, parameters)
[2026-05-09T10:47:56.873+0000] {subprocess.py:93} INFO - psycopg2.errors.UndefinedColumn: column "scraped_at" does not exist
[2026-05-09T10:47:56.874+0000] {subprocess.py:93} INFO - LINE 3: ...                published_at, url, canonical_url, scraped_at
[2026-05-09T10:47:56.874+0000] {subprocess.py:93} INFO -                                                              ^
[2026-05-09T10:47:56.874+0000] {subprocess.py:93} INFO - HINT:  Perhaps you meant to reference the column "articles_detail.created_at".
[2026-05-09T10:47:56.874+0000] {subprocess.py:93} INFO - 
[2026-05-09T10:47:56.875+0000] {subprocess.py:93} INFO - 
[2026-05-09T10:47:56.875+0000] {subprocess.py:93} INFO - The above exception was the direct cause of the following exception:
[2026-05-09T10:47:56.875+0000] {subprocess.py:93} INFO - 
[2026-05-09T10:47:56.876+0000] {subprocess.py:93} INFO - Traceback (most recent call last):
[2026-05-09T10:47:56.876+0000] {subprocess.py:93} INFO -   File "<string>", line 1, in <module>
[2026-05-09T10:47:56.877+0000] {subprocess.py:93} INFO -   File "/opt/project/scripts/pipeline.py", line 109, in transform_silver
[2026-05-09T10:47:56.877+0000] {subprocess.py:93} INFO -     df = pd.read_sql(query, conn)
[2026-05-09T10:47:56.878+0000] {subprocess.py:93} INFO -          ^^^^^^^^^^^^^^^^^^^^^^^^
[2026-05-09T10:47:56.878+0000] {subprocess.py:93} INFO -   File "/home/***/.local/lib/python3.11/site-packages/pandas/io/sql.py", line 682, in read_sql
[2026-05-09T10:47:56.879+0000] {subprocess.py:93} INFO -     return pandas_sql.read_query(
[2026-05-09T10:47:56.879+0000] {subprocess.py:93} INFO -            ^^^^^^^^^^^^^^^^^^^^^^
[2026-05-09T10:47:56.880+0000] {subprocess.py:93} INFO -   File "/home/***/.local/lib/python3.11/site-packages/pandas/io/sql.py", line 1776, in read_query
[2026-05-09T10:47:56.880+0000] {subprocess.py:93} INFO -     result = self.execute(sql, params)
[2026-05-09T10:47:56.881+0000] {subprocess.py:93} INFO -              ^^^^^^^^^^^^^^^^^^^^^^^^^
[2026-05-09T10:47:56.881+0000] {subprocess.py:93} INFO -   File "/home/***/.local/lib/python3.11/site-packages/pandas/io/sql.py", line 1599, in execute
[2026-05-09T10:47:56.882+0000] {subprocess.py:93} INFO -     return self.con.exec_driver_sql(sql, *args)
[2026-05-09T10:47:56.883+0000] {subprocess.py:93} INFO -            ^^^^^^^^^^^^^^^^^^^^^^^^^^^^^^^^^^^^
[2026-05-09T10:47:56.884+0000] {subprocess.py:93} INFO -   File "/home/***/.local/lib/python3.11/site-packages/sqlalchemy/engine/base.py", line 1770, in exec_driver_sql
[2026-05-09T10:47:56.885+0000] {subprocess.py:93} INFO -     return self._exec_driver_sql(
[2026-05-09T10:47:56.885+0000] {subprocess.py:93} INFO -            ^^^^^^^^^^^^^^^^^^^^^^
[2026-05-09T10:47:56.886+0000] {subprocess.py:93} INFO -   File "/home/***/.local/lib/python3.11/site-packages/sqlalchemy/engine/base.py", line 1674, in _exec_driver_sql
[2026-05-09T10:47:56.886+0000] {subprocess.py:93} INFO -     ret = self._execute_context(
[2026-05-09T10:47:56.886+0000] {subprocess.py:93} INFO -           ^^^^^^^^^^^^^^^^^^^^^^
[2026-05-09T10:47:56.887+0000] {subprocess.py:93} INFO -   File "/home/***/.local/lib/python3.11/site-packages/sqlalchemy/engine/base.py", line 1953, in _execute_context
[2026-05-09T10:47:56.887+0000] {subprocess.py:93} INFO -     self._handle_dbapi_exception(
[2026-05-09T10:47:56.888+0000] {subprocess.py:93} INFO -   File "/home/***/.local/lib/python3.11/site-packages/sqlalchemy/engine/base.py", line 2134, in _handle_dbapi_exception
[2026-05-09T10:47:56.888+0000] {subprocess.py:93} INFO -     util.raise_(
[2026-05-09T10:47:56.888+0000] {subprocess.py:93} INFO -   File "/home/***/.local/lib/python3.11/site-packages/sqlalchemy/util/compat.py", line 211, in raise_
[2026-05-09T10:47:56.889+0000] {subprocess.py:93} INFO -     raise exception
[2026-05-09T10:47:56.889+0000] {subprocess.py:93} INFO -   File "/home/***/.local/lib/python3.11/site-packages/sqlalchemy/engine/base.py", line 1910, in _execute_context
[2026-05-09T10:47:56.890+0000] {subprocess.py:93} INFO -     self.dialect.do_execute(
[2026-05-09T10:47:56.890+0000] {subprocess.py:93} INFO -   File "/home/***/.local/lib/python3.11/site-packages/sqlalchemy/engine/default.py", line 736, in do_execute
[2026-05-09T10:47:56.890+0000] {subprocess.py:93} INFO -     cursor.execute(statement, parameters)
[2026-05-09T10:47:56.891+0000] {subprocess.py:93} INFO - sqlalchemy.exc.ProgrammingError: (psycopg2.errors.UndefinedColumn) column "scraped_at" does not exist
[2026-05-09T10:47:56.891+0000] {subprocess.py:93} INFO - LINE 3: ...                published_at, url, canonical_url, scraped_at
[2026-05-09T10:47:56.892+0000] {subprocess.py:93} INFO -                                                              ^
[2026-05-09T10:47:56.892+0000] {subprocess.py:93} INFO - HINT:  Perhaps you meant to reference the column "articles_detail.created_at".
[2026-05-09T10:47:56.892+0000] {subprocess.py:93} INFO - 
[2026-05-09T10:47:56.893+0000] {subprocess.py:93} INFO - [SQL:
[2026-05-09T10:47:56.893+0000] {subprocess.py:93} INFO -             SELECT article_id, title, author, content, source, category,
[2026-05-09T10:47:56.893+0000] {subprocess.py:93} INFO -                    published_at, url, canonical_url, scraped_at
[2026-05-09T10:47:56.894+0000] {subprocess.py:93} INFO -             FROM articles_detail
[2026-05-09T10:47:56.894+0000] {subprocess.py:93} INFO -             WHERE scraped_at > NOW() - INTERVAL '1 hour'
[2026-05-09T10:47:56.894+0000] {subprocess.py:93} INFO -             ORDER BY scraped_at DESC
[2026-05-09T10:47:56.895+0000] {subprocess.py:93} INFO -             ]
[2026-05-09T10:47:56.895+0000] {subprocess.py:93} INFO - (Background on this error at: https://sqlalche.me/e/14/f405)
[2026-05-09T10:47:57.045+0000] {subprocess.py:97} INFO - Command exited with return code 1
[2026-05-09T10:47:57.063+0000] {taskinstance.py:2698} ERROR - Task failed with exception
Traceback (most recent call last):
  File "/home/airflow/.local/lib/python3.11/site-packages/airflow/models/taskinstance.py", line 433, in _execute_task
    result = execute_callable(context=context, **execute_callable_kwargs)
             ^^^^^^^^^^^^^^^^^^^^^^^^^^^^^^^^^^^^^^^^^^^^^^^^^^^^^^^^^^^^
  File "/home/airflow/.local/lib/python3.11/site-packages/airflow/operators/bash.py", line 212, in execute
    raise AirflowException(
airflow.exceptions.AirflowException: Bash command failed. The command returned a non-zero exit code 1.
[2026-05-09T10:47:57.070+0000] {taskinstance.py:1138} INFO - Marking task as UP_FOR_RETRY. dag_id=mediapulse360_pipeline, task_id=transform_silver, execution_date=20260509T104717, start_date=20260509T104745, end_date=20260509T104757
[2026-05-09T10:47:57.085+0000] {standard_task_runner.py:107} ERROR - Failed to execute job 7 for task transform_silver (Bash command failed. The command returned a non-zero exit code 1.; 200)
[2026-05-09T10:47:57.117+0000] {local_task_job_runner.py:234} INFO - Task exited with return code 1
[2026-05-09T10:47:57.145+0000] {taskinstance.py:3280} INFO - 0 downstream tasks scheduled from follow-on schedule check
