[2026-05-09T10:52:58.075+0000] {taskinstance.py:1956} INFO - Dependencies all met for dep_context=non-requeueable deps ti=<TaskInstance: mediapulse360_pipeline.transform_silver manual__2026-05-09T10:47:17+00:00 [queued]>
[2026-05-09T10:52:58.085+0000] {taskinstance.py:1956} INFO - Dependencies all met for dep_context=requeueable deps ti=<TaskInstance: mediapulse360_pipeline.transform_silver manual__2026-05-09T10:47:17+00:00 [queued]>
[2026-05-09T10:52:58.086+0000] {taskinstance.py:2170} INFO - Starting attempt 2 of 3
[2026-05-09T10:52:58.109+0000] {taskinstance.py:2191} INFO - Executing <Task(BashOperator): transform_silver> on 2026-05-09 10:47:17+00:00
[2026-05-09T10:52:58.118+0000] {standard_task_runner.py:60} INFO - Started process 481 to run task
[2026-05-09T10:52:58.126+0000] {standard_task_runner.py:87} INFO - Running: ['***', 'tasks', 'run', 'mediapulse360_pipeline', 'transform_silver', 'manual__2026-05-09T10:47:17+00:00', '--job-id', '15', '--raw', '--subdir', 'DAGS_FOLDER/mediapulse360_pipeline.py', '--cfg-path', '/tmp/tmpt6gm2vwq']
[2026-05-09T10:52:58.134+0000] {standard_task_runner.py:88} INFO - Job 15: Subtask transform_silver
[2026-05-09T10:52:58.229+0000] {task_command.py:423} INFO - Running <TaskInstance: mediapulse360_pipeline.transform_silver manual__2026-05-09T10:47:17+00:00 [running]> on host c8097e4ba7d4
[2026-05-09T10:52:58.339+0000] {taskinstance.py:2480} INFO - Exporting env vars: AIRFLOW_CTX_DAG_OWNER='data-eng' AIRFLOW_CTX_DAG_ID='mediapulse360_pipeline' AIRFLOW_CTX_TASK_ID='transform_silver' AIRFLOW_CTX_EXECUTION_DATE='2026-05-09T10:47:17+00:00' AIRFLOW_CTX_TRY_NUMBER='2' AIRFLOW_CTX_DAG_RUN_ID='manual__2026-05-09T10:47:17+00:00'
[2026-05-09T10:52:58.341+0000] {subprocess.py:63} INFO - Tmp dir root location: /tmp
[2026-05-09T10:52:58.343+0000] {subprocess.py:75} INFO - Running command: ['/usr/bin/bash', '-c', 'python -m pip install --quiet --target /tmp/***_deps minio feedparser && export PYTHONPATH=/tmp/***_deps:$PYTHONPATH && cd /opt/project && python -c "from scripts.pipeline import transform_silver; print(transform_silver())"']
[2026-05-09T10:52:58.357+0000] {subprocess.py:86} INFO - Output:
[2026-05-09T10:53:04.080+0000] {subprocess.py:93} INFO - ERROR: pip's dependency resolver does not currently take into account all the packages that are installed. This behaviour is the source of the following dependency conflicts.
[2026-05-09T10:53:04.081+0000] {subprocess.py:93} INFO - botocore 1.33.13 requires urllib3<2.1,>=1.25.4; python_version >= "3.10", but you have urllib3 2.7.0 which is incompatible.
[2026-05-09T10:53:04.082+0000] {subprocess.py:93} INFO - snowflake-connector-python 3.6.0 requires cffi<2.0.0,>=1.9, but you have cffi 2.0.0 which is incompatible.
[2026-05-09T10:53:04.082+0000] {subprocess.py:93} INFO - WARNING: Target directory /tmp/***_deps/Crypto already exists. Specify --upgrade to force replacement.
[2026-05-09T10:53:04.083+0000] {subprocess.py:93} INFO - WARNING: Target directory /tmp/***_deps/urllib3 already exists. Specify --upgrade to force replacement.
[2026-05-09T10:53:04.083+0000] {subprocess.py:93} INFO - WARNING: Target directory /tmp/***_deps/typing_extensions-4.15.0.dist-info already exists. Specify --upgrade to force replacement.
[2026-05-09T10:53:04.084+0000] {subprocess.py:93} INFO - WARNING: Target directory /tmp/***_deps/pycryptodome-3.23.0.dist-info already exists. Specify --upgrade to force replacement.
[2026-05-09T10:53:04.084+0000] {subprocess.py:93} INFO - WARNING: Target directory /tmp/***_deps/sgmllib.py already exists. Specify --upgrade to force replacement.
[2026-05-09T10:53:04.085+0000] {subprocess.py:93} INFO - WARNING: Target directory /tmp/***_deps/certifi already exists. Specify --upgrade to force replacement.
[2026-05-09T10:53:04.085+0000] {subprocess.py:93} INFO - WARNING: Target directory /tmp/***_deps/argon2_cffi_bindings-25.1.0.dist-info already exists. Specify --upgrade to force replacement.
[2026-05-09T10:53:04.086+0000] {subprocess.py:93} INFO - WARNING: Target directory /tmp/***_deps/urllib3-2.7.0.dist-info already exists. Specify --upgrade to force replacement.
[2026-05-09T10:53:04.086+0000] {subprocess.py:93} INFO - WARNING: Target directory /tmp/***_deps/feedparser already exists. Specify --upgrade to force replacement.
[2026-05-09T10:53:04.087+0000] {subprocess.py:93} INFO - WARNING: Target directory /tmp/***_deps/pycparser-3.0.dist-info already exists. Specify --upgrade to force replacement.
[2026-05-09T10:53:04.087+0000] {subprocess.py:93} INFO - WARNING: Target directory /tmp/***_deps/typing_extensions.py already exists. Specify --upgrade to force replacement.
[2026-05-09T10:53:04.088+0000] {subprocess.py:93} INFO - WARNING: Target directory /tmp/***_deps/sgmllib3k-1.0.0.dist-info already exists. Specify --upgrade to force replacement.
[2026-05-09T10:53:04.088+0000] {subprocess.py:93} INFO - WARNING: Target directory /tmp/***_deps/argon2 already exists. Specify --upgrade to force replacement.
[2026-05-09T10:53:04.088+0000] {subprocess.py:93} INFO - WARNING: Target directory /tmp/***_deps/__pycache__ already exists. Specify --upgrade to force replacement.
[2026-05-09T10:53:04.089+0000] {subprocess.py:93} INFO - WARNING: Target directory /tmp/***_deps/_argon2_cffi_bindings already exists. Specify --upgrade to force replacement.
[2026-05-09T10:53:04.089+0000] {subprocess.py:93} INFO - WARNING: Target directory /tmp/***_deps/cffi-2.0.0.dist-info already exists. Specify --upgrade to force replacement.
[2026-05-09T10:53:04.090+0000] {subprocess.py:93} INFO - WARNING: Target directory /tmp/***_deps/_cffi_backend.cpython-311-x86_64-linux-gnu.so already exists. Specify --upgrade to force replacement.
[2026-05-09T10:53:04.090+0000] {subprocess.py:93} INFO - WARNING: Target directory /tmp/***_deps/certifi-2026.4.22.dist-info already exists. Specify --upgrade to force replacement.
[2026-05-09T10:53:04.091+0000] {subprocess.py:93} INFO - WARNING: Target directory /tmp/***_deps/pycparser already exists. Specify --upgrade to force replacement.
[2026-05-09T10:53:04.091+0000] {subprocess.py:93} INFO - WARNING: Target directory /tmp/***_deps/feedparser-6.0.12.dist-info already exists. Specify --upgrade to force replacement.
[2026-05-09T10:53:04.092+0000] {subprocess.py:93} INFO - WARNING: Target directory /tmp/***_deps/cffi already exists. Specify --upgrade to force replacement.
[2026-05-09T10:53:04.092+0000] {subprocess.py:93} INFO - WARNING: Target directory /tmp/***_deps/minio already exists. Specify --upgrade to force replacement.
[2026-05-09T10:53:04.093+0000] {subprocess.py:93} INFO - WARNING: Target directory /tmp/***_deps/argon2_cffi-25.1.0.dist-info already exists. Specify --upgrade to force replacement.
[2026-05-09T10:53:04.094+0000] {subprocess.py:93} INFO - WARNING: Target directory /tmp/***_deps/minio-7.2.20.dist-info already exists. Specify --upgrade to force replacement.
[2026-05-09T10:53:04.283+0000] {subprocess.py:93} INFO - 
[2026-05-09T10:53:04.283+0000] {subprocess.py:93} INFO - [notice] A new release of pip is available: 23.3.2 -> 26.1.1
[2026-05-09T10:53:04.284+0000] {subprocess.py:93} INFO - [notice] To update, run: python -m pip install --upgrade pip
[2026-05-09T10:53:05.405+0000] {subprocess.py:93} INFO - INFO:scripts.pipeline:=== SILVER LAYER: CLEANING & NORMALIZATION ===
[2026-05-09T10:53:05.502+0000] {subprocess.py:93} INFO - INFO:scripts.pipeline:Processing 52 articles for Silver layer
[2026-05-09T10:53:05.575+0000] {subprocess.py:93} INFO - ERROR:scripts.pipeline:Silver transformation failed: S3 operation failed; code: NoSuchBucket, message: The specified bucket does not exist, resource: /silver-articles, request_id: 18ADE03E2FA5BDAF, host_id: dd9025bab4ad464b049177c95eb6ebf374d3b3fd1af9251148b658df7ac2e3e8, bucket_name: silver-articles
[2026-05-09T10:53:05.576+0000] {subprocess.py:93} INFO - Traceback (most recent call last):
[2026-05-09T10:53:05.578+0000] {subprocess.py:93} INFO -   File "<string>", line 1, in <module>
[2026-05-09T10:53:05.579+0000] {subprocess.py:93} INFO -   File "/opt/project/scripts/pipeline.py", line 181, in transform_silver
[2026-05-09T10:53:05.580+0000] {subprocess.py:93} INFO -     MINIO_CLIENT.put_object(
[2026-05-09T10:53:05.580+0000] {subprocess.py:93} INFO -   File "/tmp/***_deps/minio/api.py", line 2015, in put_object
[2026-05-09T10:53:05.581+0000] {subprocess.py:93} INFO -     raise exc
[2026-05-09T10:53:05.582+0000] {subprocess.py:93} INFO -   File "/tmp/***_deps/minio/api.py", line 1960, in put_object
[2026-05-09T10:53:05.582+0000] {subprocess.py:93} INFO -     return self._put_object(
[2026-05-09T10:53:05.583+0000] {subprocess.py:93} INFO -            ^^^^^^^^^^^^^^^^^
[2026-05-09T10:53:05.583+0000] {subprocess.py:93} INFO -   File "/tmp/***_deps/minio/api.py", line 1789, in _put_object
[2026-05-09T10:53:05.583+0000] {subprocess.py:93} INFO -     response = self._execute(
[2026-05-09T10:53:05.584+0000] {subprocess.py:93} INFO -                ^^^^^^^^^^^^^^
[2026-05-09T10:53:05.584+0000] {subprocess.py:93} INFO -   File "/tmp/***_deps/minio/api.py", line 441, in _execute
[2026-05-09T10:53:05.584+0000] {subprocess.py:93} INFO -     region = self._get_region(bucket_name)
[2026-05-09T10:53:05.585+0000] {subprocess.py:93} INFO -              ^^^^^^^^^^^^^^^^^^^^^^^^^^^^^
[2026-05-09T10:53:05.585+0000] {subprocess.py:93} INFO -   File "/tmp/***_deps/minio/api.py", line 498, in _get_region
[2026-05-09T10:53:05.585+0000] {subprocess.py:93} INFO -     response = self._url_open(
[2026-05-09T10:53:05.586+0000] {subprocess.py:93} INFO -                ^^^^^^^^^^^^^^^
[2026-05-09T10:53:05.586+0000] {subprocess.py:93} INFO -   File "/tmp/***_deps/minio/api.py", line 427, in _url_open
[2026-05-09T10:53:05.587+0000] {subprocess.py:93} INFO -     raise response_error
[2026-05-09T10:53:05.587+0000] {subprocess.py:93} INFO - minio.error.S3Error: S3 operation failed; code: NoSuchBucket, message: The specified bucket does not exist, resource: /silver-articles, request_id: 18ADE03E2FA5BDAF, host_id: dd9025bab4ad464b049177c95eb6ebf374d3b3fd1af9251148b658df7ac2e3e8, bucket_name: silver-articles
[2026-05-09T10:53:05.732+0000] {subprocess.py:97} INFO - Command exited with return code 1
[2026-05-09T10:53:05.740+0000] {taskinstance.py:2698} ERROR - Task failed with exception
Traceback (most recent call last):
  File "/home/airflow/.local/lib/python3.11/site-packages/airflow/models/taskinstance.py", line 433, in _execute_task
    result = execute_callable(context=context, **execute_callable_kwargs)
             ^^^^^^^^^^^^^^^^^^^^^^^^^^^^^^^^^^^^^^^^^^^^^^^^^^^^^^^^^^^^
  File "/home/airflow/.local/lib/python3.11/site-packages/airflow/operators/bash.py", line 212, in execute
    raise AirflowException(
airflow.exceptions.AirflowException: Bash command failed. The command returned a non-zero exit code 1.
[2026-05-09T10:53:05.745+0000] {taskinstance.py:1138} INFO - Marking task as UP_FOR_RETRY. dag_id=mediapulse360_pipeline, task_id=transform_silver, execution_date=20260509T104717, start_date=20260509T105258, end_date=20260509T105305
[2026-05-09T10:53:05.757+0000] {standard_task_runner.py:107} ERROR - Failed to execute job 15 for task transform_silver (Bash command failed. The command returned a non-zero exit code 1.; 481)
[2026-05-09T10:53:05.772+0000] {local_task_job_runner.py:234} INFO - Task exited with return code 1
[2026-05-09T10:53:05.791+0000] {taskinstance.py:3280} INFO - 0 downstream tasks scheduled from follow-on schedule check
