[2026-05-09T10:47:21.519+0000] {taskinstance.py:1956} INFO - Dependencies all met for dep_context=non-requeueable deps ti=<TaskInstance: mediapulse360_pipeline.extract_bronze manual__2026-05-09T10:47:17+00:00 [queued]>
[2026-05-09T10:47:21.535+0000] {taskinstance.py:1956} INFO - Dependencies all met for dep_context=requeueable deps ti=<TaskInstance: mediapulse360_pipeline.extract_bronze manual__2026-05-09T10:47:17+00:00 [queued]>
[2026-05-09T10:47:21.540+0000] {taskinstance.py:2170} INFO - Starting attempt 1 of 3
[2026-05-09T10:47:21.582+0000] {taskinstance.py:2191} INFO - Executing <Task(BashOperator): extract_bronze> on 2026-05-09 10:47:17+00:00
[2026-05-09T10:47:21.701+0000] {standard_task_runner.py:60} INFO - Started process 175 to run task
[2026-05-09T10:47:21.706+0000] {standard_task_runner.py:87} INFO - Running: ['***', 'tasks', 'run', 'mediapulse360_pipeline', 'extract_bronze', 'manual__2026-05-09T10:47:17+00:00', '--job-id', '6', '--raw', '--subdir', 'DAGS_FOLDER/mediapulse360_pipeline.py', '--cfg-path', '/tmp/tmppk7ww8tj']
[2026-05-09T10:47:21.709+0000] {standard_task_runner.py:88} INFO - Job 6: Subtask extract_bronze
[2026-05-09T10:47:22.534+0000] {task_command.py:423} INFO - Running <TaskInstance: mediapulse360_pipeline.extract_bronze manual__2026-05-09T10:47:17+00:00 [running]> on host c8097e4ba7d4
[2026-05-09T10:47:23.141+0000] {taskinstance.py:2480} INFO - Exporting env vars: AIRFLOW_CTX_DAG_OWNER='data-eng' AIRFLOW_CTX_DAG_ID='mediapulse360_pipeline' AIRFLOW_CTX_TASK_ID='extract_bronze' AIRFLOW_CTX_EXECUTION_DATE='2026-05-09T10:47:17+00:00' AIRFLOW_CTX_TRY_NUMBER='1' AIRFLOW_CTX_DAG_RUN_ID='manual__2026-05-09T10:47:17+00:00'
[2026-05-09T10:47:23.142+0000] {subprocess.py:63} INFO - Tmp dir root location: /tmp
[2026-05-09T10:47:23.169+0000] {subprocess.py:75} INFO - Running command: ['/usr/bin/bash', '-c', 'python -m pip install --quiet --target /tmp/***_deps minio feedparser && export PYTHONPATH=/tmp/***_deps:$PYTHONPATH && cd /opt/project && python scripts/run_batch_insert.py']
[2026-05-09T10:47:23.184+0000] {subprocess.py:86} INFO - Output:
[2026-05-09T10:47:31.619+0000] {subprocess.py:93} INFO - ERROR: pip's dependency resolver does not currently take into account all the packages that are installed. This behaviour is the source of the following dependency conflicts.
[2026-05-09T10:47:31.620+0000] {subprocess.py:93} INFO - botocore 1.33.13 requires urllib3<2.1,>=1.25.4; python_version >= "3.10", but you have urllib3 2.7.0 which is incompatible.
[2026-05-09T10:47:31.621+0000] {subprocess.py:93} INFO - snowflake-connector-python 3.6.0 requires cffi<2.0.0,>=1.9, but you have cffi 2.0.0 which is incompatible.
[2026-05-09T10:47:31.793+0000] {subprocess.py:93} INFO - 
[2026-05-09T10:47:31.794+0000] {subprocess.py:93} INFO - [notice] A new release of pip is available: 23.3.2 -> 26.1.1
[2026-05-09T10:47:31.799+0000] {subprocess.py:93} INFO - [notice] To update, run: python -m pip install --upgrade pip
[2026-05-09T10:47:44.055+0000] {subprocess.py:93} INFO - 2026-05-09 10:47:44,054 INFO Upserting 50 articles
[2026-05-09T10:47:44.076+0000] {subprocess.py:93} INFO - 2026-05-09 10:47:44,076 INFO Upsert complete: 50 articles
[2026-05-09T10:47:44.079+0000] {subprocess.py:93} INFO - Scraped 50 articles
[2026-05-09T10:47:44.183+0000] {subprocess.py:97} INFO - Command exited with return code 0
[2026-05-09T10:47:44.222+0000] {taskinstance.py:1138} INFO - Marking task as SUCCESS. dag_id=mediapulse360_pipeline, task_id=extract_bronze, execution_date=20260509T104717, start_date=20260509T104721, end_date=20260509T104744
[2026-05-09T10:47:44.291+0000] {local_task_job_runner.py:234} INFO - Task exited with return code 0
[2026-05-09T10:47:44.326+0000] {taskinstance.py:3280} INFO - 1 downstream tasks scheduled from follow-on schedule check
