[2026-05-09T11:33:36.938+0000] {local_task_job_runner.py:123} INFO - ::group::Pre task execution logs
[2026-05-09T11:33:36.982+0000] {taskinstance.py:2612} INFO - Dependencies all met for dep_context=non-requeueable deps ti=<TaskInstance: mediapulse360_pipeline.load_gold scheduled__2026-05-09T10:00:00+00:00 [queued]>
[2026-05-09T11:33:37.037+0000] {taskinstance.py:2612} INFO - Dependencies all met for dep_context=requeueable deps ti=<TaskInstance: mediapulse360_pipeline.load_gold scheduled__2026-05-09T10:00:00+00:00 [queued]>
[2026-05-09T11:33:37.039+0000] {taskinstance.py:2865} INFO - Starting attempt 3 of 3
[2026-05-09T11:33:37.064+0000] {taskinstance.py:2888} INFO - Executing <Task(BashOperator): load_gold> on 2026-05-09 10:00:00+00:00
[2026-05-09T11:33:37.137+0000] {standard_task_runner.py:72} INFO - Started process 176 to run task
[2026-05-09T11:33:37.195+0000] {standard_task_runner.py:104} INFO - Running: ['***', 'tasks', 'run', 'mediapulse360_pipeline', 'load_gold', 'scheduled__2026-05-09T10:00:00+00:00', '--job-id', '91', '--raw', '--subdir', 'DAGS_FOLDER/mediapulse360_pipeline.py', '--cfg-path', '/tmp/tmpmqosr507']
[2026-05-09T11:33:37.284+0000] {standard_task_runner.py:105} INFO - Job 91: Subtask load_gold
[2026-05-09T11:33:38.203+0000] {task_command.py:467} INFO - Running <TaskInstance: mediapulse360_pipeline.load_gold scheduled__2026-05-09T10:00:00+00:00 [running]> on host 5834df99e713
[2026-05-09T11:33:42.379+0000] {taskinstance.py:3131} INFO - Exporting env vars: AIRFLOW_CTX_DAG_OWNER='data-eng' AIRFLOW_CTX_DAG_ID='mediapulse360_pipeline' AIRFLOW_CTX_TASK_ID='load_gold' AIRFLOW_CTX_EXECUTION_DATE='2026-05-09T10:00:00+00:00' AIRFLOW_CTX_TRY_NUMBER='3' AIRFLOW_CTX_DAG_RUN_ID='scheduled__2026-05-09T10:00:00+00:00'
[2026-05-09T11:33:42.382+0000] {taskinstance.py:731} INFO - ::endgroup::
[2026-05-09T11:33:42.488+0000] {subprocess.py:63} INFO - Tmp dir root location: /tmp
[2026-05-09T11:33:42.491+0000] {subprocess.py:75} INFO - Running command: ['/usr/bin/bash', '-c', 'python -m pip install --quiet --target /tmp/***_deps minio feedparser && export PYTHONPATH=/tmp/***_deps:$PYTHONPATH && cd /opt/project && python -c "from scripts.pipeline import load_gold; print(load_gold())"']
[2026-05-09T11:33:42.529+0000] {subprocess.py:86} INFO - Output:
[2026-05-09T11:33:58.027+0000] {job.py:229} INFO - Heartbeat recovered after 10.63 seconds
[2026-05-09T11:34:18.758+0000] {subprocess.py:93} INFO - ERROR: pip's dependency resolver does not currently take into account all the packages that are installed. This behaviour is the source of the following dependency conflicts.
[2026-05-09T11:34:18.763+0000] {subprocess.py:93} INFO - snowflake-connector-python 3.12.2 requires cffi<2.0.0,>=1.9, but you have cffi 2.0.0 which is incompatible.
[2026-05-09T11:34:19.112+0000] {subprocess.py:93} INFO - 
[2026-05-09T11:34:19.114+0000] {subprocess.py:93} INFO - [notice] A new release of pip is available: 24.2 -> 26.1.1
[2026-05-09T11:34:19.116+0000] {subprocess.py:93} INFO - [notice] To update, run: pip install --upgrade pip
[2026-05-09T11:34:26.291+0000] {subprocess.py:93} INFO - INFO:scripts.pipeline:=== GOLD LAYER: ANALYTICAL AGGREGATION ===
[2026-05-09T11:34:26.473+0000] {subprocess.py:93} INFO - INFO:scripts.pipeline:Updated articles_by_source
[2026-05-09T11:34:26.482+0000] {subprocess.py:93} INFO - INFO:scripts.pipeline:Updated articles_by_category
[2026-05-09T11:34:26.489+0000] {subprocess.py:93} INFO - INFO:scripts.pipeline:Updated top_keywords
[2026-05-09T11:34:26.492+0000] {subprocess.py:93} INFO - INFO:scripts.pipeline:Gold layer aggregations complete
[2026-05-09T11:34:26.493+0000] {subprocess.py:93} INFO - 3
[2026-05-09T11:34:26.774+0000] {subprocess.py:97} INFO - Command exited with return code 0
[2026-05-09T11:34:26.820+0000] {taskinstance.py:340} INFO - ::group::Post task execution logs
[2026-05-09T11:34:26.821+0000] {taskinstance.py:352} INFO - Marking task as SUCCESS. dag_id=mediapulse360_pipeline, task_id=load_gold, run_id=scheduled__2026-05-09T10:00:00+00:00, execution_date=20260509T100000, start_date=20260509T113336, end_date=20260509T113426
[2026-05-09T11:34:26.850+0000] {local_task_job_runner.py:266} INFO - Task exited with return code 0
[2026-05-09T11:34:26.886+0000] {taskinstance.py:3900} INFO - 2 downstream tasks scheduled from follow-on schedule check
[2026-05-09T11:34:26.893+0000] {local_task_job_runner.py:245} INFO - ::endgroup::
