[2026-05-09T11:35:34.722+0000] {local_task_job_runner.py:123} INFO - ::group::Pre task execution logs
[2026-05-09T11:35:34.744+0000] {taskinstance.py:2612} INFO - Dependencies all met for dep_context=non-requeueable deps ti=<TaskInstance: mediapulse360_pipeline.generate_metrics manual__2026-05-09T11:34:09+00:00 [queued]>
[2026-05-09T11:35:34.756+0000] {taskinstance.py:2612} INFO - Dependencies all met for dep_context=requeueable deps ti=<TaskInstance: mediapulse360_pipeline.generate_metrics manual__2026-05-09T11:34:09+00:00 [queued]>
[2026-05-09T11:35:34.757+0000] {taskinstance.py:2865} INFO - Starting attempt 1 of 3
[2026-05-09T11:35:34.774+0000] {taskinstance.py:2888} INFO - Executing <Task(BashOperator): generate_metrics> on 2026-05-09 11:34:09+00:00
[2026-05-09T11:35:34.781+0000] {standard_task_runner.py:72} INFO - Started process 469 to run task
[2026-05-09T11:35:34.787+0000] {standard_task_runner.py:104} INFO - Running: ['***', 'tasks', 'run', 'mediapulse360_pipeline', 'generate_metrics', 'manual__2026-05-09T11:34:09+00:00', '--job-id', '100', '--raw', '--subdir', 'DAGS_FOLDER/mediapulse360_pipeline.py', '--cfg-path', '/tmp/tmpfsmamhkh']
[2026-05-09T11:35:34.790+0000] {standard_task_runner.py:105} INFO - Job 100: Subtask generate_metrics
[2026-05-09T11:35:34.877+0000] {task_command.py:467} INFO - Running <TaskInstance: mediapulse360_pipeline.generate_metrics manual__2026-05-09T11:34:09+00:00 [running]> on host 5834df99e713
[2026-05-09T11:35:35.047+0000] {taskinstance.py:3131} INFO - Exporting env vars: AIRFLOW_CTX_DAG_OWNER='data-eng' AIRFLOW_CTX_DAG_ID='mediapulse360_pipeline' AIRFLOW_CTX_TASK_ID='generate_metrics' AIRFLOW_CTX_EXECUTION_DATE='2026-05-09T11:34:09+00:00' AIRFLOW_CTX_TRY_NUMBER='1' AIRFLOW_CTX_DAG_RUN_ID='manual__2026-05-09T11:34:09+00:00'
[2026-05-09T11:35:35.054+0000] {taskinstance.py:731} INFO - ::endgroup::
[2026-05-09T11:35:35.079+0000] {subprocess.py:63} INFO - Tmp dir root location: /tmp
[2026-05-09T11:35:35.082+0000] {subprocess.py:75} INFO - Running command: ['/usr/bin/bash', '-c', 'python -m pip install --quiet --target /tmp/***_deps minio feedparser && export PYTHONPATH=/tmp/***_deps:$PYTHONPATH && cd /opt/project && python -c "from scripts.pipeline import generate_metrics; print(generate_metrics())"']
[2026-05-09T11:35:35.107+0000] {subprocess.py:86} INFO - Output:
[2026-05-09T11:35:42.862+0000] {subprocess.py:93} INFO - ERROR: pip's dependency resolver does not currently take into account all the packages that are installed. This behaviour is the source of the following dependency conflicts.
[2026-05-09T11:35:42.863+0000] {subprocess.py:93} INFO - snowflake-connector-python 3.12.2 requires cffi<2.0.0,>=1.9, but you have cffi 2.0.0 which is incompatible.
[2026-05-09T11:35:42.864+0000] {subprocess.py:93} INFO - WARNING: Target directory /tmp/***_deps/Crypto already exists. Specify --upgrade to force replacement.
[2026-05-09T11:35:42.866+0000] {subprocess.py:93} INFO - WARNING: Target directory /tmp/***_deps/urllib3 already exists. Specify --upgrade to force replacement.
[2026-05-09T11:35:42.867+0000] {subprocess.py:93} INFO - WARNING: Target directory /tmp/***_deps/typing_extensions-4.15.0.dist-info already exists. Specify --upgrade to force replacement.
[2026-05-09T11:35:42.869+0000] {subprocess.py:93} INFO - WARNING: Target directory /tmp/***_deps/pycryptodome-3.23.0.dist-info already exists. Specify --upgrade to force replacement.
[2026-05-09T11:35:42.870+0000] {subprocess.py:93} INFO - WARNING: Target directory /tmp/***_deps/sgmllib.py already exists. Specify --upgrade to force replacement.
[2026-05-09T11:35:42.871+0000] {subprocess.py:93} INFO - WARNING: Target directory /tmp/***_deps/certifi already exists. Specify --upgrade to force replacement.
[2026-05-09T11:35:42.872+0000] {subprocess.py:93} INFO - WARNING: Target directory /tmp/***_deps/argon2_cffi_bindings-25.1.0.dist-info already exists. Specify --upgrade to force replacement.
[2026-05-09T11:35:42.873+0000] {subprocess.py:93} INFO - WARNING: Target directory /tmp/***_deps/urllib3-2.7.0.dist-info already exists. Specify --upgrade to force replacement.
[2026-05-09T11:35:42.873+0000] {subprocess.py:93} INFO - WARNING: Target directory /tmp/***_deps/feedparser already exists. Specify --upgrade to force replacement.
[2026-05-09T11:35:42.875+0000] {subprocess.py:93} INFO - WARNING: Target directory /tmp/***_deps/pycparser-3.0.dist-info already exists. Specify --upgrade to force replacement.
[2026-05-09T11:35:42.876+0000] {subprocess.py:93} INFO - WARNING: Target directory /tmp/***_deps/typing_extensions.py already exists. Specify --upgrade to force replacement.
[2026-05-09T11:35:42.877+0000] {subprocess.py:93} INFO - WARNING: Target directory /tmp/***_deps/sgmllib3k-1.0.0.dist-info already exists. Specify --upgrade to force replacement.
[2026-05-09T11:35:42.877+0000] {subprocess.py:93} INFO - WARNING: Target directory /tmp/***_deps/argon2 already exists. Specify --upgrade to force replacement.
[2026-05-09T11:35:42.878+0000] {subprocess.py:93} INFO - WARNING: Target directory /tmp/***_deps/__pycache__ already exists. Specify --upgrade to force replacement.
[2026-05-09T11:35:42.879+0000] {subprocess.py:93} INFO - WARNING: Target directory /tmp/***_deps/_argon2_cffi_bindings already exists. Specify --upgrade to force replacement.
[2026-05-09T11:35:42.880+0000] {subprocess.py:93} INFO - WARNING: Target directory /tmp/***_deps/cffi-2.0.0.dist-info already exists. Specify --upgrade to force replacement.
[2026-05-09T11:35:42.881+0000] {subprocess.py:93} INFO - WARNING: Target directory /tmp/***_deps/_cffi_backend.cpython-311-x86_64-linux-gnu.so already exists. Specify --upgrade to force replacement.
[2026-05-09T11:35:42.884+0000] {subprocess.py:93} INFO - WARNING: Target directory /tmp/***_deps/certifi-2026.4.22.dist-info already exists. Specify --upgrade to force replacement.
[2026-05-09T11:35:42.885+0000] {subprocess.py:93} INFO - WARNING: Target directory /tmp/***_deps/pycparser already exists. Specify --upgrade to force replacement.
[2026-05-09T11:35:42.887+0000] {subprocess.py:93} INFO - WARNING: Target directory /tmp/***_deps/feedparser-6.0.12.dist-info already exists. Specify --upgrade to force replacement.
[2026-05-09T11:35:42.888+0000] {subprocess.py:93} INFO - WARNING: Target directory /tmp/***_deps/cffi already exists. Specify --upgrade to force replacement.
[2026-05-09T11:35:42.889+0000] {subprocess.py:93} INFO - WARNING: Target directory /tmp/***_deps/minio already exists. Specify --upgrade to force replacement.
[2026-05-09T11:35:42.891+0000] {subprocess.py:93} INFO - WARNING: Target directory /tmp/***_deps/argon2_cffi-25.1.0.dist-info already exists. Specify --upgrade to force replacement.
[2026-05-09T11:35:42.892+0000] {subprocess.py:93} INFO - WARNING: Target directory /tmp/***_deps/minio-7.2.20.dist-info already exists. Specify --upgrade to force replacement.
[2026-05-09T11:35:42.923+0000] {subprocess.py:93} INFO - 
[2026-05-09T11:35:42.924+0000] {subprocess.py:93} INFO - [notice] A new release of pip is available: 24.2 -> 26.1.1
[2026-05-09T11:35:42.925+0000] {subprocess.py:93} INFO - [notice] To update, run: pip install --upgrade pip
[2026-05-09T11:35:44.763+0000] {subprocess.py:93} INFO - INFO:scripts.pipeline:=== GENERATING METRICS ===
[2026-05-09T11:35:44.778+0000] {subprocess.py:93} INFO - INFO:scripts.pipeline:Metrics: {'total_articles': 97, 'articles_today': 37, 'quarantined_articles': 0, 'unique_sources': 4}
[2026-05-09T11:35:44.779+0000] {subprocess.py:93} INFO - {'total_articles': 97, 'articles_today': 37, 'quarantined_articles': 0, 'unique_sources': 4}
[2026-05-09T11:35:44.991+0000] {subprocess.py:97} INFO - Command exited with return code 0
[2026-05-09T11:35:45.028+0000] {taskinstance.py:340} INFO - ::group::Post task execution logs
[2026-05-09T11:35:45.030+0000] {taskinstance.py:352} INFO - Marking task as SUCCESS. dag_id=mediapulse360_pipeline, task_id=generate_metrics, run_id=manual__2026-05-09T11:34:09+00:00, execution_date=20260509T113409, start_date=20260509T113534, end_date=20260509T113545
[2026-05-09T11:35:45.079+0000] {local_task_job_runner.py:266} INFO - Task exited with return code 0
[2026-05-09T11:35:45.107+0000] {taskinstance.py:3900} INFO - 0 downstream tasks scheduled from follow-on schedule check
[2026-05-09T11:35:45.112+0000] {local_task_job_runner.py:245} INFO - ::endgroup::
