[2026-05-09T10:45:07.879+0000] {taskinstance.py:1956} INFO - Dependencies all met for dep_context=non-requeueable deps ti=<TaskInstance: mediapulse360_pipeline.extract_bronze manual__2026-05-09T10:45:06+00:00 [queued]>
[2026-05-09T10:45:07.896+0000] {taskinstance.py:1956} INFO - Dependencies all met for dep_context=requeueable deps ti=<TaskInstance: mediapulse360_pipeline.extract_bronze manual__2026-05-09T10:45:06+00:00 [queued]>
[2026-05-09T10:45:07.899+0000] {taskinstance.py:2170} INFO - Starting attempt 1 of 3
[2026-05-09T10:45:07.923+0000] {taskinstance.py:2191} INFO - Executing <Task(BashOperator): extract_bronze> on 2026-05-09 10:45:06+00:00
[2026-05-09T10:45:07.938+0000] {standard_task_runner.py:60} INFO - Started process 290 to run task
[2026-05-09T10:45:07.946+0000] {standard_task_runner.py:87} INFO - Running: ['***', 'tasks', 'run', 'mediapulse360_pipeline', 'extract_bronze', 'manual__2026-05-09T10:45:06+00:00', '--job-id', '3', '--raw', '--subdir', 'DAGS_FOLDER/mediapulse360_pipeline.py', '--cfg-path', '/tmp/tmp09yqs0_e']
[2026-05-09T10:45:07.949+0000] {standard_task_runner.py:88} INFO - Job 3: Subtask extract_bronze
[2026-05-09T10:45:08.041+0000] {task_command.py:423} INFO - Running <TaskInstance: mediapulse360_pipeline.extract_bronze manual__2026-05-09T10:45:06+00:00 [running]> on host c8097e4ba7d4
[2026-05-09T10:45:08.192+0000] {taskinstance.py:2480} INFO - Exporting env vars: AIRFLOW_CTX_DAG_OWNER='data-eng' AIRFLOW_CTX_DAG_ID='mediapulse360_pipeline' AIRFLOW_CTX_TASK_ID='extract_bronze' AIRFLOW_CTX_EXECUTION_DATE='2026-05-09T10:45:06+00:00' AIRFLOW_CTX_TRY_NUMBER='1' AIRFLOW_CTX_DAG_RUN_ID='manual__2026-05-09T10:45:06+00:00'
[2026-05-09T10:45:08.198+0000] {subprocess.py:63} INFO - Tmp dir root location: /tmp
[2026-05-09T10:45:08.212+0000] {subprocess.py:75} INFO - Running command: ['/usr/bin/bash', '-c', 'pip install --quiet minio feedparser && cd /opt/project && python scripts/run_batch_insert.py']
[2026-05-09T10:45:08.236+0000] {subprocess.py:86} INFO - Output:
[2026-05-09T10:45:19.658+0000] {subprocess.py:93} INFO - ERROR: Could not install packages due to an OSError: [Errno 2] No such file or directory: '/home/***/.local/lib/python3.11/site-packages/Crypto/Cipher/_raw_ctr.abi3.so'
[2026-05-09T10:45:19.660+0000] {subprocess.py:93} INFO - 
[2026-05-09T10:45:20.075+0000] {subprocess.py:93} INFO - 
[2026-05-09T10:45:20.075+0000] {subprocess.py:93} INFO - [notice] A new release of pip is available: 23.3.2 -> 26.1.1
[2026-05-09T10:45:20.076+0000] {subprocess.py:93} INFO - [notice] To update, run: python -m pip install --upgrade pip
[2026-05-09T10:45:20.247+0000] {subprocess.py:97} INFO - Command exited with return code 1
[2026-05-09T10:45:20.270+0000] {taskinstance.py:2698} ERROR - Task failed with exception
Traceback (most recent call last):
  File "/home/airflow/.local/lib/python3.11/site-packages/airflow/models/taskinstance.py", line 433, in _execute_task
    result = execute_callable(context=context, **execute_callable_kwargs)
             ^^^^^^^^^^^^^^^^^^^^^^^^^^^^^^^^^^^^^^^^^^^^^^^^^^^^^^^^^^^^
  File "/home/airflow/.local/lib/python3.11/site-packages/airflow/operators/bash.py", line 212, in execute
    raise AirflowException(
airflow.exceptions.AirflowException: Bash command failed. The command returned a non-zero exit code 1.
[2026-05-09T10:45:20.280+0000] {taskinstance.py:1138} INFO - Marking task as UP_FOR_RETRY. dag_id=mediapulse360_pipeline, task_id=extract_bronze, execution_date=20260509T104506, start_date=20260509T104507, end_date=20260509T104520
[2026-05-09T10:45:20.312+0000] {standard_task_runner.py:107} ERROR - Failed to execute job 3 for task extract_bronze (Bash command failed. The command returned a non-zero exit code 1.; 290)
[2026-05-09T10:45:20.340+0000] {local_task_job_runner.py:234} INFO - Task exited with return code 1
[2026-05-09T10:45:20.386+0000] {taskinstance.py:3280} INFO - 0 downstream tasks scheduled from follow-on schedule check
