[2026-05-09T16:00:36.745+0000] {local_task_job_runner.py:123} INFO - ::group::Pre task execution logs
[2026-05-09T16:00:36.762+0000] {taskinstance.py:2612} INFO - Dependencies all met for dep_context=non-requeueable deps ti=<TaskInstance: mediapulse360_pipeline.load_gold scheduled__2026-05-09T15:00:00+00:00 [queued]>
[2026-05-09T16:00:36.772+0000] {taskinstance.py:2612} INFO - Dependencies all met for dep_context=requeueable deps ti=<TaskInstance: mediapulse360_pipeline.load_gold scheduled__2026-05-09T15:00:00+00:00 [queued]>
[2026-05-09T16:00:36.785+0000] {taskinstance.py:2865} INFO - Starting attempt 1 of 3
[2026-05-09T16:00:36.797+0000] {taskinstance.py:2888} INFO - Executing <Task(BashOperator): load_gold> on 2026-05-09 15:00:00+00:00
[2026-05-09T16:00:36.804+0000] {standard_task_runner.py:72} INFO - Started process 3038 to run task
[2026-05-09T16:00:36.807+0000] {standard_task_runner.py:104} INFO - Running: ['***', 'tasks', 'run', 'mediapulse360_pipeline', 'load_gold', 'scheduled__2026-05-09T15:00:00+00:00', '--job-id', '152', '--raw', '--subdir', 'DAGS_FOLDER/mediapulse360_pipeline.py', '--cfg-path', '/tmp/tmpyz84_2qa']
[2026-05-09T16:00:36.811+0000] {standard_task_runner.py:105} INFO - Job 152: Subtask load_gold
[2026-05-09T16:00:36.901+0000] {task_command.py:467} INFO - Running <TaskInstance: mediapulse360_pipeline.load_gold scheduled__2026-05-09T15:00:00+00:00 [running]> on host 8eea0feb297a
[2026-05-09T16:00:37.033+0000] {taskinstance.py:3131} INFO - Exporting env vars: AIRFLOW_CTX_DAG_OWNER='data-eng' AIRFLOW_CTX_DAG_ID='mediapulse360_pipeline' AIRFLOW_CTX_TASK_ID='load_gold' AIRFLOW_CTX_EXECUTION_DATE='2026-05-09T15:00:00+00:00' AIRFLOW_CTX_TRY_NUMBER='1' AIRFLOW_CTX_DAG_RUN_ID='scheduled__2026-05-09T15:00:00+00:00'
[2026-05-09T16:00:37.062+0000] {taskinstance.py:731} INFO - ::endgroup::
[2026-05-09T16:00:37.204+0000] {subprocess.py:63} INFO - Tmp dir root location: /tmp
[2026-05-09T16:00:37.212+0000] {subprocess.py:75} INFO - Running command: ['/usr/bin/bash', '-c', 'python -m pip install --quiet --target /tmp/***_deps minio feedparser && export PYTHONPATH=/tmp/***_deps:$PYTHONPATH && cd /opt/project && python -c "from scripts.pipeline import load_gold; print(load_gold())"']
[2026-05-09T16:00:37.231+0000] {subprocess.py:86} INFO - Output:
[2026-05-09T16:00:41.509+0000] {subprocess.py:93} INFO - ERROR: pip's dependency resolver does not currently take into account all the packages that are installed. This behaviour is the source of the following dependency conflicts.
[2026-05-09T16:00:41.510+0000] {subprocess.py:93} INFO - snowflake-connector-python 3.12.2 requires cffi<2.0.0,>=1.9, but you have cffi 2.0.0 which is incompatible.
[2026-05-09T16:00:41.510+0000] {subprocess.py:93} INFO - WARNING: Target directory /tmp/***_deps/Crypto already exists. Specify --upgrade to force replacement.
[2026-05-09T16:00:41.511+0000] {subprocess.py:93} INFO - WARNING: Target directory /tmp/***_deps/urllib3 already exists. Specify --upgrade to force replacement.
[2026-05-09T16:00:41.511+0000] {subprocess.py:93} INFO - WARNING: Target directory /tmp/***_deps/typing_extensions-4.15.0.dist-info already exists. Specify --upgrade to force replacement.
[2026-05-09T16:00:41.512+0000] {subprocess.py:93} INFO - WARNING: Target directory /tmp/***_deps/pycryptodome-3.23.0.dist-info already exists. Specify --upgrade to force replacement.
[2026-05-09T16:00:41.512+0000] {subprocess.py:93} INFO - WARNING: Target directory /tmp/***_deps/sgmllib.py already exists. Specify --upgrade to force replacement.
[2026-05-09T16:00:41.513+0000] {subprocess.py:93} INFO - WARNING: Target directory /tmp/***_deps/certifi already exists. Specify --upgrade to force replacement.
[2026-05-09T16:00:41.514+0000] {subprocess.py:93} INFO - WARNING: Target directory /tmp/***_deps/argon2_cffi_bindings-25.1.0.dist-info already exists. Specify --upgrade to force replacement.
[2026-05-09T16:00:41.514+0000] {subprocess.py:93} INFO - WARNING: Target directory /tmp/***_deps/urllib3-2.7.0.dist-info already exists. Specify --upgrade to force replacement.
[2026-05-09T16:00:41.515+0000] {subprocess.py:93} INFO - WARNING: Target directory /tmp/***_deps/feedparser already exists. Specify --upgrade to force replacement.
[2026-05-09T16:00:41.515+0000] {subprocess.py:93} INFO - WARNING: Target directory /tmp/***_deps/pycparser-3.0.dist-info already exists. Specify --upgrade to force replacement.
[2026-05-09T16:00:41.516+0000] {subprocess.py:93} INFO - WARNING: Target directory /tmp/***_deps/typing_extensions.py already exists. Specify --upgrade to force replacement.
[2026-05-09T16:00:41.516+0000] {subprocess.py:93} INFO - WARNING: Target directory /tmp/***_deps/sgmllib3k-1.0.0.dist-info already exists. Specify --upgrade to force replacement.
[2026-05-09T16:00:41.518+0000] {subprocess.py:93} INFO - WARNING: Target directory /tmp/***_deps/argon2 already exists. Specify --upgrade to force replacement.
[2026-05-09T16:00:41.519+0000] {subprocess.py:93} INFO - WARNING: Target directory /tmp/***_deps/__pycache__ already exists. Specify --upgrade to force replacement.
[2026-05-09T16:00:41.520+0000] {subprocess.py:93} INFO - WARNING: Target directory /tmp/***_deps/_argon2_cffi_bindings already exists. Specify --upgrade to force replacement.
[2026-05-09T16:00:41.521+0000] {subprocess.py:93} INFO - WARNING: Target directory /tmp/***_deps/cffi-2.0.0.dist-info already exists. Specify --upgrade to force replacement.
[2026-05-09T16:00:41.522+0000] {subprocess.py:93} INFO - WARNING: Target directory /tmp/***_deps/_cffi_backend.cpython-311-x86_64-linux-gnu.so already exists. Specify --upgrade to force replacement.
[2026-05-09T16:00:41.523+0000] {subprocess.py:93} INFO - WARNING: Target directory /tmp/***_deps/certifi-2026.4.22.dist-info already exists. Specify --upgrade to force replacement.
[2026-05-09T16:00:41.524+0000] {subprocess.py:93} INFO - WARNING: Target directory /tmp/***_deps/pycparser already exists. Specify --upgrade to force replacement.
[2026-05-09T16:00:41.524+0000] {subprocess.py:93} INFO - WARNING: Target directory /tmp/***_deps/feedparser-6.0.12.dist-info already exists. Specify --upgrade to force replacement.
[2026-05-09T16:00:41.525+0000] {subprocess.py:93} INFO - WARNING: Target directory /tmp/***_deps/cffi already exists. Specify --upgrade to force replacement.
[2026-05-09T16:00:41.526+0000] {subprocess.py:93} INFO - WARNING: Target directory /tmp/***_deps/minio already exists. Specify --upgrade to force replacement.
[2026-05-09T16:00:41.527+0000] {subprocess.py:93} INFO - WARNING: Target directory /tmp/***_deps/argon2_cffi-25.1.0.dist-info already exists. Specify --upgrade to force replacement.
[2026-05-09T16:00:41.527+0000] {subprocess.py:93} INFO - WARNING: Target directory /tmp/***_deps/minio-7.2.20.dist-info already exists. Specify --upgrade to force replacement.
[2026-05-09T16:00:41.544+0000] {subprocess.py:93} INFO - 
[2026-05-09T16:00:41.546+0000] {subprocess.py:93} INFO - [notice] A new release of pip is available: 24.2 -> 26.1.1
[2026-05-09T16:00:41.547+0000] {subprocess.py:93} INFO - [notice] To update, run: pip install --upgrade pip
[2026-05-09T16:00:43.366+0000] {subprocess.py:93} INFO - INFO:scripts.pipeline:=== GOLD LAYER: ANALYTICAL AGGREGATION ===
[2026-05-09T16:00:44.540+0000] {subprocess.py:93} INFO - INFO:scripts.pipeline:Updated articles_by_day
[2026-05-09T16:00:44.544+0000] {subprocess.py:93} INFO - INFO:scripts.pipeline:Updated articles_by_source
[2026-05-09T16:00:44.547+0000] {subprocess.py:93} INFO - INFO:scripts.pipeline:Updated articles_by_theme
[2026-05-09T16:00:44.553+0000] {subprocess.py:93} INFO - INFO:scripts.pipeline:Updated articles_by_country
[2026-05-09T16:00:44.557+0000] {subprocess.py:93} INFO - INFO:scripts.pipeline:Updated articles_by_category
[2026-05-09T16:00:44.565+0000] {subprocess.py:93} INFO - INFO:scripts.pipeline:Updated top_keywords
[2026-05-09T16:00:44.573+0000] {subprocess.py:93} INFO - INFO:scripts.pipeline:Gold layer aggregations complete
[2026-05-09T16:00:44.574+0000] {subprocess.py:93} INFO - 6
[2026-05-09T16:00:44.711+0000] {subprocess.py:97} INFO - Command exited with return code 0
[2026-05-09T16:00:44.740+0000] {taskinstance.py:340} INFO - ::group::Post task execution logs
[2026-05-09T16:00:44.742+0000] {taskinstance.py:352} INFO - Marking task as SUCCESS. dag_id=mediapulse360_pipeline, task_id=load_gold, run_id=scheduled__2026-05-09T15:00:00+00:00, execution_date=20260509T150000, start_date=20260509T160036, end_date=20260509T160044
[2026-05-09T16:00:44.785+0000] {local_task_job_runner.py:266} INFO - Task exited with return code 0
[2026-05-09T16:00:44.806+0000] {taskinstance.py:3900} INFO - 2 downstream tasks scheduled from follow-on schedule check
[2026-05-09T16:00:44.809+0000] {local_task_job_runner.py:245} INFO - ::endgroup::
