[2026-05-09T14:16:22.035+0000] {local_task_job_runner.py:123} INFO - ::group::Pre task execution logs
[2026-05-09T14:16:22.076+0000] {taskinstance.py:2612} INFO - Dependencies all met for dep_context=non-requeueable deps ti=<TaskInstance: mediapulse360_pipeline.data_quality_check manual__2026-05-09T14:15:38+00:00 [queued]>
[2026-05-09T14:16:22.102+0000] {taskinstance.py:2612} INFO - Dependencies all met for dep_context=requeueable deps ti=<TaskInstance: mediapulse360_pipeline.data_quality_check manual__2026-05-09T14:15:38+00:00 [queued]>
[2026-05-09T14:16:22.113+0000] {taskinstance.py:2865} INFO - Starting attempt 1 of 3
[2026-05-09T14:16:22.134+0000] {taskinstance.py:2888} INFO - Executing <Task(BashOperator): data_quality_check> on 2026-05-09 14:15:38+00:00
[2026-05-09T14:16:22.140+0000] {standard_task_runner.py:72} INFO - Started process 1270 to run task
[2026-05-09T14:16:22.146+0000] {standard_task_runner.py:104} INFO - Running: ['***', 'tasks', 'run', 'mediapulse360_pipeline', 'data_quality_check', 'manual__2026-05-09T14:15:38+00:00', '--job-id', '129', '--raw', '--subdir', 'DAGS_FOLDER/mediapulse360_pipeline.py', '--cfg-path', '/tmp/tmprflu2lzt']
[2026-05-09T14:16:22.151+0000] {standard_task_runner.py:105} INFO - Job 129: Subtask data_quality_check
[2026-05-09T14:16:22.241+0000] {task_command.py:467} INFO - Running <TaskInstance: mediapulse360_pipeline.data_quality_check manual__2026-05-09T14:15:38+00:00 [running]> on host 8eea0feb297a
[2026-05-09T14:16:22.366+0000] {taskinstance.py:3131} INFO - Exporting env vars: AIRFLOW_CTX_DAG_OWNER='data-eng' AIRFLOW_CTX_DAG_ID='mediapulse360_pipeline' AIRFLOW_CTX_TASK_ID='data_quality_check' AIRFLOW_CTX_EXECUTION_DATE='2026-05-09T14:15:38+00:00' AIRFLOW_CTX_TRY_NUMBER='1' AIRFLOW_CTX_DAG_RUN_ID='manual__2026-05-09T14:15:38+00:00'
[2026-05-09T14:16:22.370+0000] {taskinstance.py:731} INFO - ::endgroup::
[2026-05-09T14:16:22.427+0000] {subprocess.py:63} INFO - Tmp dir root location: /tmp
[2026-05-09T14:16:22.435+0000] {subprocess.py:75} INFO - Running command: ['/usr/bin/bash', '-c', 'cd /opt/project && python -c "from scripts.quality import run_quality_checks; import json; print(json.dumps(run_quality_checks(), ensure_ascii=False))"']
[2026-05-09T14:16:22.465+0000] {subprocess.py:86} INFO - Output:
[2026-05-09T14:16:24.790+0000] {subprocess.py:93} INFO - {"timestamp": "2026-05-09T14:16:24.691992", "checks": [{"name": "articles_detail.title_null", "status": "PASS", "value": 0}, {"name": "articles_detail.author_null", "status": "WARN", "value": 26}, {"name": "articles_detail.content_null", "status": "WARN", "value": 52}, {"name": "orphaned_audit_records", "status": "PASS", "value": 0}, {"name": "invalid_dates", "status": "PASS", "value": 0}, {"name": "negative_lengths", "status": "PASS", "value": 0}, {"name": "invalid_scores", "status": "PASS", "value": 0}], "status": "PASS", "summary": {"total_checks": 7, "passed": 5, "failed": 2, "pass_rate": 71.42857142857143}}
[2026-05-09T14:16:24.854+0000] {subprocess.py:97} INFO - Command exited with return code 0
[2026-05-09T14:16:24.901+0000] {taskinstance.py:340} INFO - ::group::Post task execution logs
[2026-05-09T14:16:24.902+0000] {taskinstance.py:352} INFO - Marking task as SUCCESS. dag_id=mediapulse360_pipeline, task_id=data_quality_check, run_id=manual__2026-05-09T14:15:38+00:00, execution_date=20260509T141538, start_date=20260509T141622, end_date=20260509T141624
[2026-05-09T14:16:24.944+0000] {local_task_job_runner.py:266} INFO - Task exited with return code 0
[2026-05-09T14:16:24.959+0000] {taskinstance.py:3900} INFO - 0 downstream tasks scheduled from follow-on schedule check
[2026-05-09T14:16:24.962+0000] {local_task_job_runner.py:245} INFO - ::endgroup::
