[2026-05-09T16:00:45.555+0000] {local_task_job_runner.py:123} INFO - ::group::Pre task execution logs
[2026-05-09T16:00:45.576+0000] {taskinstance.py:2612} INFO - Dependencies all met for dep_context=non-requeueable deps ti=<TaskInstance: mediapulse360_pipeline.data_quality_check scheduled__2026-05-09T15:00:00+00:00 [queued]>
[2026-05-09T16:00:45.586+0000] {taskinstance.py:2612} INFO - Dependencies all met for dep_context=requeueable deps ti=<TaskInstance: mediapulse360_pipeline.data_quality_check scheduled__2026-05-09T15:00:00+00:00 [queued]>
[2026-05-09T16:00:45.588+0000] {taskinstance.py:2865} INFO - Starting attempt 1 of 3
[2026-05-09T16:00:45.604+0000] {taskinstance.py:2888} INFO - Executing <Task(BashOperator): data_quality_check> on 2026-05-09 15:00:00+00:00
[2026-05-09T16:00:45.614+0000] {standard_task_runner.py:104} INFO - Running: ['***', 'tasks', 'run', 'mediapulse360_pipeline', 'data_quality_check', 'scheduled__2026-05-09T15:00:00+00:00', '--job-id', '153', '--raw', '--subdir', 'DAGS_FOLDER/mediapulse360_pipeline.py', '--cfg-path', '/tmp/tmpmjughicy']
[2026-05-09T16:00:45.610+0000] {standard_task_runner.py:72} INFO - Started process 3078 to run task
[2026-05-09T16:00:45.618+0000] {standard_task_runner.py:105} INFO - Job 153: Subtask data_quality_check
[2026-05-09T16:00:45.686+0000] {task_command.py:467} INFO - Running <TaskInstance: mediapulse360_pipeline.data_quality_check scheduled__2026-05-09T15:00:00+00:00 [running]> on host 8eea0feb297a
[2026-05-09T16:00:45.792+0000] {taskinstance.py:3131} INFO - Exporting env vars: AIRFLOW_CTX_DAG_OWNER='data-eng' AIRFLOW_CTX_DAG_ID='mediapulse360_pipeline' AIRFLOW_CTX_TASK_ID='data_quality_check' AIRFLOW_CTX_EXECUTION_DATE='2026-05-09T15:00:00+00:00' AIRFLOW_CTX_TRY_NUMBER='1' AIRFLOW_CTX_DAG_RUN_ID='scheduled__2026-05-09T15:00:00+00:00'
[2026-05-09T16:00:45.793+0000] {taskinstance.py:731} INFO - ::endgroup::
[2026-05-09T16:00:45.812+0000] {subprocess.py:63} INFO - Tmp dir root location: /tmp
[2026-05-09T16:00:45.814+0000] {subprocess.py:75} INFO - Running command: ['/usr/bin/bash', '-c', 'cd /opt/project && python -c "from scripts.quality import run_quality_checks; import json; print(json.dumps(run_quality_checks(), ensure_ascii=False))"']
[2026-05-09T16:00:45.832+0000] {subprocess.py:86} INFO - Output:
[2026-05-09T16:00:47.194+0000] {subprocess.py:93} INFO - {"timestamp": "2026-05-09T16:00:47.052222", "checks": [{"name": "articles_detail.title_null", "status": "PASS", "value": 0}, {"name": "articles_detail.author_null", "status": "WARN", "value": 26}, {"name": "articles_detail.content_null", "status": "WARN", "value": 56}, {"name": "orphaned_audit_records", "status": "PASS", "value": 0}, {"name": "invalid_dates", "status": "PASS", "value": 0}, {"name": "negative_lengths", "status": "PASS", "value": 0}, {"name": "invalid_scores", "status": "PASS", "value": 0}], "status": "PASS", "summary": {"total_checks": 7, "passed": 5, "failed": 2, "pass_rate": 71.42857142857143}}
[2026-05-09T16:00:47.246+0000] {subprocess.py:97} INFO - Command exited with return code 0
[2026-05-09T16:00:47.279+0000] {taskinstance.py:340} INFO - ::group::Post task execution logs
[2026-05-09T16:00:47.280+0000] {taskinstance.py:352} INFO - Marking task as SUCCESS. dag_id=mediapulse360_pipeline, task_id=data_quality_check, run_id=scheduled__2026-05-09T15:00:00+00:00, execution_date=20260509T150000, start_date=20260509T160045, end_date=20260509T160047
[2026-05-09T16:00:47.320+0000] {local_task_job_runner.py:266} INFO - Task exited with return code 0
[2026-05-09T16:00:47.337+0000] {taskinstance.py:3900} INFO - 0 downstream tasks scheduled from follow-on schedule check
[2026-05-09T16:00:47.341+0000] {local_task_job_runner.py:245} INFO - ::endgroup::
