[2026-05-09T10:45:36.232+0000] {taskinstance.py:1956} INFO - Dependencies all met for dep_context=non-requeueable deps ti=<TaskInstance: mediapulse360_pipeline.transform_silver scheduled__2026-05-09T09:00:00+00:00 [queued]>
[2026-05-09T10:45:36.245+0000] {taskinstance.py:1956} INFO - Dependencies all met for dep_context=requeueable deps ti=<TaskInstance: mediapulse360_pipeline.transform_silver scheduled__2026-05-09T09:00:00+00:00 [queued]>
[2026-05-09T10:45:36.245+0000] {taskinstance.py:2170} INFO - Starting attempt 1 of 3
[2026-05-09T10:45:36.262+0000] {taskinstance.py:2191} INFO - Executing <Task(BashOperator): transform_silver> on 2026-05-09 09:00:00+00:00
[2026-05-09T10:45:36.268+0000] {standard_task_runner.py:60} INFO - Started process 324 to run task
[2026-05-09T10:45:36.272+0000] {standard_task_runner.py:87} INFO - Running: ['***', 'tasks', 'run', 'mediapulse360_pipeline', 'transform_silver', 'scheduled__2026-05-09T09:00:00+00:00', '--job-id', '4', '--raw', '--subdir', 'DAGS_FOLDER/mediapulse360_pipeline.py', '--cfg-path', '/tmp/tmpjlb61eh_']
[2026-05-09T10:45:36.275+0000] {standard_task_runner.py:88} INFO - Job 4: Subtask transform_silver
[2026-05-09T10:45:36.340+0000] {task_command.py:423} INFO - Running <TaskInstance: mediapulse360_pipeline.transform_silver scheduled__2026-05-09T09:00:00+00:00 [running]> on host c8097e4ba7d4
[2026-05-09T10:45:36.420+0000] {taskinstance.py:2480} INFO - Exporting env vars: AIRFLOW_CTX_DAG_OWNER='data-eng' AIRFLOW_CTX_DAG_ID='mediapulse360_pipeline' AIRFLOW_CTX_TASK_ID='transform_silver' AIRFLOW_CTX_EXECUTION_DATE='2026-05-09T09:00:00+00:00' AIRFLOW_CTX_TRY_NUMBER='1' AIRFLOW_CTX_DAG_RUN_ID='scheduled__2026-05-09T09:00:00+00:00'
[2026-05-09T10:45:36.422+0000] {subprocess.py:63} INFO - Tmp dir root location: /tmp
[2026-05-09T10:45:36.424+0000] {subprocess.py:75} INFO - Running command: ['/usr/bin/bash', '-c', 'pip install --quiet minio feedparser && cd /opt/project && python -c "from scripts.pipeline import transform_silver; print(transform_silver())"']
[2026-05-09T10:45:36.439+0000] {subprocess.py:86} INFO - Output:
[2026-05-09T10:45:38.998+0000] {subprocess.py:93} INFO - 
[2026-05-09T10:45:38.999+0000] {subprocess.py:93} INFO - [notice] A new release of pip is available: 23.3.2 -> 26.1.1
[2026-05-09T10:45:38.999+0000] {subprocess.py:93} INFO - [notice] To update, run: python -m pip install --upgrade pip
[2026-05-09T10:45:41.706+0000] {subprocess.py:93} INFO - INFO:scripts.pipeline:=== SILVER LAYER: CLEANING & NORMALIZATION ===
[2026-05-09T10:45:41.852+0000] {subprocess.py:93} INFO - ERROR:scripts.pipeline:Silver transformation failed: (psycopg2.errors.UndefinedColumn) column "scraped_at" does not exist
[2026-05-09T10:45:41.852+0000] {subprocess.py:93} INFO - LINE 3: ...                published_at, url, canonical_url, scraped_at
[2026-05-09T10:45:41.853+0000] {subprocess.py:93} INFO -                                                              ^
[2026-05-09T10:45:41.853+0000] {subprocess.py:93} INFO - HINT:  Perhaps you meant to reference the column "articles_detail.created_at".
[2026-05-09T10:45:41.854+0000] {subprocess.py:93} INFO - 
[2026-05-09T10:45:41.855+0000] {subprocess.py:93} INFO - [SQL:
[2026-05-09T10:45:41.856+0000] {subprocess.py:93} INFO -             SELECT article_id, title, author, content, source, category,
[2026-05-09T10:45:41.857+0000] {subprocess.py:93} INFO -                    published_at, url, canonical_url, scraped_at
[2026-05-09T10:45:41.857+0000] {subprocess.py:93} INFO -             FROM articles_detail
[2026-05-09T10:45:41.857+0000] {subprocess.py:93} INFO -             WHERE scraped_at > NOW() - INTERVAL '1 hour'
[2026-05-09T10:45:41.858+0000] {subprocess.py:93} INFO -             ORDER BY scraped_at DESC
[2026-05-09T10:45:41.858+0000] {subprocess.py:93} INFO -             ]
[2026-05-09T10:45:41.858+0000] {subprocess.py:93} INFO - (Background on this error at: https://sqlalche.me/e/14/f405)
[2026-05-09T10:45:41.859+0000] {subprocess.py:93} INFO - Traceback (most recent call last):
[2026-05-09T10:45:41.859+0000] {subprocess.py:93} INFO -   File "/home/***/.local/lib/python3.11/site-packages/sqlalchemy/engine/base.py", line 1910, in _execute_context
[2026-05-09T10:45:41.859+0000] {subprocess.py:93} INFO -     self.dialect.do_execute(
[2026-05-09T10:45:41.860+0000] {subprocess.py:93} INFO -   File "/home/***/.local/lib/python3.11/site-packages/sqlalchemy/engine/default.py", line 736, in do_execute
[2026-05-09T10:45:41.860+0000] {subprocess.py:93} INFO -     cursor.execute(statement, parameters)
[2026-05-09T10:45:41.860+0000] {subprocess.py:93} INFO - psycopg2.errors.UndefinedColumn: column "scraped_at" does not exist
[2026-05-09T10:45:41.860+0000] {subprocess.py:93} INFO - LINE 3: ...                published_at, url, canonical_url, scraped_at
[2026-05-09T10:45:41.861+0000] {subprocess.py:93} INFO -                                                              ^
[2026-05-09T10:45:41.861+0000] {subprocess.py:93} INFO - HINT:  Perhaps you meant to reference the column "articles_detail.created_at".
[2026-05-09T10:45:41.861+0000] {subprocess.py:93} INFO - 
[2026-05-09T10:45:41.862+0000] {subprocess.py:93} INFO - 
[2026-05-09T10:45:41.862+0000] {subprocess.py:93} INFO - The above exception was the direct cause of the following exception:
[2026-05-09T10:45:41.862+0000] {subprocess.py:93} INFO - 
[2026-05-09T10:45:41.862+0000] {subprocess.py:93} INFO - Traceback (most recent call last):
[2026-05-09T10:45:41.863+0000] {subprocess.py:93} INFO -   File "<string>", line 1, in <module>
[2026-05-09T10:45:41.863+0000] {subprocess.py:93} INFO -   File "/opt/project/scripts/pipeline.py", line 109, in transform_silver
[2026-05-09T10:45:41.863+0000] {subprocess.py:93} INFO -     df = pd.read_sql(query, conn)
[2026-05-09T10:45:41.864+0000] {subprocess.py:93} INFO -          ^^^^^^^^^^^^^^^^^^^^^^^^
[2026-05-09T10:45:41.864+0000] {subprocess.py:93} INFO -   File "/home/***/.local/lib/python3.11/site-packages/pandas/io/sql.py", line 682, in read_sql
[2026-05-09T10:45:41.864+0000] {subprocess.py:93} INFO -     return pandas_sql.read_query(
[2026-05-09T10:45:41.865+0000] {subprocess.py:93} INFO -            ^^^^^^^^^^^^^^^^^^^^^^
[2026-05-09T10:45:41.865+0000] {subprocess.py:93} INFO -   File "/home/***/.local/lib/python3.11/site-packages/pandas/io/sql.py", line 1776, in read_query
[2026-05-09T10:45:41.865+0000] {subprocess.py:93} INFO -     result = self.execute(sql, params)
[2026-05-09T10:45:41.865+0000] {subprocess.py:93} INFO -              ^^^^^^^^^^^^^^^^^^^^^^^^^
[2026-05-09T10:45:41.866+0000] {subprocess.py:93} INFO -   File "/home/***/.local/lib/python3.11/site-packages/pandas/io/sql.py", line 1599, in execute
[2026-05-09T10:45:41.866+0000] {subprocess.py:93} INFO -     return self.con.exec_driver_sql(sql, *args)
[2026-05-09T10:45:41.866+0000] {subprocess.py:93} INFO -            ^^^^^^^^^^^^^^^^^^^^^^^^^^^^^^^^^^^^
[2026-05-09T10:45:41.867+0000] {subprocess.py:93} INFO -   File "/home/***/.local/lib/python3.11/site-packages/sqlalchemy/engine/base.py", line 1770, in exec_driver_sql
[2026-05-09T10:45:41.867+0000] {subprocess.py:93} INFO -     return self._exec_driver_sql(
[2026-05-09T10:45:41.867+0000] {subprocess.py:93} INFO -            ^^^^^^^^^^^^^^^^^^^^^^
[2026-05-09T10:45:41.868+0000] {subprocess.py:93} INFO -   File "/home/***/.local/lib/python3.11/site-packages/sqlalchemy/engine/base.py", line 1674, in _exec_driver_sql
[2026-05-09T10:45:41.868+0000] {subprocess.py:93} INFO -     ret = self._execute_context(
[2026-05-09T10:45:41.868+0000] {subprocess.py:93} INFO -           ^^^^^^^^^^^^^^^^^^^^^^
[2026-05-09T10:45:41.868+0000] {subprocess.py:93} INFO -   File "/home/***/.local/lib/python3.11/site-packages/sqlalchemy/engine/base.py", line 1953, in _execute_context
[2026-05-09T10:45:41.869+0000] {subprocess.py:93} INFO -     self._handle_dbapi_exception(
[2026-05-09T10:45:41.869+0000] {subprocess.py:93} INFO -   File "/home/***/.local/lib/python3.11/site-packages/sqlalchemy/engine/base.py", line 2134, in _handle_dbapi_exception
[2026-05-09T10:45:41.870+0000] {subprocess.py:93} INFO -     util.raise_(
[2026-05-09T10:45:41.871+0000] {subprocess.py:93} INFO -   File "/home/***/.local/lib/python3.11/site-packages/sqlalchemy/util/compat.py", line 211, in raise_
[2026-05-09T10:45:41.871+0000] {subprocess.py:93} INFO -     raise exception
[2026-05-09T10:45:41.872+0000] {subprocess.py:93} INFO -   File "/home/***/.local/lib/python3.11/site-packages/sqlalchemy/engine/base.py", line 1910, in _execute_context
[2026-05-09T10:45:41.873+0000] {subprocess.py:93} INFO -     self.dialect.do_execute(
[2026-05-09T10:45:41.873+0000] {subprocess.py:93} INFO -   File "/home/***/.local/lib/python3.11/site-packages/sqlalchemy/engine/default.py", line 736, in do_execute
[2026-05-09T10:45:41.874+0000] {subprocess.py:93} INFO -     cursor.execute(statement, parameters)
[2026-05-09T10:45:41.876+0000] {subprocess.py:93} INFO - sqlalchemy.exc.ProgrammingError: (psycopg2.errors.UndefinedColumn) column "scraped_at" does not exist
[2026-05-09T10:45:41.876+0000] {subprocess.py:93} INFO - LINE 3: ...                published_at, url, canonical_url, scraped_at
[2026-05-09T10:45:41.876+0000] {subprocess.py:93} INFO -                                                              ^
[2026-05-09T10:45:41.877+0000] {subprocess.py:93} INFO - HINT:  Perhaps you meant to reference the column "articles_detail.created_at".
[2026-05-09T10:45:41.877+0000] {subprocess.py:93} INFO - 
[2026-05-09T10:45:41.878+0000] {subprocess.py:93} INFO - [SQL:
[2026-05-09T10:45:41.878+0000] {subprocess.py:93} INFO -             SELECT article_id, title, author, content, source, category,
[2026-05-09T10:45:41.878+0000] {subprocess.py:93} INFO -                    published_at, url, canonical_url, scraped_at
[2026-05-09T10:45:41.878+0000] {subprocess.py:93} INFO -             FROM articles_detail
[2026-05-09T10:45:41.879+0000] {subprocess.py:93} INFO -             WHERE scraped_at > NOW() - INTERVAL '1 hour'
[2026-05-09T10:45:41.879+0000] {subprocess.py:93} INFO -             ORDER BY scraped_at DESC
[2026-05-09T10:45:41.879+0000] {subprocess.py:93} INFO -             ]
[2026-05-09T10:45:41.880+0000] {subprocess.py:93} INFO - (Background on this error at: https://sqlalche.me/e/14/f405)
[2026-05-09T10:45:42.077+0000] {subprocess.py:97} INFO - Command exited with return code 1
[2026-05-09T10:45:42.092+0000] {taskinstance.py:2698} ERROR - Task failed with exception
Traceback (most recent call last):
  File "/home/airflow/.local/lib/python3.11/site-packages/airflow/models/taskinstance.py", line 433, in _execute_task
    result = execute_callable(context=context, **execute_callable_kwargs)
             ^^^^^^^^^^^^^^^^^^^^^^^^^^^^^^^^^^^^^^^^^^^^^^^^^^^^^^^^^^^^
  File "/home/airflow/.local/lib/python3.11/site-packages/airflow/operators/bash.py", line 212, in execute
    raise AirflowException(
airflow.exceptions.AirflowException: Bash command failed. The command returned a non-zero exit code 1.
[2026-05-09T10:45:42.097+0000] {taskinstance.py:1138} INFO - Marking task as UP_FOR_RETRY. dag_id=mediapulse360_pipeline, task_id=transform_silver, execution_date=20260509T090000, start_date=20260509T104536, end_date=20260509T104542
[2026-05-09T10:45:42.120+0000] {standard_task_runner.py:107} ERROR - Failed to execute job 4 for task transform_silver (Bash command failed. The command returned a non-zero exit code 1.; 324)
[2026-05-09T10:45:42.152+0000] {local_task_job_runner.py:234} INFO - Task exited with return code 1
[2026-05-09T10:45:42.174+0000] {taskinstance.py:3280} INFO - 0 downstream tasks scheduled from follow-on schedule check
