[2026-05-09T10:55:51.062+0000] {taskinstance.py:1956} INFO - Dependencies all met for dep_context=non-requeueable deps ti=<TaskInstance: mediapulse360_pipeline.transform_silver scheduled__2026-05-09T09:00:00+00:00 [queued]>
[2026-05-09T10:55:51.072+0000] {taskinstance.py:1956} INFO - Dependencies all met for dep_context=requeueable deps ti=<TaskInstance: mediapulse360_pipeline.transform_silver scheduled__2026-05-09T09:00:00+00:00 [queued]>
[2026-05-09T10:55:51.072+0000] {taskinstance.py:2170} INFO - Starting attempt 3 of 3
[2026-05-09T10:55:51.085+0000] {taskinstance.py:2191} INFO - Executing <Task(BashOperator): transform_silver> on 2026-05-09 09:00:00+00:00
[2026-05-09T10:55:51.090+0000] {standard_task_runner.py:60} INFO - Started process 660 to run task
[2026-05-09T10:55:51.094+0000] {standard_task_runner.py:87} INFO - Running: ['***', 'tasks', 'run', 'mediapulse360_pipeline', 'transform_silver', 'scheduled__2026-05-09T09:00:00+00:00', '--job-id', '20', '--raw', '--subdir', 'DAGS_FOLDER/mediapulse360_pipeline.py', '--cfg-path', '/tmp/tmptj730mc5']
[2026-05-09T10:55:51.097+0000] {standard_task_runner.py:88} INFO - Job 20: Subtask transform_silver
[2026-05-09T10:55:51.179+0000] {task_command.py:423} INFO - Running <TaskInstance: mediapulse360_pipeline.transform_silver scheduled__2026-05-09T09:00:00+00:00 [running]> on host c8097e4ba7d4
[2026-05-09T10:55:51.278+0000] {taskinstance.py:2480} INFO - Exporting env vars: AIRFLOW_CTX_DAG_OWNER='data-eng' AIRFLOW_CTX_DAG_ID='mediapulse360_pipeline' AIRFLOW_CTX_TASK_ID='transform_silver' AIRFLOW_CTX_EXECUTION_DATE='2026-05-09T09:00:00+00:00' AIRFLOW_CTX_TRY_NUMBER='3' AIRFLOW_CTX_DAG_RUN_ID='scheduled__2026-05-09T09:00:00+00:00'
[2026-05-09T10:55:51.280+0000] {subprocess.py:63} INFO - Tmp dir root location: /tmp
[2026-05-09T10:55:51.284+0000] {subprocess.py:75} INFO - Running command: ['/usr/bin/bash', '-c', 'python -m pip install --quiet --target /tmp/***_deps minio feedparser && export PYTHONPATH=/tmp/***_deps:$PYTHONPATH && cd /opt/project && python -c "from scripts.pipeline import transform_silver; print(transform_silver())"']
[2026-05-09T10:55:51.298+0000] {subprocess.py:86} INFO - Output:
[2026-05-09T10:55:57.642+0000] {subprocess.py:93} INFO - ERROR: pip's dependency resolver does not currently take into account all the packages that are installed. This behaviour is the source of the following dependency conflicts.
[2026-05-09T10:55:57.643+0000] {subprocess.py:93} INFO - botocore 1.33.13 requires urllib3<2.1,>=1.25.4; python_version >= "3.10", but you have urllib3 2.7.0 which is incompatible.
[2026-05-09T10:55:57.644+0000] {subprocess.py:93} INFO - snowflake-connector-python 3.6.0 requires cffi<2.0.0,>=1.9, but you have cffi 2.0.0 which is incompatible.
[2026-05-09T10:55:57.644+0000] {subprocess.py:93} INFO - WARNING: Target directory /tmp/***_deps/Crypto already exists. Specify --upgrade to force replacement.
[2026-05-09T10:55:57.645+0000] {subprocess.py:93} INFO - WARNING: Target directory /tmp/***_deps/urllib3 already exists. Specify --upgrade to force replacement.
[2026-05-09T10:55:57.645+0000] {subprocess.py:93} INFO - WARNING: Target directory /tmp/***_deps/typing_extensions-4.15.0.dist-info already exists. Specify --upgrade to force replacement.
[2026-05-09T10:55:57.646+0000] {subprocess.py:93} INFO - WARNING: Target directory /tmp/***_deps/pycryptodome-3.23.0.dist-info already exists. Specify --upgrade to force replacement.
[2026-05-09T10:55:57.647+0000] {subprocess.py:93} INFO - WARNING: Target directory /tmp/***_deps/sgmllib.py already exists. Specify --upgrade to force replacement.
[2026-05-09T10:55:57.647+0000] {subprocess.py:93} INFO - WARNING: Target directory /tmp/***_deps/certifi already exists. Specify --upgrade to force replacement.
[2026-05-09T10:55:57.648+0000] {subprocess.py:93} INFO - WARNING: Target directory /tmp/***_deps/argon2_cffi_bindings-25.1.0.dist-info already exists. Specify --upgrade to force replacement.
[2026-05-09T10:55:57.649+0000] {subprocess.py:93} INFO - WARNING: Target directory /tmp/***_deps/urllib3-2.7.0.dist-info already exists. Specify --upgrade to force replacement.
[2026-05-09T10:55:57.650+0000] {subprocess.py:93} INFO - WARNING: Target directory /tmp/***_deps/feedparser already exists. Specify --upgrade to force replacement.
[2026-05-09T10:55:57.650+0000] {subprocess.py:93} INFO - WARNING: Target directory /tmp/***_deps/pycparser-3.0.dist-info already exists. Specify --upgrade to force replacement.
[2026-05-09T10:55:57.651+0000] {subprocess.py:93} INFO - WARNING: Target directory /tmp/***_deps/typing_extensions.py already exists. Specify --upgrade to force replacement.
[2026-05-09T10:55:57.651+0000] {subprocess.py:93} INFO - WARNING: Target directory /tmp/***_deps/sgmllib3k-1.0.0.dist-info already exists. Specify --upgrade to force replacement.
[2026-05-09T10:55:57.652+0000] {subprocess.py:93} INFO - WARNING: Target directory /tmp/***_deps/argon2 already exists. Specify --upgrade to force replacement.
[2026-05-09T10:55:57.652+0000] {subprocess.py:93} INFO - WARNING: Target directory /tmp/***_deps/__pycache__ already exists. Specify --upgrade to force replacement.
[2026-05-09T10:55:57.653+0000] {subprocess.py:93} INFO - WARNING: Target directory /tmp/***_deps/_argon2_cffi_bindings already exists. Specify --upgrade to force replacement.
[2026-05-09T10:55:57.653+0000] {subprocess.py:93} INFO - WARNING: Target directory /tmp/***_deps/cffi-2.0.0.dist-info already exists. Specify --upgrade to force replacement.
[2026-05-09T10:55:57.654+0000] {subprocess.py:93} INFO - WARNING: Target directory /tmp/***_deps/_cffi_backend.cpython-311-x86_64-linux-gnu.so already exists. Specify --upgrade to force replacement.
[2026-05-09T10:55:57.655+0000] {subprocess.py:93} INFO - WARNING: Target directory /tmp/***_deps/certifi-2026.4.22.dist-info already exists. Specify --upgrade to force replacement.
[2026-05-09T10:55:57.655+0000] {subprocess.py:93} INFO - WARNING: Target directory /tmp/***_deps/pycparser already exists. Specify --upgrade to force replacement.
[2026-05-09T10:55:57.655+0000] {subprocess.py:93} INFO - WARNING: Target directory /tmp/***_deps/feedparser-6.0.12.dist-info already exists. Specify --upgrade to force replacement.
[2026-05-09T10:55:57.656+0000] {subprocess.py:93} INFO - WARNING: Target directory /tmp/***_deps/cffi already exists. Specify --upgrade to force replacement.
[2026-05-09T10:55:57.656+0000] {subprocess.py:93} INFO - WARNING: Target directory /tmp/***_deps/minio already exists. Specify --upgrade to force replacement.
[2026-05-09T10:55:57.656+0000] {subprocess.py:93} INFO - WARNING: Target directory /tmp/***_deps/argon2_cffi-25.1.0.dist-info already exists. Specify --upgrade to force replacement.
[2026-05-09T10:55:57.657+0000] {subprocess.py:93} INFO - WARNING: Target directory /tmp/***_deps/minio-7.2.20.dist-info already exists. Specify --upgrade to force replacement.
[2026-05-09T10:55:57.808+0000] {subprocess.py:93} INFO - 
[2026-05-09T10:55:57.809+0000] {subprocess.py:93} INFO - [notice] A new release of pip is available: 23.3.2 -> 26.1.1
[2026-05-09T10:55:57.809+0000] {subprocess.py:93} INFO - [notice] To update, run: python -m pip install --upgrade pip
[2026-05-09T10:55:58.890+0000] {subprocess.py:93} INFO - INFO:scripts.pipeline:=== SILVER LAYER: CLEANING & NORMALIZATION ===
[2026-05-09T10:55:58.987+0000] {subprocess.py:93} INFO - INFO:scripts.pipeline:Bucket already exists: bronze-articles
[2026-05-09T10:55:58.990+0000] {subprocess.py:93} INFO - INFO:scripts.pipeline:Bucket already exists: silver-articles
[2026-05-09T10:55:58.995+0000] {subprocess.py:93} INFO - INFO:scripts.pipeline:Bucket already exists: gold-analytics
[2026-05-09T10:55:59.018+0000] {subprocess.py:93} INFO - INFO:scripts.pipeline:Processing 52 articles for Silver layer
[2026-05-09T10:55:59.150+0000] {subprocess.py:93} INFO - INFO:scripts.pipeline:Uploaded articles_cleaned_20260509_105559.parquet to Silver layer (52 rows)
[2026-05-09T10:55:59.172+0000] {subprocess.py:93} INFO - ERROR:scripts.pipeline:Silver transformation failed: (psycopg2.errors.UniqueViolation) duplicate key value violates unique constraint "articles_silver_pkey"
[2026-05-09T10:55:59.173+0000] {subprocess.py:93} INFO - DETAIL:  Key (article_id)=(7fb4c2086b7c6d5ec2e6fd04) already exists.
[2026-05-09T10:55:59.173+0000] {subprocess.py:93} INFO - 
[2026-05-09T10:55:59.174+0000] {subprocess.py:93} INFO - [SQL: INSERT INTO articles_silver (article_id, title, author, content, source, category, published_at, url, canonical_url, scraped_at, content_clean, title_normalized, content_length, word_count, detected_language, silver_timestamp, data_quality_score) VALUES (%(article_id)s, %(title)s, %(author)s, %(content)s, %(source)s, %(category)s, %(published_at)s, %(url)s, %(canonical_url)s, %(scraped_at)s, %(content_clean)s, %(title_normalized)s, %(content_length)s, %(word_count)s, %(detected_language)s, %(silver_timestamp)s, %(data_quality_score)s)]
[2026-05-09T10:55:59.174+0000] {subprocess.py:93} INFO - [parameters: ({'article_id': '7fb4c2086b7c6d5ec2e6fd04', 'title': "Le Ghana veut inscrire les violences xénophobes à l'agenda de la prochaine réunion de l'UA", 'author': 'Fatimata WANE', 'content': '', 'source': 'France24', 'category': "Journal de l'Afrique", 'published_at': datetime.datetime(2026, 5, 8, 21, 28, 47), 'url': 'https://www.france24.com/fr/%C3%A9missions/journal-de-l-afrique/20260508-le-ghana-veut-inscrire-les-violences-x%C3%A9nophobes-%C3%A0-l-agenda-de-la-prochaine-r%C3%A9union-de-l-ua', 'canonical_url': '', 'scraped_at': datetime.datetime(2026, 5, 9, 10, 54, 55, 685131), 'content_clean': '', 'title_normalized': 'Le Ghana veut inscrire les violences xénophobes à lagenda de la prochaine réunion de lUA', 'content_length': 0, 'word_count': 0, 'detected_language': 'unknown', 'silver_timestamp': '2026-05-09T10:55:59.032840', 'data_quality_score': 0.3333333333333333}, {'article_id': '1941c51502c6a4e98b9d9ee8', 'title': "Hongrie : Péter Magyar arrive au pouvoir avec la promesse d'un changement de régime", 'author': 'FRANCE 24', 'content': '', 'source': 'France24', 'category': 'Europe', 'published_at': datetime.datetime(2026, 5, 9, 4, 31, 16), 'url': 'https://www.france24.com/fr/europe/20260509-hongrie-peter-magyar-arrive-au-pouvoir-avec-la-promesse-d-un-changement-de-r%C3%A9gime', 'canonical_url': '', 'scraped_at': datetime.datetime(2026, 5, 9, 10, 54, 55, 626760), 'content_clean': '', 'title_normalized': 'Hongrie  Péter Magyar arrive au pouvoir avec la promesse dun changement de régime', 'content_length': 0, 'word_count': 0, 'detected_language': 'unknown', 'silver_timestamp': '2026-05-09T10:55:59.032840', 'data_quality_score': 0.3333333333333333}, {'article_id': '9c3b2110daaadf7b2177ec00', 'title': "En direct : l'armée israélienne a mené des frappes dans le Sud-Liban après des appels à l'évacuation", 'author': 'Romain BRUNET', 'content': '', 'source': 'France24', 'category': 'Moyen-Orient', 'published_at': datetime.datetime(2026, 5, 9, 5, 16, 25), 'url': 'https://www.france24.com/fr/moyen-orient/20260509-en-direct-une-maree-noire-detectee-au-large-du-principal-terminal-petrolier-iranien-etats-unis-trump', 'canonical_url': '', 'scraped_at': datetime.datetime(2026, 5, 9, 10, 54, 55, 569025), 'content_clean': '', 'title_normalized': 'En direct  larmée israélienne a mené des frappes dans le Sud-Liban après des appels à lévacuation', 'content_length': 0, 'word_count': 0, 'detected_language': 'unknown', 'silver_timestamp': '2026-05-09T10:55:59.032840', 'data_quality_score': 0.3333333333333333}, {'article_id': '91b085d70cfeb9a058fb3bc5', 'title': 'En quête d\'un "partenariat renouvelé" avec l\'Afrique, Emmanuel Macron débute sa tournée en Égypte', 'author': 'FRANCE 24', 'content': '', 'source': 'France24', 'category': 'Afrique', 'published_at': datetime.datetime(2026, 5, 9, 6, 25), 'url': 'https://www.france24.com/fr/afrique/20260509-en-quete-partenariat-renouvele-avec-afrique-emmanuel-macron-debute-tournee-africaine-en-egypte', 'canonical_url': '', 'scraped_at': datetime.datetime(2026, 5, 9, 10, 54, 55, 509640), 'content_clean': '', 'title_normalized': 'En quête dun partenariat renouvelé avec lAfrique, Emmanuel Macron débute sa tournée en Égypte', 'content_length': 0, 'word_count': 0, 'detected_language': 'unknown', 'silver_timestamp': '2026-05-09T10:55:59.032840', 'data_quality_score': 0.3333333333333333}, {'article_id': '04dc8fe071f8244b0b206d65', 'title': '"QME", la doctrine américaine pro-Israël qui maintient l’armée libanaise en état de faiblesse', 'author': 'Leela JACINTO', 'content': '', 'source': 'France24', 'category': 'Moyen-Orient', 'published_at': datetime.datetime(2026, 5, 9, 7, 32, 16), 'url': 'https://www.france24.com/fr/moyen-orient/20260509-qme-la-doctrine-am%C3%A9ricaine-pro-isra%C3%ABl-qui-maintient-l-arm%C3%A9e-libanaise-en-%C3%A9tat-de-faiblesse', 'canonical_url': '', 'scraped_at': datetime.datetime(2026, 5, 9, 10, 54, 55, 448439), 'content_clean': '', 'title_normalized': 'QME, la doctrine américaine pro-Israël qui maintient larmée libanaise en état de faiblesse', 'content_length': 0, 'word_count': 0, 'detected_language': 'unknown', 'silver_timestamp': '2026-05-09T10:55:59.032840', 'data_quality_score': 0.3333333333333333}, {'article_id': 'cd4a09d5d1d892b6db9884ef', 'title': "Fragile cessez-le-feu de 3 jours entre la Russie et l'Ukraine", 'author': 'FRANCE24', 'content': '', 'source': 'France24', 'category': 'Unknown', 'published_at': datetime.datetime(2026, 5, 9, 8, 48, 8), 'url': 'https://www.france24.com/fr/vid%C3%A9o/20260509-fragile-cessez-le-feu-de-3-jours-entre-la-russie-et-l-ukraine', 'canonical_url': '', 'scraped_at': datetime.datetime(2026, 5, 9, 10, 54, 55, 362329), 'content_clean': '', 'title_normalized': 'Fragile cessez-le-feu de 3 jours entre la Russie et lUkraine', 'content_length': 0, 'word_count': 0, 'detected_language': 'unknown', 'silver_timestamp': '2026-05-09T10:55:59.032840', 'data_quality_score': 0.3333333333333333}, {'article_id': '4527cc89c7ac5fd81c4d5946', 'title': "L'accord entre l'Iran et les États-Unis toujours en suspend", 'author': 'FRANCE24', 'content': '', 'source': 'France24', 'category': 'Unknown', 'published_at': datetime.datetime(2026, 5, 9, 8, 49, 50), 'url': 'https://www.france24.com/fr/vid%C3%A9o/20260509-l-accord-entre-l-iran-et-les-%C3%A9tats-unis-toujours-en-suspend', 'canonical_url': '', 'scraped_at': datetime.datetime(2026, 5, 9, 10, 54, 55, 282103), 'content_clean': '', 'title_normalized': 'Laccord entre lIran et les États-Unis toujours en suspend', 'content_length': 0, 'word_count': 0, 'detected_language': 'unknown', 'silver_timestamp': '2026-05-09T10:55:59.032840', 'data_quality_score': 0.3333333333333333}, {'article_id': '3e25fbb2a5a030a8d2a6d747', 'title': 'Royaume-Uni : "fin du bipartisme" après l\'échec des travaillistes aux élections locales', 'author': 'FRANCE24', 'content': '', 'source': 'France24', 'category': 'Unknown', 'published_at': datetime.datetime(2026, 5, 9, 8, 52, 37), 'url': 'https://www.france24.com/fr/vid%C3%A9o/20260509-royaume-uni-fin-du-bipartisme-apr%C3%A8s-l-%C3%A9chec-des-travaillistes-aux-%C3%A9lections-locales', 'canonical_url': '', 'scraped_at': datetime.datetime(2026, 5, 9, 10, 54, 55, 215157), 'content_clean': '', 'title_normalized': 'Royaume-Uni  fin du bipartisme après léchec des travaillistes aux élections locales', 'content_length': 0, 'word_count': 0, 'detected_language': 'unknown', 'silver_timestamp': '2026-05-09T10:55:59.032840', 'data_quality_score': 0.3333333333333333}  ... displaying 10 of 52 total bound parameter sets ...  {'article_id': 'a54d55bd408e68ddb0aa1735', 'title': 'Pétition anti-Mbappé : 50 millions de signatures en 3 jours pour exiger son départ du Real Madrid ?', 'author': 'Jules BOITEAU', 'content': '', 'source': 'France24', 'category': 'Info ou intox', 'published_at': datetime.datetime(2026, 5, 8, 19, 53, 5), 'url': 'https://www.france24.com/fr/%C3%A9missions/info-ou-intox/20260508-p%C3%A9tition-anti-mbapp%C3%A9-50-millions-de-signatures-en-3-jours-pour-exiger-son-d%C3%A9part-du-real-madrid', 'canonical_url': '', 'scraped_at': datetime.datetime(2026, 5, 9, 10, 39, 20, 25429), 'content_clean': '', 'title_normalized': 'Pétition anti-Mbappé  50 millions de signatures en 3 jours pour exiger son départ du Real Madrid ?', 'content_length': 0, 'word_count': 0, 'detected_language': 'unknown', 'silver_timestamp': '2026-05-09T10:55:59.032840', 'data_quality_score': 0.3333333333333333}, {'article_id': '3505e4546451fe3e388da97b', 'title': 'Sénégal : Caroline Gueye illumine la Biennale de Venise avec “WURUS”', 'author': 'FRANCE24', 'content': '', 'source': 'France24', 'category': 'Unknown', 'published_at': datetime.datetime(2026, 5, 8, 20, 37, 26), 'url': 'https://www.france24.com/fr/vid%C3%A9o/20260508-s%C3%A9n%C3%A9gal-caroline-gueye-illumine-la-biennale-de-venise-avec-wurus', 'canonical_url': '', 'scraped_at': datetime.datetime(2026, 5, 9, 10, 39, 19, 950338), 'content_clean': '', 'title_normalized': 'Sénégal  Caroline Gueye illumine la Biennale de Venise avec WURUS', 'content_length': 0, 'word_count': 0, 'detected_language': 'unknown', 'silver_timestamp': '2026-05-09T10:55:59.032840', 'data_quality_score': 0.3333333333333333})]
[2026-05-09T10:55:59.175+0000] {subprocess.py:93} INFO - (Background on this error at: https://sqlalche.me/e/14/gkpj)
[2026-05-09T10:55:59.175+0000] {subprocess.py:93} INFO - Traceback (most recent call last):
[2026-05-09T10:55:59.175+0000] {subprocess.py:93} INFO -   File "/home/***/.local/lib/python3.11/site-packages/sqlalchemy/engine/base.py", line 1890, in _execute_context
[2026-05-09T10:55:59.176+0000] {subprocess.py:93} INFO -     self.dialect.do_executemany(
[2026-05-09T10:55:59.176+0000] {subprocess.py:93} INFO -   File "/home/***/.local/lib/python3.11/site-packages/sqlalchemy/dialects/postgresql/psycopg2.py", line 982, in do_executemany
[2026-05-09T10:55:59.177+0000] {subprocess.py:93} INFO -     context._psycopg2_fetched_rows = xtras.execute_values(
[2026-05-09T10:55:59.177+0000] {subprocess.py:93} INFO -                                      ^^^^^^^^^^^^^^^^^^^^^
[2026-05-09T10:55:59.177+0000] {subprocess.py:93} INFO -   File "/home/***/.local/lib/python3.11/site-packages/psycopg2/extras.py", line 1299, in execute_values
[2026-05-09T10:55:59.178+0000] {subprocess.py:93} INFO -     cur.execute(b''.join(parts))
[2026-05-09T10:55:59.178+0000] {subprocess.py:93} INFO - psycopg2.errors.UniqueViolation: duplicate key value violates unique constraint "articles_silver_pkey"
[2026-05-09T10:55:59.178+0000] {subprocess.py:93} INFO - DETAIL:  Key (article_id)=(7fb4c2086b7c6d5ec2e6fd04) already exists.
[2026-05-09T10:55:59.179+0000] {subprocess.py:93} INFO - 
[2026-05-09T10:55:59.180+0000] {subprocess.py:93} INFO - 
[2026-05-09T10:55:59.180+0000] {subprocess.py:93} INFO - The above exception was the direct cause of the following exception:
[2026-05-09T10:55:59.181+0000] {subprocess.py:93} INFO - 
[2026-05-09T10:55:59.182+0000] {subprocess.py:93} INFO - Traceback (most recent call last):
[2026-05-09T10:55:59.183+0000] {subprocess.py:93} INFO -   File "<string>", line 1, in <module>
[2026-05-09T10:55:59.183+0000] {subprocess.py:93} INFO -   File "/opt/project/scripts/pipeline.py", line 195, in transform_silver
[2026-05-09T10:55:59.184+0000] {subprocess.py:93} INFO -     df.to_sql('articles_silver', conn, if_exists='append', index=False)
[2026-05-09T10:55:59.184+0000] {subprocess.py:93} INFO -   File "/home/***/.local/lib/python3.11/site-packages/pandas/util/_decorators.py", line 333, in wrapper
[2026-05-09T10:55:59.185+0000] {subprocess.py:93} INFO -     return func(*args, **kwargs)
[2026-05-09T10:55:59.186+0000] {subprocess.py:93} INFO -            ^^^^^^^^^^^^^^^^^^^^^
[2026-05-09T10:55:59.186+0000] {subprocess.py:93} INFO -   File "/home/***/.local/lib/python3.11/site-packages/pandas/core/generic.py", line 3008, in to_sql
[2026-05-09T10:55:59.186+0000] {subprocess.py:93} INFO -     return sql.to_sql(
[2026-05-09T10:55:59.187+0000] {subprocess.py:93} INFO -            ^^^^^^^^^^^
[2026-05-09T10:55:59.187+0000] {subprocess.py:93} INFO -   File "/home/***/.local/lib/python3.11/site-packages/pandas/io/sql.py", line 788, in to_sql
[2026-05-09T10:55:59.187+0000] {subprocess.py:93} INFO -     return pandas_sql.to_sql(
[2026-05-09T10:55:59.188+0000] {subprocess.py:93} INFO -            ^^^^^^^^^^^^^^^^^^
[2026-05-09T10:55:59.188+0000] {subprocess.py:93} INFO -   File "/home/***/.local/lib/python3.11/site-packages/pandas/io/sql.py", line 1958, in to_sql
[2026-05-09T10:55:59.188+0000] {subprocess.py:93} INFO -     total_inserted = sql_engine.insert_records(
[2026-05-09T10:55:59.189+0000] {subprocess.py:93} INFO -                      ^^^^^^^^^^^^^^^^^^^^^^^^^^
[2026-05-09T10:55:59.189+0000] {subprocess.py:93} INFO -   File "/home/***/.local/lib/python3.11/site-packages/pandas/io/sql.py", line 1507, in insert_records
[2026-05-09T10:55:59.190+0000] {subprocess.py:93} INFO -     raise err
[2026-05-09T10:55:59.191+0000] {subprocess.py:93} INFO -   File "/home/***/.local/lib/python3.11/site-packages/pandas/io/sql.py", line 1498, in insert_records
[2026-05-09T10:55:59.191+0000] {subprocess.py:93} INFO -     return table.insert(chunksize=chunksize, method=method)
[2026-05-09T10:55:59.192+0000] {subprocess.py:93} INFO -            ^^^^^^^^^^^^^^^^^^^^^^^^^^^^^^^^^^^^^^^^^^^^^^^^
[2026-05-09T10:55:59.192+0000] {subprocess.py:93} INFO -   File "/home/***/.local/lib/python3.11/site-packages/pandas/io/sql.py", line 1059, in insert
[2026-05-09T10:55:59.192+0000] {subprocess.py:93} INFO -     num_inserted = exec_insert(conn, keys, chunk_iter)
[2026-05-09T10:55:59.193+0000] {subprocess.py:93} INFO -                    ^^^^^^^^^^^^^^^^^^^^^^^^^^^^^^^^^^^
[2026-05-09T10:55:59.193+0000] {subprocess.py:93} INFO -   File "/home/***/.local/lib/python3.11/site-packages/pandas/io/sql.py", line 951, in _execute_insert
[2026-05-09T10:55:59.193+0000] {subprocess.py:93} INFO -     result = conn.execute(self.table.insert(), data)
[2026-05-09T10:55:59.193+0000] {subprocess.py:93} INFO -              ^^^^^^^^^^^^^^^^^^^^^^^^^^^^^^^^^^^^^^^
[2026-05-09T10:55:59.194+0000] {subprocess.py:93} INFO -   File "/home/***/.local/lib/python3.11/site-packages/sqlalchemy/engine/base.py", line 1385, in execute
[2026-05-09T10:55:59.194+0000] {subprocess.py:93} INFO -     return meth(self, multiparams, params, _EMPTY_EXECUTION_OPTS)
[2026-05-09T10:55:59.194+0000] {subprocess.py:93} INFO -            ^^^^^^^^^^^^^^^^^^^^^^^^^^^^^^^^^^^^^^^^^^^^^^^^^^^^^^
[2026-05-09T10:55:59.195+0000] {subprocess.py:93} INFO -   File "/home/***/.local/lib/python3.11/site-packages/sqlalchemy/sql/elements.py", line 334, in _execute_on_connection
[2026-05-09T10:55:59.195+0000] {subprocess.py:93} INFO -     return connection._execute_clauseelement(
[2026-05-09T10:55:59.195+0000] {subprocess.py:93} INFO -            ^^^^^^^^^^^^^^^^^^^^^^^^^^^^^^^^^^
[2026-05-09T10:55:59.196+0000] {subprocess.py:93} INFO -   File "/home/***/.local/lib/python3.11/site-packages/sqlalchemy/engine/base.py", line 1577, in _execute_clauseelement
[2026-05-09T10:55:59.197+0000] {subprocess.py:93} INFO -     ret = self._execute_context(
[2026-05-09T10:55:59.197+0000] {subprocess.py:93} INFO -           ^^^^^^^^^^^^^^^^^^^^^^
[2026-05-09T10:55:59.198+0000] {subprocess.py:93} INFO -   File "/home/***/.local/lib/python3.11/site-packages/sqlalchemy/engine/base.py", line 1953, in _execute_context
[2026-05-09T10:55:59.198+0000] {subprocess.py:93} INFO -     self._handle_dbapi_exception(
[2026-05-09T10:55:59.199+0000] {subprocess.py:93} INFO -   File "/home/***/.local/lib/python3.11/site-packages/sqlalchemy/engine/base.py", line 2134, in _handle_dbapi_exception
[2026-05-09T10:55:59.200+0000] {subprocess.py:93} INFO -     util.raise_(
[2026-05-09T10:55:59.201+0000] {subprocess.py:93} INFO -   File "/home/***/.local/lib/python3.11/site-packages/sqlalchemy/util/compat.py", line 211, in raise_
[2026-05-09T10:55:59.202+0000] {subprocess.py:93} INFO -     raise exception
[2026-05-09T10:55:59.203+0000] {subprocess.py:93} INFO -   File "/home/***/.local/lib/python3.11/site-packages/sqlalchemy/engine/base.py", line 1890, in _execute_context
[2026-05-09T10:55:59.203+0000] {subprocess.py:93} INFO -     self.dialect.do_executemany(
[2026-05-09T10:55:59.203+0000] {subprocess.py:93} INFO -   File "/home/***/.local/lib/python3.11/site-packages/sqlalchemy/dialects/postgresql/psycopg2.py", line 982, in do_executemany
[2026-05-09T10:55:59.204+0000] {subprocess.py:93} INFO -     context._psycopg2_fetched_rows = xtras.execute_values(
[2026-05-09T10:55:59.204+0000] {subprocess.py:93} INFO -                                      ^^^^^^^^^^^^^^^^^^^^^
[2026-05-09T10:55:59.205+0000] {subprocess.py:93} INFO -   File "/home/***/.local/lib/python3.11/site-packages/psycopg2/extras.py", line 1299, in execute_values
[2026-05-09T10:55:59.205+0000] {subprocess.py:93} INFO -     cur.execute(b''.join(parts))
[2026-05-09T10:55:59.205+0000] {subprocess.py:93} INFO - sqlalchemy.exc.IntegrityError: (psycopg2.errors.UniqueViolation) duplicate key value violates unique constraint "articles_silver_pkey"
[2026-05-09T10:55:59.206+0000] {subprocess.py:93} INFO - DETAIL:  Key (article_id)=(7fb4c2086b7c6d5ec2e6fd04) already exists.
[2026-05-09T10:55:59.206+0000] {subprocess.py:93} INFO - 
[2026-05-09T10:55:59.206+0000] {subprocess.py:93} INFO - [SQL: INSERT INTO articles_silver (article_id, title, author, content, source, category, published_at, url, canonical_url, scraped_at, content_clean, title_normalized, content_length, word_count, detected_language, silver_timestamp, data_quality_score) VALUES (%(article_id)s, %(title)s, %(author)s, %(content)s, %(source)s, %(category)s, %(published_at)s, %(url)s, %(canonical_url)s, %(scraped_at)s, %(content_clean)s, %(title_normalized)s, %(content_length)s, %(word_count)s, %(detected_language)s, %(silver_timestamp)s, %(data_quality_score)s)]
[2026-05-09T10:55:59.207+0000] {subprocess.py:93} INFO - [parameters: ({'article_id': '7fb4c2086b7c6d5ec2e6fd04', 'title': "Le Ghana veut inscrire les violences xénophobes à l'agenda de la prochaine réunion de l'UA", 'author': 'Fatimata WANE', 'content': '', 'source': 'France24', 'category': "Journal de l'Afrique", 'published_at': datetime.datetime(2026, 5, 8, 21, 28, 47), 'url': 'https://www.france24.com/fr/%C3%A9missions/journal-de-l-afrique/20260508-le-ghana-veut-inscrire-les-violences-x%C3%A9nophobes-%C3%A0-l-agenda-de-la-prochaine-r%C3%A9union-de-l-ua', 'canonical_url': '', 'scraped_at': datetime.datetime(2026, 5, 9, 10, 54, 55, 685131), 'content_clean': '', 'title_normalized': 'Le Ghana veut inscrire les violences xénophobes à lagenda de la prochaine réunion de lUA', 'content_length': 0, 'word_count': 0, 'detected_language': 'unknown', 'silver_timestamp': '2026-05-09T10:55:59.032840', 'data_quality_score': 0.3333333333333333}, {'article_id': '1941c51502c6a4e98b9d9ee8', 'title': "Hongrie : Péter Magyar arrive au pouvoir avec la promesse d'un changement de régime", 'author': 'FRANCE 24', 'content': '', 'source': 'France24', 'category': 'Europe', 'published_at': datetime.datetime(2026, 5, 9, 4, 31, 16), 'url': 'https://www.france24.com/fr/europe/20260509-hongrie-peter-magyar-arrive-au-pouvoir-avec-la-promesse-d-un-changement-de-r%C3%A9gime', 'canonical_url': '', 'scraped_at': datetime.datetime(2026, 5, 9, 10, 54, 55, 626760), 'content_clean': '', 'title_normalized': 'Hongrie  Péter Magyar arrive au pouvoir avec la promesse dun changement de régime', 'content_length': 0, 'word_count': 0, 'detected_language': 'unknown', 'silver_timestamp': '2026-05-09T10:55:59.032840', 'data_quality_score': 0.3333333333333333}, {'article_id': '9c3b2110daaadf7b2177ec00', 'title': "En direct : l'armée israélienne a mené des frappes dans le Sud-Liban après des appels à l'évacuation", 'author': 'Romain BRUNET', 'content': '', 'source': 'France24', 'category': 'Moyen-Orient', 'published_at': datetime.datetime(2026, 5, 9, 5, 16, 25), 'url': 'https://www.france24.com/fr/moyen-orient/20260509-en-direct-une-maree-noire-detectee-au-large-du-principal-terminal-petrolier-iranien-etats-unis-trump', 'canonical_url': '', 'scraped_at': datetime.datetime(2026, 5, 9, 10, 54, 55, 569025), 'content_clean': '', 'title_normalized': 'En direct  larmée israélienne a mené des frappes dans le Sud-Liban après des appels à lévacuation', 'content_length': 0, 'word_count': 0, 'detected_language': 'unknown', 'silver_timestamp': '2026-05-09T10:55:59.032840', 'data_quality_score': 0.3333333333333333}, {'article_id': '91b085d70cfeb9a058fb3bc5', 'title': 'En quête d\'un "partenariat renouvelé" avec l\'Afrique, Emmanuel Macron débute sa tournée en Égypte', 'author': 'FRANCE 24', 'content': '', 'source': 'France24', 'category': 'Afrique', 'published_at': datetime.datetime(2026, 5, 9, 6, 25), 'url': 'https://www.france24.com/fr/afrique/20260509-en-quete-partenariat-renouvele-avec-afrique-emmanuel-macron-debute-tournee-africaine-en-egypte', 'canonical_url': '', 'scraped_at': datetime.datetime(2026, 5, 9, 10, 54, 55, 509640), 'content_clean': '', 'title_normalized': 'En quête dun partenariat renouvelé avec lAfrique, Emmanuel Macron débute sa tournée en Égypte', 'content_length': 0, 'word_count': 0, 'detected_language': 'unknown', 'silver_timestamp': '2026-05-09T10:55:59.032840', 'data_quality_score': 0.3333333333333333}, {'article_id': '04dc8fe071f8244b0b206d65', 'title': '"QME", la doctrine américaine pro-Israël qui maintient l’armée libanaise en état de faiblesse', 'author': 'Leela JACINTO', 'content': '', 'source': 'France24', 'category': 'Moyen-Orient', 'published_at': datetime.datetime(2026, 5, 9, 7, 32, 16), 'url': 'https://www.france24.com/fr/moyen-orient/20260509-qme-la-doctrine-am%C3%A9ricaine-pro-isra%C3%ABl-qui-maintient-l-arm%C3%A9e-libanaise-en-%C3%A9tat-de-faiblesse', 'canonical_url': '', 'scraped_at': datetime.datetime(2026, 5, 9, 10, 54, 55, 448439), 'content_clean': '', 'title_normalized': 'QME, la doctrine américaine pro-Israël qui maintient larmée libanaise en état de faiblesse', 'content_length': 0, 'word_count': 0, 'detected_language': 'unknown', 'silver_timestamp': '2026-05-09T10:55:59.032840', 'data_quality_score': 0.3333333333333333}, {'article_id': 'cd4a09d5d1d892b6db9884ef', 'title': "Fragile cessez-le-feu de 3 jours entre la Russie et l'Ukraine", 'author': 'FRANCE24', 'content': '', 'source': 'France24', 'category': 'Unknown', 'published_at': datetime.datetime(2026, 5, 9, 8, 48, 8), 'url': 'https://www.france24.com/fr/vid%C3%A9o/20260509-fragile-cessez-le-feu-de-3-jours-entre-la-russie-et-l-ukraine', 'canonical_url': '', 'scraped_at': datetime.datetime(2026, 5, 9, 10, 54, 55, 362329), 'content_clean': '', 'title_normalized': 'Fragile cessez-le-feu de 3 jours entre la Russie et lUkraine', 'content_length': 0, 'word_count': 0, 'detected_language': 'unknown', 'silver_timestamp': '2026-05-09T10:55:59.032840', 'data_quality_score': 0.3333333333333333}, {'article_id': '4527cc89c7ac5fd81c4d5946', 'title': "L'accord entre l'Iran et les États-Unis toujours en suspend", 'author': 'FRANCE24', 'content': '', 'source': 'France24', 'category': 'Unknown', 'published_at': datetime.datetime(2026, 5, 9, 8, 49, 50), 'url': 'https://www.france24.com/fr/vid%C3%A9o/20260509-l-accord-entre-l-iran-et-les-%C3%A9tats-unis-toujours-en-suspend', 'canonical_url': '', 'scraped_at': datetime.datetime(2026, 5, 9, 10, 54, 55, 282103), 'content_clean': '', 'title_normalized': 'Laccord entre lIran et les États-Unis toujours en suspend', 'content_length': 0, 'word_count': 0, 'detected_language': 'unknown', 'silver_timestamp': '2026-05-09T10:55:59.032840', 'data_quality_score': 0.3333333333333333}, {'article_id': '3e25fbb2a5a030a8d2a6d747', 'title': 'Royaume-Uni : "fin du bipartisme" après l\'échec des travaillistes aux élections locales', 'author': 'FRANCE24', 'content': '', 'source': 'France24', 'category': 'Unknown', 'published_at': datetime.datetime(2026, 5, 9, 8, 52, 37), 'url': 'https://www.france24.com/fr/vid%C3%A9o/20260509-royaume-uni-fin-du-bipartisme-apr%C3%A8s-l-%C3%A9chec-des-travaillistes-aux-%C3%A9lections-locales', 'canonical_url': '', 'scraped_at': datetime.datetime(2026, 5, 9, 10, 54, 55, 215157), 'content_clean': '', 'title_normalized': 'Royaume-Uni  fin du bipartisme après léchec des travaillistes aux élections locales', 'content_length': 0, 'word_count': 0, 'detected_language': 'unknown', 'silver_timestamp': '2026-05-09T10:55:59.032840', 'data_quality_score': 0.3333333333333333}  ... displaying 10 of 52 total bound parameter sets ...  {'article_id': 'a54d55bd408e68ddb0aa1735', 'title': 'Pétition anti-Mbappé : 50 millions de signatures en 3 jours pour exiger son départ du Real Madrid ?', 'author': 'Jules BOITEAU', 'content': '', 'source': 'France24', 'category': 'Info ou intox', 'published_at': datetime.datetime(2026, 5, 8, 19, 53, 5), 'url': 'https://www.france24.com/fr/%C3%A9missions/info-ou-intox/20260508-p%C3%A9tition-anti-mbapp%C3%A9-50-millions-de-signatures-en-3-jours-pour-exiger-son-d%C3%A9part-du-real-madrid', 'canonical_url': '', 'scraped_at': datetime.datetime(2026, 5, 9, 10, 39, 20, 25429), 'content_clean': '', 'title_normalized': 'Pétition anti-Mbappé  50 millions de signatures en 3 jours pour exiger son départ du Real Madrid ?', 'content_length': 0, 'word_count': 0, 'detected_language': 'unknown', 'silver_timestamp': '2026-05-09T10:55:59.032840', 'data_quality_score': 0.3333333333333333}, {'article_id': '3505e4546451fe3e388da97b', 'title': 'Sénégal : Caroline Gueye illumine la Biennale de Venise avec “WURUS”', 'author': 'FRANCE24', 'content': '', 'source': 'France24', 'category': 'Unknown', 'published_at': datetime.datetime(2026, 5, 8, 20, 37, 26), 'url': 'https://www.france24.com/fr/vid%C3%A9o/20260508-s%C3%A9n%C3%A9gal-caroline-gueye-illumine-la-biennale-de-venise-avec-wurus', 'canonical_url': '', 'scraped_at': datetime.datetime(2026, 5, 9, 10, 39, 19, 950338), 'content_clean': '', 'title_normalized': 'Sénégal  Caroline Gueye illumine la Biennale de Venise avec WURUS', 'content_length': 0, 'word_count': 0, 'detected_language': 'unknown', 'silver_timestamp': '2026-05-09T10:55:59.032840', 'data_quality_score': 0.3333333333333333})]
[2026-05-09T10:55:59.207+0000] {subprocess.py:93} INFO - (Background on this error at: https://sqlalche.me/e/14/gkpj)
[2026-05-09T10:55:59.330+0000] {subprocess.py:97} INFO - Command exited with return code 1
[2026-05-09T10:55:59.341+0000] {taskinstance.py:2698} ERROR - Task failed with exception
Traceback (most recent call last):
  File "/home/airflow/.local/lib/python3.11/site-packages/airflow/models/taskinstance.py", line 433, in _execute_task
    result = execute_callable(context=context, **execute_callable_kwargs)
             ^^^^^^^^^^^^^^^^^^^^^^^^^^^^^^^^^^^^^^^^^^^^^^^^^^^^^^^^^^^^
  File "/home/airflow/.local/lib/python3.11/site-packages/airflow/operators/bash.py", line 212, in execute
    raise AirflowException(
airflow.exceptions.AirflowException: Bash command failed. The command returned a non-zero exit code 1.
[2026-05-09T10:55:59.344+0000] {taskinstance.py:1138} INFO - Marking task as FAILED. dag_id=mediapulse360_pipeline, task_id=transform_silver, execution_date=20260509T090000, start_date=20260509T105551, end_date=20260509T105559
[2026-05-09T10:55:59.358+0000] {standard_task_runner.py:107} ERROR - Failed to execute job 20 for task transform_silver (Bash command failed. The command returned a non-zero exit code 1.; 660)
[2026-05-09T10:55:59.382+0000] {local_task_job_runner.py:234} INFO - Task exited with return code 1
[2026-05-09T10:55:59.400+0000] {taskinstance.py:3280} INFO - 0 downstream tasks scheduled from follow-on schedule check
