[2026-05-09T11:00:57.169+0000] {taskinstance.py:1956} INFO - Dependencies all met for dep_context=non-requeueable deps ti=<TaskInstance: mediapulse360_pipeline.transform_silver manual__2026-05-09T10:45:06+00:00 [queued]>
[2026-05-09T11:00:57.184+0000] {taskinstance.py:1956} INFO - Dependencies all met for dep_context=requeueable deps ti=<TaskInstance: mediapulse360_pipeline.transform_silver manual__2026-05-09T10:45:06+00:00 [queued]>
[2026-05-09T11:00:57.185+0000] {taskinstance.py:2170} INFO - Starting attempt 3 of 3
[2026-05-09T11:00:57.203+0000] {taskinstance.py:2191} INFO - Executing <Task(BashOperator): transform_silver> on 2026-05-09 10:45:06+00:00
[2026-05-09T11:00:57.209+0000] {standard_task_runner.py:60} INFO - Started process 1212 to run task
[2026-05-09T11:00:57.215+0000] {standard_task_runner.py:87} INFO - Running: ['***', 'tasks', 'run', 'mediapulse360_pipeline', 'transform_silver', 'manual__2026-05-09T10:45:06+00:00', '--job-id', '37', '--raw', '--subdir', 'DAGS_FOLDER/mediapulse360_pipeline.py', '--cfg-path', '/tmp/tmpw1s4dju4']
[2026-05-09T11:00:57.218+0000] {standard_task_runner.py:88} INFO - Job 37: Subtask transform_silver
[2026-05-09T11:00:57.300+0000] {task_command.py:423} INFO - Running <TaskInstance: mediapulse360_pipeline.transform_silver manual__2026-05-09T10:45:06+00:00 [running]> on host c8097e4ba7d4
[2026-05-09T11:00:57.393+0000] {taskinstance.py:2480} INFO - Exporting env vars: AIRFLOW_CTX_DAG_OWNER='data-eng' AIRFLOW_CTX_DAG_ID='mediapulse360_pipeline' AIRFLOW_CTX_TASK_ID='transform_silver' AIRFLOW_CTX_EXECUTION_DATE='2026-05-09T10:45:06+00:00' AIRFLOW_CTX_TRY_NUMBER='3' AIRFLOW_CTX_DAG_RUN_ID='manual__2026-05-09T10:45:06+00:00'
[2026-05-09T11:00:57.396+0000] {subprocess.py:63} INFO - Tmp dir root location: /tmp
[2026-05-09T11:00:57.400+0000] {subprocess.py:75} INFO - Running command: ['/usr/bin/bash', '-c', 'python -m pip install --quiet --target /tmp/***_deps minio feedparser && export PYTHONPATH=/tmp/***_deps:$PYTHONPATH && cd /opt/project && python -c "from scripts.pipeline import transform_silver; print(transform_silver())"']
[2026-05-09T11:00:57.416+0000] {subprocess.py:86} INFO - Output:
[2026-05-09T11:01:04.318+0000] {subprocess.py:93} INFO - ERROR: pip's dependency resolver does not currently take into account all the packages that are installed. This behaviour is the source of the following dependency conflicts.
[2026-05-09T11:01:04.319+0000] {subprocess.py:93} INFO - botocore 1.33.13 requires urllib3<2.1,>=1.25.4; python_version >= "3.10", but you have urllib3 2.7.0 which is incompatible.
[2026-05-09T11:01:04.320+0000] {subprocess.py:93} INFO - snowflake-connector-python 3.6.0 requires cffi<2.0.0,>=1.9, but you have cffi 2.0.0 which is incompatible.
[2026-05-09T11:01:04.320+0000] {subprocess.py:93} INFO - WARNING: Target directory /tmp/***_deps/Crypto already exists. Specify --upgrade to force replacement.
[2026-05-09T11:01:04.321+0000] {subprocess.py:93} INFO - WARNING: Target directory /tmp/***_deps/urllib3 already exists. Specify --upgrade to force replacement.
[2026-05-09T11:01:04.322+0000] {subprocess.py:93} INFO - WARNING: Target directory /tmp/***_deps/typing_extensions-4.15.0.dist-info already exists. Specify --upgrade to force replacement.
[2026-05-09T11:01:04.322+0000] {subprocess.py:93} INFO - WARNING: Target directory /tmp/***_deps/pycryptodome-3.23.0.dist-info already exists. Specify --upgrade to force replacement.
[2026-05-09T11:01:04.323+0000] {subprocess.py:93} INFO - WARNING: Target directory /tmp/***_deps/sgmllib.py already exists. Specify --upgrade to force replacement.
[2026-05-09T11:01:04.324+0000] {subprocess.py:93} INFO - WARNING: Target directory /tmp/***_deps/certifi already exists. Specify --upgrade to force replacement.
[2026-05-09T11:01:04.324+0000] {subprocess.py:93} INFO - WARNING: Target directory /tmp/***_deps/argon2_cffi_bindings-25.1.0.dist-info already exists. Specify --upgrade to force replacement.
[2026-05-09T11:01:04.325+0000] {subprocess.py:93} INFO - WARNING: Target directory /tmp/***_deps/urllib3-2.7.0.dist-info already exists. Specify --upgrade to force replacement.
[2026-05-09T11:01:04.326+0000] {subprocess.py:93} INFO - WARNING: Target directory /tmp/***_deps/feedparser already exists. Specify --upgrade to force replacement.
[2026-05-09T11:01:04.327+0000] {subprocess.py:93} INFO - WARNING: Target directory /tmp/***_deps/pycparser-3.0.dist-info already exists. Specify --upgrade to force replacement.
[2026-05-09T11:01:04.328+0000] {subprocess.py:93} INFO - WARNING: Target directory /tmp/***_deps/typing_extensions.py already exists. Specify --upgrade to force replacement.
[2026-05-09T11:01:04.329+0000] {subprocess.py:93} INFO - WARNING: Target directory /tmp/***_deps/sgmllib3k-1.0.0.dist-info already exists. Specify --upgrade to force replacement.
[2026-05-09T11:01:04.330+0000] {subprocess.py:93} INFO - WARNING: Target directory /tmp/***_deps/argon2 already exists. Specify --upgrade to force replacement.
[2026-05-09T11:01:04.330+0000] {subprocess.py:93} INFO - WARNING: Target directory /tmp/***_deps/__pycache__ already exists. Specify --upgrade to force replacement.
[2026-05-09T11:01:04.331+0000] {subprocess.py:93} INFO - WARNING: Target directory /tmp/***_deps/_argon2_cffi_bindings already exists. Specify --upgrade to force replacement.
[2026-05-09T11:01:04.332+0000] {subprocess.py:93} INFO - WARNING: Target directory /tmp/***_deps/cffi-2.0.0.dist-info already exists. Specify --upgrade to force replacement.
[2026-05-09T11:01:04.332+0000] {subprocess.py:93} INFO - WARNING: Target directory /tmp/***_deps/_cffi_backend.cpython-311-x86_64-linux-gnu.so already exists. Specify --upgrade to force replacement.
[2026-05-09T11:01:04.333+0000] {subprocess.py:93} INFO - WARNING: Target directory /tmp/***_deps/certifi-2026.4.22.dist-info already exists. Specify --upgrade to force replacement.
[2026-05-09T11:01:04.333+0000] {subprocess.py:93} INFO - WARNING: Target directory /tmp/***_deps/pycparser already exists. Specify --upgrade to force replacement.
[2026-05-09T11:01:04.334+0000] {subprocess.py:93} INFO - WARNING: Target directory /tmp/***_deps/feedparser-6.0.12.dist-info already exists. Specify --upgrade to force replacement.
[2026-05-09T11:01:04.334+0000] {subprocess.py:93} INFO - WARNING: Target directory /tmp/***_deps/cffi already exists. Specify --upgrade to force replacement.
[2026-05-09T11:01:04.335+0000] {subprocess.py:93} INFO - WARNING: Target directory /tmp/***_deps/minio already exists. Specify --upgrade to force replacement.
[2026-05-09T11:01:04.335+0000] {subprocess.py:93} INFO - WARNING: Target directory /tmp/***_deps/argon2_cffi-25.1.0.dist-info already exists. Specify --upgrade to force replacement.
[2026-05-09T11:01:04.336+0000] {subprocess.py:93} INFO - WARNING: Target directory /tmp/***_deps/minio-7.2.20.dist-info already exists. Specify --upgrade to force replacement.
[2026-05-09T11:01:04.562+0000] {subprocess.py:93} INFO - 
[2026-05-09T11:01:04.563+0000] {subprocess.py:93} INFO - [notice] A new release of pip is available: 23.3.2 -> 26.1.1
[2026-05-09T11:01:04.564+0000] {subprocess.py:93} INFO - [notice] To update, run: python -m pip install --upgrade pip
[2026-05-09T11:01:05.994+0000] {subprocess.py:93} INFO - INFO:scripts.pipeline:=== SILVER LAYER: CLEANING & NORMALIZATION ===
[2026-05-09T11:01:06.106+0000] {subprocess.py:93} INFO - INFO:scripts.pipeline:Bucket already exists: bronze-articles
[2026-05-09T11:01:06.111+0000] {subprocess.py:93} INFO - INFO:scripts.pipeline:Bucket already exists: silver-articles
[2026-05-09T11:01:06.114+0000] {subprocess.py:93} INFO - INFO:scripts.pipeline:Bucket already exists: gold-analytics
[2026-05-09T11:01:06.144+0000] {subprocess.py:93} INFO - INFO:scripts.pipeline:Processing 52 articles for Silver layer
[2026-05-09T11:01:06.264+0000] {subprocess.py:93} INFO - INFO:scripts.pipeline:Uploaded articles_cleaned_20260509_110106.parquet to Silver layer (52 rows)
[2026-05-09T11:01:06.301+0000] {subprocess.py:93} INFO - 52
[2026-05-09T11:01:06.498+0000] {subprocess.py:97} INFO - Command exited with return code 0
[2026-05-09T11:01:06.533+0000] {taskinstance.py:1138} INFO - Marking task as SUCCESS. dag_id=mediapulse360_pipeline, task_id=transform_silver, execution_date=20260509T104506, start_date=20260509T110057, end_date=20260509T110106
[2026-05-09T11:01:06.566+0000] {local_task_job_runner.py:234} INFO - Task exited with return code 0
[2026-05-09T11:01:06.593+0000] {taskinstance.py:3280} INFO - 1 downstream tasks scheduled from follow-on schedule check
