[2026-05-09T11:34:27.693+0000] {local_task_job_runner.py:123} INFO - ::group::Pre task execution logs
[2026-05-09T11:34:27.748+0000] {taskinstance.py:2612} INFO - Dependencies all met for dep_context=non-requeueable deps ti=<TaskInstance: mediapulse360_pipeline.data_quality_check scheduled__2026-05-09T10:00:00+00:00 [queued]>
[2026-05-09T11:34:27.764+0000] {taskinstance.py:2612} INFO - Dependencies all met for dep_context=requeueable deps ti=<TaskInstance: mediapulse360_pipeline.data_quality_check scheduled__2026-05-09T10:00:00+00:00 [queued]>
[2026-05-09T11:34:27.766+0000] {taskinstance.py:2865} INFO - Starting attempt 1 of 3
[2026-05-09T11:34:27.794+0000] {taskinstance.py:2888} INFO - Executing <Task(BashOperator): data_quality_check> on 2026-05-09 10:00:00+00:00
[2026-05-09T11:34:27.809+0000] {standard_task_runner.py:72} INFO - Started process 327 to run task
[2026-05-09T11:34:27.813+0000] {standard_task_runner.py:104} INFO - Running: ['***', 'tasks', 'run', 'mediapulse360_pipeline', 'data_quality_check', 'scheduled__2026-05-09T10:00:00+00:00', '--job-id', '95', '--raw', '--subdir', 'DAGS_FOLDER/mediapulse360_pipeline.py', '--cfg-path', '/tmp/tmpfu8q4acb']
[2026-05-09T11:34:27.818+0000] {standard_task_runner.py:105} INFO - Job 95: Subtask data_quality_check
[2026-05-09T11:34:28.034+0000] {task_command.py:467} INFO - Running <TaskInstance: mediapulse360_pipeline.data_quality_check scheduled__2026-05-09T10:00:00+00:00 [running]> on host 5834df99e713
[2026-05-09T11:34:28.380+0000] {taskinstance.py:3131} INFO - Exporting env vars: AIRFLOW_CTX_DAG_OWNER='data-eng' AIRFLOW_CTX_DAG_ID='mediapulse360_pipeline' AIRFLOW_CTX_TASK_ID='data_quality_check' AIRFLOW_CTX_EXECUTION_DATE='2026-05-09T10:00:00+00:00' AIRFLOW_CTX_TRY_NUMBER='1' AIRFLOW_CTX_DAG_RUN_ID='scheduled__2026-05-09T10:00:00+00:00'
[2026-05-09T11:34:28.396+0000] {taskinstance.py:731} INFO - ::endgroup::
[2026-05-09T11:34:28.444+0000] {subprocess.py:63} INFO - Tmp dir root location: /tmp
[2026-05-09T11:34:28.451+0000] {subprocess.py:75} INFO - Running command: ['/usr/bin/bash', '-c', 'cd /opt/project && python -c "from scripts.quality import run_quality_checks; import json; print(json.dumps(run_quality_checks(), ensure_ascii=False))"']
[2026-05-09T11:34:28.510+0000] {subprocess.py:86} INFO - Output:
[2026-05-09T11:34:31.111+0000] {subprocess.py:93} INFO - {"timestamp": "2026-05-09T11:34:30.991201", "checks": [{"name": "articles_detail.title_null", "status": "PASS", "value": 0}, {"name": "articles_detail.author_null", "status": "WARN", "value": 26}, {"name": "articles_detail.content_null", "status": "WARN", "value": 46}, {"name": "orphaned_audit_records", "status": "PASS", "value": 0}, {"name": "invalid_dates", "status": "PASS", "value": 0}, {"name": "negative_lengths", "status": "PASS", "value": 0}, {"name": "invalid_scores", "status": "PASS", "value": 0}], "status": "PASS", "summary": {"total_checks": 7, "passed": 5, "failed": 2, "pass_rate": 71.42857142857143}}
[2026-05-09T11:34:31.196+0000] {subprocess.py:97} INFO - Command exited with return code 0
[2026-05-09T11:34:31.290+0000] {taskinstance.py:340} INFO - ::group::Post task execution logs
[2026-05-09T11:34:31.292+0000] {taskinstance.py:352} INFO - Marking task as SUCCESS. dag_id=mediapulse360_pipeline, task_id=data_quality_check, run_id=scheduled__2026-05-09T10:00:00+00:00, execution_date=20260509T100000, start_date=20260509T113427, end_date=20260509T113431
[2026-05-09T11:34:31.367+0000] {local_task_job_runner.py:266} INFO - Task exited with return code 0
[2026-05-09T11:34:31.409+0000] {taskinstance.py:3900} INFO - 0 downstream tasks scheduled from follow-on schedule check
[2026-05-09T11:34:31.412+0000] {local_task_job_runner.py:245} INFO - ::endgroup::
