[2026-05-09T14:00:00.853+0000] {local_task_job_runner.py:123} INFO - ::group::Pre task execution logs
[2026-05-09T14:00:00.872+0000] {taskinstance.py:2612} INFO - Dependencies all met for dep_context=non-requeueable deps ti=<TaskInstance: mediapulse360_pipeline.extract_bronze scheduled__2026-05-09T13:00:00+00:00 [queued]>
[2026-05-09T14:00:00.883+0000] {taskinstance.py:2612} INFO - Dependencies all met for dep_context=requeueable deps ti=<TaskInstance: mediapulse360_pipeline.extract_bronze scheduled__2026-05-09T13:00:00+00:00 [queued]>
[2026-05-09T14:00:00.885+0000] {taskinstance.py:2865} INFO - Starting attempt 1 of 3
[2026-05-09T14:00:00.898+0000] {taskinstance.py:2888} INFO - Executing <Task(BashOperator): extract_bronze> on 2026-05-09 13:00:00+00:00
[2026-05-09T14:00:00.905+0000] {standard_task_runner.py:72} INFO - Started process 665 to run task
[2026-05-09T14:00:00.913+0000] {standard_task_runner.py:104} INFO - Running: ['***', 'tasks', 'run', 'mediapulse360_pipeline', 'extract_bronze', 'scheduled__2026-05-09T13:00:00+00:00', '--job-id', '116', '--raw', '--subdir', 'DAGS_FOLDER/mediapulse360_pipeline.py', '--cfg-path', '/tmp/tmpgtjhc7hd']
[2026-05-09T14:00:00.919+0000] {standard_task_runner.py:105} INFO - Job 116: Subtask extract_bronze
[2026-05-09T14:00:01.024+0000] {task_command.py:467} INFO - Running <TaskInstance: mediapulse360_pipeline.extract_bronze scheduled__2026-05-09T13:00:00+00:00 [running]> on host 8eea0feb297a
[2026-05-09T14:00:01.176+0000] {taskinstance.py:3131} INFO - Exporting env vars: AIRFLOW_CTX_DAG_OWNER='data-eng' AIRFLOW_CTX_DAG_ID='mediapulse360_pipeline' AIRFLOW_CTX_TASK_ID='extract_bronze' AIRFLOW_CTX_EXECUTION_DATE='2026-05-09T13:00:00+00:00' AIRFLOW_CTX_TRY_NUMBER='1' AIRFLOW_CTX_DAG_RUN_ID='scheduled__2026-05-09T13:00:00+00:00'
[2026-05-09T14:00:01.194+0000] {taskinstance.py:731} INFO - ::endgroup::
[2026-05-09T14:00:01.211+0000] {subprocess.py:63} INFO - Tmp dir root location: /tmp
[2026-05-09T14:00:01.212+0000] {subprocess.py:75} INFO - Running command: ['/usr/bin/bash', '-c', 'python -m pip install --quiet --target /tmp/***_deps minio feedparser && export PYTHONPATH=/tmp/***_deps:$PYTHONPATH && cd /opt/project && python scripts/run_batch_insert.py']
[2026-05-09T14:00:01.241+0000] {subprocess.py:86} INFO - Output:
[2026-05-09T14:00:07.530+0000] {subprocess.py:93} INFO - ERROR: pip's dependency resolver does not currently take into account all the packages that are installed. This behaviour is the source of the following dependency conflicts.
[2026-05-09T14:00:07.533+0000] {subprocess.py:93} INFO - snowflake-connector-python 3.12.2 requires cffi<2.0.0,>=1.9, but you have cffi 2.0.0 which is incompatible.
[2026-05-09T14:00:07.534+0000] {subprocess.py:93} INFO - WARNING: Target directory /tmp/***_deps/Crypto already exists. Specify --upgrade to force replacement.
[2026-05-09T14:00:07.535+0000] {subprocess.py:93} INFO - WARNING: Target directory /tmp/***_deps/urllib3 already exists. Specify --upgrade to force replacement.
[2026-05-09T14:00:07.536+0000] {subprocess.py:93} INFO - WARNING: Target directory /tmp/***_deps/typing_extensions-4.15.0.dist-info already exists. Specify --upgrade to force replacement.
[2026-05-09T14:00:07.536+0000] {subprocess.py:93} INFO - WARNING: Target directory /tmp/***_deps/pycryptodome-3.23.0.dist-info already exists. Specify --upgrade to force replacement.
[2026-05-09T14:00:07.537+0000] {subprocess.py:93} INFO - WARNING: Target directory /tmp/***_deps/sgmllib.py already exists. Specify --upgrade to force replacement.
[2026-05-09T14:00:07.537+0000] {subprocess.py:93} INFO - WARNING: Target directory /tmp/***_deps/certifi already exists. Specify --upgrade to force replacement.
[2026-05-09T14:00:07.538+0000] {subprocess.py:93} INFO - WARNING: Target directory /tmp/***_deps/argon2_cffi_bindings-25.1.0.dist-info already exists. Specify --upgrade to force replacement.
[2026-05-09T14:00:07.539+0000] {subprocess.py:93} INFO - WARNING: Target directory /tmp/***_deps/urllib3-2.7.0.dist-info already exists. Specify --upgrade to force replacement.
[2026-05-09T14:00:07.539+0000] {subprocess.py:93} INFO - WARNING: Target directory /tmp/***_deps/feedparser already exists. Specify --upgrade to force replacement.
[2026-05-09T14:00:07.540+0000] {subprocess.py:93} INFO - WARNING: Target directory /tmp/***_deps/pycparser-3.0.dist-info already exists. Specify --upgrade to force replacement.
[2026-05-09T14:00:07.541+0000] {subprocess.py:93} INFO - WARNING: Target directory /tmp/***_deps/typing_extensions.py already exists. Specify --upgrade to force replacement.
[2026-05-09T14:00:07.542+0000] {subprocess.py:93} INFO - WARNING: Target directory /tmp/***_deps/sgmllib3k-1.0.0.dist-info already exists. Specify --upgrade to force replacement.
[2026-05-09T14:00:07.543+0000] {subprocess.py:93} INFO - WARNING: Target directory /tmp/***_deps/argon2 already exists. Specify --upgrade to force replacement.
[2026-05-09T14:00:07.543+0000] {subprocess.py:93} INFO - WARNING: Target directory /tmp/***_deps/__pycache__ already exists. Specify --upgrade to force replacement.
[2026-05-09T14:00:07.544+0000] {subprocess.py:93} INFO - WARNING: Target directory /tmp/***_deps/_argon2_cffi_bindings already exists. Specify --upgrade to force replacement.
[2026-05-09T14:00:07.545+0000] {subprocess.py:93} INFO - WARNING: Target directory /tmp/***_deps/cffi-2.0.0.dist-info already exists. Specify --upgrade to force replacement.
[2026-05-09T14:00:07.546+0000] {subprocess.py:93} INFO - WARNING: Target directory /tmp/***_deps/_cffi_backend.cpython-311-x86_64-linux-gnu.so already exists. Specify --upgrade to force replacement.
[2026-05-09T14:00:07.546+0000] {subprocess.py:93} INFO - WARNING: Target directory /tmp/***_deps/certifi-2026.4.22.dist-info already exists. Specify --upgrade to force replacement.
[2026-05-09T14:00:07.547+0000] {subprocess.py:93} INFO - WARNING: Target directory /tmp/***_deps/pycparser already exists. Specify --upgrade to force replacement.
[2026-05-09T14:00:07.548+0000] {subprocess.py:93} INFO - WARNING: Target directory /tmp/***_deps/feedparser-6.0.12.dist-info already exists. Specify --upgrade to force replacement.
[2026-05-09T14:00:07.548+0000] {subprocess.py:93} INFO - WARNING: Target directory /tmp/***_deps/cffi already exists. Specify --upgrade to force replacement.
[2026-05-09T14:00:07.549+0000] {subprocess.py:93} INFO - WARNING: Target directory /tmp/***_deps/minio already exists. Specify --upgrade to force replacement.
[2026-05-09T14:00:07.549+0000] {subprocess.py:93} INFO - WARNING: Target directory /tmp/***_deps/argon2_cffi-25.1.0.dist-info already exists. Specify --upgrade to force replacement.
[2026-05-09T14:00:07.550+0000] {subprocess.py:93} INFO - WARNING: Target directory /tmp/***_deps/minio-7.2.20.dist-info already exists. Specify --upgrade to force replacement.
[2026-05-09T14:00:07.573+0000] {subprocess.py:93} INFO - 
[2026-05-09T14:00:07.574+0000] {subprocess.py:93} INFO - [notice] A new release of pip is available: 24.2 -> 26.1.1
[2026-05-09T14:00:07.575+0000] {subprocess.py:93} INFO - [notice] To update, run: pip install --upgrade pip
[2026-05-09T14:00:22.180+0000] {subprocess.py:93} INFO - 2026-05-09 14:00:22,180 INFO Upserting 50 articles
[2026-05-09T14:00:28.977+0000] {job.py:229} INFO - Heartbeat recovered after 12.91 seconds
[2026-05-09T14:00:37.891+0000] {subprocess.py:93} INFO - 2026-05-09 14:00:37,417 INFO Upsert complete: 50 articles
[2026-05-09T14:00:41.636+0000] {subprocess.py:93} INFO - Scraped 50 articles
[2026-05-09T14:00:42.112+0000] {subprocess.py:97} INFO - Command exited with return code 0
[2026-05-09T14:00:42.526+0000] {job.py:229} INFO - Heartbeat recovered after 20.97 seconds
[2026-05-09T14:00:44.737+0000] {taskinstance.py:340} INFO - ::group::Post task execution logs
[2026-05-09T14:00:44.740+0000] {taskinstance.py:352} INFO - Marking task as SUCCESS. dag_id=mediapulse360_pipeline, task_id=extract_bronze, run_id=scheduled__2026-05-09T13:00:00+00:00, execution_date=20260509T130000, start_date=20260509T140000, end_date=20260509T140044
[2026-05-09T14:00:44.870+0000] {local_task_job_runner.py:266} INFO - Task exited with return code 0
[2026-05-09T14:00:44.936+0000] {taskinstance.py:3900} INFO - 1 downstream tasks scheduled from follow-on schedule check
[2026-05-09T14:00:45.124+0000] {local_task_job_runner.py:245} INFO - ::endgroup::
